Archive member included to satisfy reference by file (symbol)

../Middlewares/ST/ARM/DSP/Lib\libarm_cortexM4lf_math.a(arm_mean_f32.o)
                              ./Core/Src/FFT.o (arm_mean_f32)
../Middlewares/ST/ARM/DSP/Lib\libarm_cortexM4lf_math.a(arm_max_f32.o)
                              ./Core/Src/FFT.o (arm_max_f32)
../Middlewares/ST/ARM/DSP/Lib\libarm_cortexM4lf_math.a(arm_rfft_fast_init_f32.o)
                              ./Core/Src/main.o (arm_rfft_fast_init_f32)
../Middlewares/ST/ARM/DSP/Lib\libarm_cortexM4lf_math.a(arm_rfft_fast_f32.o)
                              ./Core/Src/FFT.o (arm_rfft_fast_f32)
../Middlewares/ST/ARM/DSP/Lib\libarm_cortexM4lf_math.a(arm_cfft_f32.o)
                              ../Middlewares/ST/ARM/DSP/Lib\libarm_cortexM4lf_math.a(arm_rfft_fast_f32.o) (arm_cfft_f32)
../Middlewares/ST/ARM/DSP/Lib\libarm_cortexM4lf_math.a(arm_bitreversal2.o)
                              ../Middlewares/ST/ARM/DSP/Lib\libarm_cortexM4lf_math.a(arm_cfft_f32.o) (arm_bitreversal_32)
../Middlewares/ST/ARM/DSP/Lib\libarm_cortexM4lf_math.a(arm_common_tables.o)
                              ../Middlewares/ST/ARM/DSP/Lib\libarm_cortexM4lf_math.a(arm_rfft_fast_init_f32.o) (twiddleCoef_rfft_4096)
../Middlewares/ST/ARM/DSP/Lib\libarm_cortexM4lf_math.a(arm_cfft_radix8_f32.o)
                              ../Middlewares/ST/ARM/DSP/Lib\libarm_cortexM4lf_math.a(arm_cfft_f32.o) (arm_radix8_butterfly_f32)
C:/ST/STM32CubeIDE_1.13.2/STM32CubeIDE/plugins/com.st.stm32cube.ide.mcu.externaltools.gnu-tools-for-stm32.11.3.rel1.win32_1.1.100.202309141235/tools/bin/../lib/gcc/arm-none-eabi/11.3.1/../../../../arm-none-eabi/lib/thumb/v7e-m+fp/hard\libc_nano.a(libc_a-exit.o)
                              C:/ST/STM32CubeIDE_1.13.2/STM32CubeIDE/plugins/com.st.stm32cube.ide.mcu.externaltools.gnu-tools-for-stm32.11.3.rel1.win32_1.1.100.202309141235/tools/bin/../lib/gcc/arm-none-eabi/11.3.1/../../../../arm-none-eabi/lib/thumb/v7e-m+fp/hard/crt0.o (exit)
C:/ST/STM32CubeIDE_1.13.2/STM32CubeIDE/plugins/com.st.stm32cube.ide.mcu.externaltools.gnu-tools-for-stm32.11.3.rel1.win32_1.1.100.202309141235/tools/bin/../lib/gcc/arm-none-eabi/11.3.1/../../../../arm-none-eabi/lib/thumb/v7e-m+fp/hard\libc_nano.a(libc_a-rand.o)
                              ./Core/Src/main.o (srand)
C:/ST/STM32CubeIDE_1.13.2/STM32CubeIDE/plugins/com.st.stm32cube.ide.mcu.externaltools.gnu-tools-for-stm32.11.3.rel1.win32_1.1.100.202309141235/tools/bin/../lib/gcc/arm-none-eabi/11.3.1/../../../../arm-none-eabi/lib/thumb/v7e-m+fp/hard\libc_nano.a(libc_a-findfp.o)
                              C:/ST/STM32CubeIDE_1.13.2/STM32CubeIDE/plugins/com.st.stm32cube.ide.mcu.externaltools.gnu-tools-for-stm32.11.3.rel1.win32_1.1.100.202309141235/tools/bin/../lib/gcc/arm-none-eabi/11.3.1/../../../../arm-none-eabi/lib/thumb/v7e-m+fp/hard\libc_nano.a(libc_a-exit.o) (__stdio_exit_handler)
C:/ST/STM32CubeIDE_1.13.2/STM32CubeIDE/plugins/com.st.stm32cube.ide.mcu.externaltools.gnu-tools-for-stm32.11.3.rel1.win32_1.1.100.202309141235/tools/bin/../lib/gcc/arm-none-eabi/11.3.1/../../../../arm-none-eabi/lib/thumb/v7e-m+fp/hard\libc_nano.a(libc_a-fwalk.o)
                              C:/ST/STM32CubeIDE_1.13.2/STM32CubeIDE/plugins/com.st.stm32cube.ide.mcu.externaltools.gnu-tools-for-stm32.11.3.rel1.win32_1.1.100.202309141235/tools/bin/../lib/gcc/arm-none-eabi/11.3.1/../../../../arm-none-eabi/lib/thumb/v7e-m+fp/hard\libc_nano.a(libc_a-findfp.o) (_fwalk_sglue)
C:/ST/STM32CubeIDE_1.13.2/STM32CubeIDE/plugins/com.st.stm32cube.ide.mcu.externaltools.gnu-tools-for-stm32.11.3.rel1.win32_1.1.100.202309141235/tools/bin/../lib/gcc/arm-none-eabi/11.3.1/../../../../arm-none-eabi/lib/thumb/v7e-m+fp/hard\libc_nano.a(libc_a-putchar.o)
                              ./Core/Src/u8g2/u8x8_d_stdio.o (putchar)
C:/ST/STM32CubeIDE_1.13.2/STM32CubeIDE/plugins/com.st.stm32cube.ide.mcu.externaltools.gnu-tools-for-stm32.11.3.rel1.win32_1.1.100.202309141235/tools/bin/../lib/gcc/arm-none-eabi/11.3.1/../../../../arm-none-eabi/lib/thumb/v7e-m+fp/hard\libc_nano.a(libc_a-stdio.o)
                              C:/ST/STM32CubeIDE_1.13.2/STM32CubeIDE/plugins/com.st.stm32cube.ide.mcu.externaltools.gnu-tools-for-stm32.11.3.rel1.win32_1.1.100.202309141235/tools/bin/../lib/gcc/arm-none-eabi/11.3.1/../../../../arm-none-eabi/lib/thumb/v7e-m+fp/hard\libc_nano.a(libc_a-findfp.o) (__sread)
C:/ST/STM32CubeIDE_1.13.2/STM32CubeIDE/plugins/com.st.stm32cube.ide.mcu.externaltools.gnu-tools-for-stm32.11.3.rel1.win32_1.1.100.202309141235/tools/bin/../lib/gcc/arm-none-eabi/11.3.1/../../../../arm-none-eabi/lib/thumb/v7e-m+fp/hard\libc_nano.a(libc_a-memset.o)
                              C:/ST/STM32CubeIDE_1.13.2/STM32CubeIDE/plugins/com.st.stm32cube.ide.mcu.externaltools.gnu-tools-for-stm32.11.3.rel1.win32_1.1.100.202309141235/tools/bin/../lib/gcc/arm-none-eabi/11.3.1/../../../../arm-none-eabi/lib/thumb/v7e-m+fp/hard/crt0.o (memset)
[...]
Memory Configuration

Name             Origin             Length             Attributes
RAM              0x0000000020000000 0x0000000000010000 xrw
FLASH            0x0000000008000000 0x0000000000040000 xr
*default*        0x0000000000000000 0xffffffffffffffff

Linker script and memory map

LOAD C:/ST/STM32CubeIDE_1.13.2/STM32CubeIDE/plugins/com.st.stm32cube.ide.mcu.externaltools.gnu-tools-for-stm32.11.3.rel1.win32_1.1.100.202309141235/tools/bin/../lib/gcc/arm-none-eabi/11.3.1/thumb/v7e-m+fp/hard/crti.o
LOAD C:/ST/STM32CubeIDE_1.13.2/STM32CubeIDE/plugins/com.st.stm32cube.ide.mcu.externaltools.gnu-tools-for-stm32.11.3.rel1.win32_1.1.100.202309141235/tools/bin/../lib/gcc/arm-none-eabi/11.3.1/thumb/v7e-m+fp/hard/crtbegin.o
LOAD C:/ST/STM32CubeIDE_1.13.2/STM32CubeIDE/plugins/com.st.stm32cube.ide.mcu.externaltools.gnu-tools-for-stm32.11.3.rel1.win32_1.1.100.202309141235/tools/bin/../lib/gcc/arm-none-eabi/11.3.1/../../../../arm-none-eabi/lib/thumb/v7e-m+fp/hard/crt0.o
LOAD ./Core/Src/FFT.o
LOAD ./Core/Src/callbacks.o
LOAD ./Core/Src/dma.o
LOAD ./Core/Src/gettimeofday.o
LOAD ./Core/Src/global_variables.o
LOAD ./Core/Src/gpio.o
LOAD ./Core/Src/i2c.o
LOAD ./Core/Src/i2s.o
LOAD ./Core/Src/main.o
LOAD ./Core/Src/spi.o
LOAD ./Core/Src/ssd1306.o
LOAD ./Core/Src/stm32f4xx_hal_msp.o
LOAD ./Core/Src/stm32f4xx_it.o
LOAD ./Core/Src/syscalls.o
LOAD ./Core/Src/sysmem.o
LOAD ./Core/Src/system_stm32f4xx.o
LOAD ./Core/Src/u8g2_stm32f4.o
LOAD ./Core/Src/st7735/fonts.o
LOAD ./Core/Src/st7735/st7735.o
LOAD ./Core/Src/u8g2/u8g2_bitmap.o
LOAD ./Core/Src/u8g2/u8g2_box.o
LOAD ./Core/Src/u8g2/u8g2_buffer.o
LOAD ./Core/Src/u8g2/u8g2_circle.o
LOAD ./Core/Src/u8g2/u8g2_cleardisplay.o
LOAD ./Core/Src/u8g2/u8g2_d_memory.o
LOAD ./Core/Src/u8g2/u8g2_d_setup.o
LOAD ./Core/Src/u8g2/u8g2_font.o
LOAD ./Core/Src/u8g2/u8g2_fonts.o
LOAD ./Core/Src/u8g2/u8g2_hvline.o
LOAD ./Core/Src/u8g2/u8g2_input_value.o
LOAD ./Core/Src/u8g2/u8g2_intersection.o
LOAD ./Core/Src/u8g2/u8g2_kerning.o
LOAD ./Core/Src/u8g2/u8g2_line.o
LOAD ./Core/Src/u8g2/u8g2_ll_hvline.o
LOAD ./Core/Src/u8g2/u8g2_message.o
LOAD ./Core/Src/u8g2/u8g2_polygon.o
LOAD ./Core/Src/u8g2/u8g2_selection_list.o
LOAD ./Core/Src/u8g2/u8g2_setup.o
LOAD ./Core/Src/u8g2/u8log.o
LOAD ./Core/Src/u8g2/u8log_u8g2.o
LOAD ./Core/Src/u8g2/u8log_u8x8.o
LOAD ./Core/Src/u8g2/u8x8_8x8.o
LOAD ./Core/Src/u8g2/u8x8_byte.o
LOAD ./Core/Src/u8g2/u8x8_cad.o
LOAD ./Core/Src/u8g2/u8x8_d_a2printer.o
LOAD ./Core/Src/u8g2/u8x8_d_il3820_296x128.o
LOAD ./Core/Src/u8g2/u8x8_d_ist3020.o
LOAD ./Core/Src/u8g2/u8x8_d_ks0108.o
LOAD ./Core/Src/u8g2/u8x8_d_lc7981.o
LOAD ./Core/Src/u8g2/u8x8_d_ld7032_60x32.o
LOAD ./Core/Src/u8g2/u8x8_d_ls013b7dh03.o
LOAD ./Core/Src/u8g2/u8x8_d_max7219.o
LOAD ./Core/Src/u8g2/u8x8_d_pcd8544_84x48.o
LOAD ./Core/Src/u8g2/u8x8_d_pcf8812.o
LOAD ./Core/Src/u8g2/u8x8_d_pcf8814_hx1230.o
LOAD ./Core/Src/u8g2/u8x8_d_sbn1661.o
LOAD ./Core/Src/u8g2/u8x8_d_sed1330.o
LOAD ./Core/Src/u8g2/u8x8_d_sh1106_64x32.o
LOAD ./Core/Src/u8g2/u8x8_d_sh1106_72x40.o
LOAD ./Core/Src/u8g2/u8x8_d_sh1107.o
LOAD ./Core/Src/u8g2/u8x8_d_sh1108.o
LOAD ./Core/Src/u8g2/u8x8_d_sh1122.o
LOAD ./Core/Src/u8g2/u8x8_d_ssd1305.o
LOAD ./Core/Src/u8g2/u8x8_d_ssd1306_128x32.o
LOAD ./Core/Src/u8g2/u8x8_d_ssd1306_128x64_noname.o
LOAD ./Core/Src/u8g2/u8x8_d_ssd1306_48x64.o
LOAD ./Core/Src/u8g2/u8x8_d_ssd1306_64x32.o
LOAD ./Core/Src/u8g2/u8x8_d_ssd1306_64x48.o
LOAD ./Core/Src/u8g2/u8x8_d_ssd1306_96x16.o
LOAD ./Core/Src/u8g2/u8x8_d_ssd1309.o
LOAD ./Core/Src/u8g2/u8x8_d_ssd1317.o
LOAD ./Core/Src/u8g2/u8x8_d_ssd1318.o
LOAD ./Core/Src/u8g2/u8x8_d_ssd1322.o
LOAD ./Core/Src/u8g2/u8x8_d_ssd1325.o
LOAD ./Core/Src/u8g2/u8x8_d_ssd1326.o
LOAD ./Core/Src/u8g2/u8x8_d_ssd1327.o
LOAD ./Core/Src/u8g2/u8x8_d_ssd1329.o
LOAD ./Core/Src/u8g2/u8x8_d_ssd1606_172x72.o
LOAD ./Core/Src/u8g2/u8x8_d_ssd1607_200x200.o
LOAD ./Core/Src/u8g2/u8x8_d_st75256.o
LOAD ./Core/Src/u8g2/u8x8_d_st7565.o
LOAD ./Core/Src/u8g2/u8x8_d_st7567.o
LOAD ./Core/Src/u8g2/u8x8_d_st7586s_erc240160.o
LOAD ./Core/Src/u8g2/u8x8_d_st7586s_s028hn118a.o
LOAD ./Core/Src/u8g2/u8x8_d_st7588.o
LOAD ./Core/Src/u8g2/u8x8_d_st7920.o
LOAD ./Core/Src/u8g2/u8x8_d_stdio.o
LOAD ./Core/Src/u8g2/u8x8_d_t6963.o
LOAD ./Core/Src/u8g2/u8x8_d_uc1601.o
LOAD ./Core/Src/u8g2/u8x8_d_uc1604.o
LOAD ./Core/Src/u8g2/u8x8_d_uc1608.o
LOAD ./Core/Src/u8g2/u8x8_d_uc1610.o
LOAD ./Core/Src/u8g2/u8x8_d_uc1611.o
LOAD ./Core/Src/u8g2/u8x8_d_uc1617.o
LOAD ./Core/Src/u8g2/u8x8_d_uc1638.o
LOAD ./Core/Src/u8g2/u8x8_d_uc1701_dogs102.o
LOAD ./Core/Src/u8g2/u8x8_d_uc1701_mini12864.o
LOAD ./Core/Src/u8g2/u8x8_debounce.o
LOAD ./Core/Src/u8g2/u8x8_display.o
LOAD ./Core/Src/u8g2/u8x8_fonts.o
LOAD ./Core/Src/u8g2/u8x8_gpio.o
LOAD ./Core/Src/u8g2/u8x8_input_value.o
LOAD ./Core/Src/u8g2/u8x8_message.o
LOAD ./Core/Src/u8g2/u8x8_selection_list.o
LOAD ./Core/Src/u8g2/u8x8_setup.o
LOAD ./Core/Src/u8g2/u8x8_string.o
LOAD ./Core/Src/u8g2/u8x8_u16toa.o
LOAD ./Core/Src/u8g2/u8x8_u8toa.o
LOAD ./Core/Startup/startup_stm32f401ccux.o
LOAD ./Drivers/STM32F4xx_HAL_Driver/Src/stm32f4xx_hal.o
LOAD ./Drivers/STM32F4xx_HAL_Driver/Src/stm32f4xx_hal_cortex.o
LOAD ./Drivers/STM32F4xx_HAL_Driver/Src/stm32f4xx_hal_dma.o
LOAD ./Drivers/STM32F4xx_HAL_Driver/Src/stm32f4xx_hal_dma_ex.o
LOAD ./Drivers/STM32F4xx_HAL_Driver/Src/stm32f4xx_hal_exti.o
LOAD ./Drivers/STM32F4xx_HAL_Driver/Src/stm32f4xx_hal_flash.o
LOAD ./Drivers/STM32F4xx_HAL_Driver/Src/stm32f4xx_hal_flash_ex.o
LOAD ./Drivers/STM32F4xx_HAL_Driver/Src/stm32f4xx_hal_flash_ramfunc.o
LOAD ./Drivers/STM32F4xx_HAL_Driver/Src/stm32f4xx_hal_gpio.o
LOAD ./Drivers/STM32F4xx_HAL_Driver/Src/stm32f4xx_hal_i2c.o
LOAD ./Drivers/STM32F4xx_HAL_Driver/Src/stm32f4xx_hal_i2c_ex.o
LOAD ./Drivers/STM32F4xx_HAL_Driver/Src/stm32f4xx_hal_i2s.o
LOAD ./Drivers/STM32F4xx_HAL_Driver/Src/stm32f4xx_hal_i2s_ex.o
LOAD ./Drivers/STM32F4xx_HAL_Driver/Src/stm32f4xx_hal_pwr.o
LOAD ./Drivers/STM32F4xx_HAL_Driver/Src/stm32f4xx_hal_pwr_ex.o
LOAD ./Drivers/STM32F4xx_HAL_Driver/Src/stm32f4xx_hal_rcc.o
LOAD ./Drivers/STM32F4xx_HAL_Driver/Src/stm32f4xx_hal_rcc_ex.o
LOAD ./Drivers/STM32F4xx_HAL_Driver/Src/stm32f4xx_hal_spi.o
LOAD ./Drivers/STM32F4xx_HAL_Driver/Src/stm32f4xx_hal_tim.o
LOAD ./Drivers/STM32F4xx_HAL_Driver/Src/stm32f4xx_hal_tim_ex.o
LOAD ../Middlewares/ST/ARM/DSP/Lib\libarm_cortexM4lf_math.a
START GROUP
LOAD C:/ST/STM32CubeIDE_1.13.2/STM32CubeIDE/plugins/com.st.stm32cube.ide.mcu.externaltools.gnu-tools-for-stm32.11.3.rel1.win32_1.1.100.202309141235/tools/bin/../lib/gcc/arm-none-eabi/11.3.1/../../../../arm-none-eabi/lib/thumb/v7e-m+fp/hard\libc_nano.a
LOAD C:/ST/STM32CubeIDE_1.13.2/STM32CubeIDE/plugins/com.st.stm32cube.ide.mcu.externaltools.gnu-tools-for-stm32.11.3.rel1.win32_1.1.100.202309141235/tools/bin/../lib/gcc/arm-none-eabi/11.3.1/../../../../arm-none-eabi/lib/thumb/v7e-m+fp/hard\libm.a
END GROUP
START GROUP
LOAD C:/ST/STM32CubeIDE_1.13.2/STM32CubeIDE/plugins/com.st.stm32cube.ide.mcu.externaltools.gnu-tools-for-stm32.11.3.rel1.win32_1.1.100.202309141235/tools/bin/../lib/gcc/arm-none-eabi/11.3.1/thumb/v7e-m+fp/hard\libgcc.a
LOAD C:/ST/STM32CubeIDE_1.13.2/STM32CubeIDE/plugins/com.st.stm32cube.ide.mcu.externaltools.gnu-tools-for-stm32.11.3.rel1.win32_1.1.100.202309141235/tools/bin/../lib/gcc/arm-none-eabi/11.3.1/../../../../arm-none-eabi/lib/thumb/v7e-m+fp/hard\libc_nano.a
END GROUP
START GROUP
LOAD C:/ST/STM32CubeIDE_1.13.2/STM32CubeIDE/plugins/com.st.stm32cube.ide.mcu.externaltools.gnu-tools-for-stm32.11.3.rel1.win32_1.1.100.202309141235/tools/bin/../lib/gcc/arm-none-eabi/11.3.1/thumb/v7e-m+fp/hard\libgcc.a
LOAD C:/ST/STM32CubeIDE_1.13.2/STM32CubeIDE/plugins/com.st.stm32cube.ide.mcu.externaltools.gnu-tools-for-stm32.11.3.rel1.win32_1.1.100.202309141235/tools/bin/../lib/gcc/arm-none-eabi/11.3.1/../../../../arm-none-eabi/lib/thumb/v7e-m+fp/hard\libc_nano.a
LOAD C:/ST/STM32CubeIDE_1.13.2/STM32CubeIDE/plugins/com.st.stm32cube.ide.mcu.externaltools.gnu-tools-for-stm32.11.3.rel1.win32_1.1.100.202309141235/tools/bin/../lib/gcc/arm-none-eabi/11.3.1/../../../../arm-none-eabi/lib/thumb/v7e-m+fp/hard\libnosys.a
END GROUP
START GROUP
LOAD C:/ST/STM32CubeIDE_1.13.2/STM32CubeIDE/plugins/com.st.stm32cube.ide.mcu.externaltools.gnu-tools-for-stm32.11.3.rel1.win32_1.1.100.202309141235/tools/bin/../lib/gcc/arm-none-eabi/11.3.1/thumb/v7e-m+fp/hard\libgcc.a
LOAD C:/ST/STM32CubeIDE_1.13.2/STM32CubeIDE/plugins/com.st.stm32cube.ide.mcu.externaltools.gnu-tools-for-stm32.11.3.rel1.win32_1.1.100.202309141235/tools/bin/../lib/gcc/arm-none-eabi/11.3.1/../../../../arm-none-eabi/lib/thumb/v7e-m+fp/hard\libc_nano.a
LOAD C:/ST/STM32CubeIDE_1.13.2/STM32CubeIDE/plugins/com.st.stm32cube.ide.mcu.externaltools.gnu-tools-for-stm32.11.3.rel1.win32_1.1.100.202309141235/tools/bin/../lib/gcc/arm-none-eabi/11.3.1/../../../../arm-none-eabi/lib/thumb/v7e-m+fp/hard\libnosys.a
END GROUP
LOAD C:/ST/STM32CubeIDE_1.13.2/STM32CubeIDE/plugins/com.st.stm32cube.ide.mcu.externaltools.gnu-tools-for-stm32.11.3.rel1.win32_1.1.100.202309141235/tools/bin/../lib/gcc/arm-none-eabi/11.3.1/thumb/v7e-m+fp/hard/crtend.o
LOAD C:/ST/STM32CubeIDE_1.13.2/STM32CubeIDE/plugins/com.st.stm32cube.ide.mcu.externaltools.gnu-tools-for-stm32.11.3.rel1.win32_1.1.100.202309141235/tools/bin/../lib/gcc/arm-none-eabi/11.3.1/thumb/v7e-m+fp/hard/crtn.o
                0x0000000020010000                _estack = (ORIGIN (RAM) + LENGTH (RAM))
                0x0000000000000200                _Min_Heap_Size = 0x200
                0x0000000000000400                _Min_Stack_Size = 0x400

.isr_vector     0x0000000008000000      0x194
                0x0000000008000000                . = ALIGN (0x4)
 *(.isr_vector)
 .isr_vector    0x0000000008000000      0x194 ./Core/Startup/startup_stm32f401ccux.o
                0x0000000008000000                g_pfnVectors
                0x0000000008000194                . = ALIGN (0x4)

.text           0x00000000080001a0     0x585c
                0x00000000080001a0                . = ALIGN (0x4)
 *(.text)
 .text          0x00000000080001a0       0x40 C:/ST/STM32CubeIDE_1.13.2/STM32CubeIDE/plugins/com.st.stm32cube.ide.mcu.externaltools.gnu-tools-for-stm32.11.3.rel1.win32_1.1.100.202309141235/tools/bin/../lib/gcc/arm-none-eabi/11.3.1/thumb/v7e-m+fp/hard/crtbegin.o
 .text          0x00000000080001e0       0xa0 C:/ST/STM32CubeIDE_1.13.2/STM32CubeIDE/plugins/com.st.stm32cube.ide.mcu.externaltools.gnu-tools-for-stm32.11.3.rel1.win32_1.1.100.202309141235/tools/bin/../lib/gcc/arm-none-eabi/11.3.1/../../../../arm-none-eabi/lib/thumb/v7e-m+fp/hard\libc_nano.a(libc_a-memchr.o)
                0x00000000080001e0                memchr
 .text          0x0000000008000280       0x30 C:/ST/STM32CubeIDE_1.13.2/STM32CubeIDE/plugins/com.st.stm32cube.ide.mcu.externaltools.gnu-tools-for-stm32.11.3.rel1.win32_1.1.100.202309141235/tools/bin/../lib/gcc/arm-none-eabi/11.3.1/thumb/v7e-m+fp/hard\libgcc.a(_aeabi_uldivmod.o)
                0x0000000008000280                __aeabi_uldivmod
 .text          0x00000000080002b0      0x2c8 C:/ST/STM32CubeIDE_1.13.2/STM32CubeIDE/plugins/com.st.stm32cube.ide.mcu.externaltools.gnu-tools-for-stm32.11.3.rel1.win32_1.1.100.202309141235/tools/bin/../lib/gcc/arm-none-eabi/11.3.1/thumb/v7e-m+fp/hard\libgcc.a(_udivmoddi4.o)
                0x00000000080002b0                __udivmoddi4
 .text          0x0000000008000578        0x4 C:/ST/STM32CubeIDE_1.13.2/STM32CubeIDE/plugins/com.st.stm32cube.ide.mcu.externaltools.gnu-tools-for-stm32.11.3.rel1.win32_1.1.100.202309141235/tools/bin/../lib/gcc/arm-none-eabi/11.3.1/thumb/v7e-m+fp/hard\libgcc.a(_dvmd_tls.o)
                0x0000000008000578                __aeabi_idiv0
                0x0000000008000578                __aeabi_ldiv0
 *(.text*)
 .text.FFT      0x000000000800057c       0xe4 ./Core/Src/FFT.o
                0x000000000800057c                FFT
 .text.HAL_I2S_RxHalfCpltCallback
                0x0000000008000660       0x14 ./Core/Src/callbacks.o
                0x0000000008000660                HAL_I2S_RxHalfCpltCallback
 .text.HAL_I2S_RxCpltCallback
                0x0000000008000674       0x14 ./Core/Src/callbacks.o
                0x0000000008000674                HAL_I2S_RxCpltCallback
 .text.HAL_GPIO_EXTI_Callback
                0x0000000008000688       0x20 ./Core/Src/callbacks.o
                0x0000000008000688                HAL_GPIO_EXTI_Callback
 .text.MX_DMA_Init
                0x00000000080006a8       0x58 ./Core/Src/dma.o
                0x00000000080006a8                MX_DMA_Init
 .text._gettimeofday
                0x0000000008000700        0x4 ./Core/Src/gettimeofday.o
                0x0000000008000700                _gettimeofday
 .text.MX_GPIO_Init
                0x0000000008000704       0xc0 ./Core/Src/gpio.o
                0x0000000008000704                MX_GPIO_Init
 .text.MX_I2C3_Init
                0x00000000080007c4       0x3c ./Core/Src/i2c.o
                0x00000000080007c4                MX_I2C3_Init
 .text.HAL_I2C_MspInit
                0x0000000008000800       0xa4 ./Core/Src/i2c.o
                0x0000000008000800                HAL_I2C_MspInit
 .text.MX_I2S2_Init
                0x00000000080008a4       0x40 ./Core/Src/i2s.o
                0x00000000080008a4                MX_I2S2_Init
 .text.HAL_I2S_MspInit
                0x00000000080008e4       0xd8 ./Core/Src/i2s.o
                0x00000000080008e4                HAL_I2S_MspInit
 .text._write   0x00000000080009bc       0x60 ./Core/Src/main.o
                0x00000000080009bc                _write
 .text.main_loop
                0x0000000008000a1c      0x400 ./Core/Src/main.o
                0x0000000008000a1c                main_loop
 .text.SystemClock_Config
                0x0000000008000e1c       0xa4 ./Core/Src/main.o
                0x0000000008000e1c                SystemClock_Config
 .text.startup.main
                0x0000000008000ec0       0x60 ./Core/Src/main.o
                0x0000000008000ec0                main
 .text.Error_Handler
                0x0000000008000f20        0x4 ./Core/Src/main.o
                0x0000000008000f20                Error_Handler
 .text.MX_SPI1_Init
                0x0000000008000f24       0x44 ./Core/Src/spi.o
                0x0000000008000f24                MX_SPI1_Init
 .text.HAL_SPI_MspInit
                0x0000000008000f68       0xac ./Core/Src/spi.o
                0x0000000008000f68                HAL_SPI_MspInit
 .text.HAL_MspInit
                0x0000000008001014       0x38 ./Core/Src/stm32f4xx_hal_msp.o
                0x0000000008001014                HAL_MspInit
 .text.NMI_Handler
                0x000000000800104c        0x4 ./Core/Src/stm32f4xx_it.o
                0x000000000800104c                NMI_Handler
 .text.HardFault_Handler
                0x0000000008001050        0x4 ./Core/Src/stm32f4xx_it.o
                0x0000000008001050                HardFault_Handler
 .text.MemManage_Handler
                0x0000000008001054        0x4 ./Core/Src/stm32f4xx_it.o
                0x0000000008001054                MemManage_Handler
 .text.BusFault_Handler
                0x0000000008001058        0x4 ./Core/Src/stm32f4xx_it.o
                0x0000000008001058                BusFault_Handler
 .text.UsageFault_Handler
                0x000000000800105c        0x4 ./Core/Src/stm32f4xx_it.o
                0x000000000800105c                UsageFault_Handler
 .text.SVC_Handler
                0x0000000008001060        0x4 ./Core/Src/stm32f4xx_it.o
                0x0000000008001060                SVC_Handler
 .text.DebugMon_Handler
                0x0000000008001064        0x4 ./Core/Src/stm32f4xx_it.o
                0x0000000008001064                DebugMon_Handler
 .text.PendSV_Handler
                0x0000000008001068        0x4 ./Core/Src/stm32f4xx_it.o
                0x0000000008001068                PendSV_Handler
 .text.SysTick_Handler
                0x000000000800106c        0x4 ./Core/Src/stm32f4xx_it.o
                0x000000000800106c                SysTick_Handler
 .text.EXTI0_IRQHandler
                0x0000000008001070        0x8 ./Core/Src/stm32f4xx_it.o
                0x0000000008001070                EXTI0_IRQHandler
 .text.DMA1_Stream3_IRQHandler
                0x0000000008001078        0xc ./Core/Src/stm32f4xx_it.o
                0x0000000008001078                DMA1_Stream3_IRQHandler
 .text.DMA2_Stream3_IRQHandler
                0x0000000008001084        0xc ./Core/Src/stm32f4xx_it.o
                0x0000000008001084                DMA2_Stream3_IRQHandler
 .text._getpid  0x0000000008001090        0x4 ./Core/Src/syscalls.o
                0x0000000008001090                _getpid
 .text._kill    0x0000000008001094       0x10 ./Core/Src/syscalls.o
                0x0000000008001094                _kill
 .text._exit    0x00000000080010a4        0xc ./Core/Src/syscalls.o
                0x00000000080010a4                _exit
 .text._read    0x00000000080010b0       0x1c ./Core/Src/syscalls.o
                0x00000000080010b0                _read
 .text._close   0x00000000080010cc        0x8 ./Core/Src/syscalls.o
                0x00000000080010cc                _close
 .text._fstat   0x00000000080010d4        0xc ./Core/Src/syscalls.o
                0x00000000080010d4                _fstat
 .text._isatty  0x00000000080010e0        0x4 ./Core/Src/syscalls.o
                0x00000000080010e0                _isatty
 .text._lseek   0x00000000080010e4        0x4 ./Core/Src/syscalls.o
                0x00000000080010e4                _lseek
 .text._sbrk    0x00000000080010e8       0x44 ./Core/Src/sysmem.o
                0x00000000080010e8                _sbrk
 .text.SystemInit
                0x000000000800112c       0x14 ./Core/Src/system_stm32f4xx.o
                0x000000000800112c                SystemInit
 .text.ST7735_ExecuteCommandList
                0x0000000008001140       0x9c ./Core/Src/st7735/st7735.o
 .text.ST7735_SetAddressWindow
                0x00000000080011dc       0xe8 ./Core/Src/st7735/st7735.o
 .text.ST7735_Init
                0x00000000080012c4       0x54 ./Core/Src/st7735/st7735.o
                0x00000000080012c4                ST7735_Init
 .text.ST7735_FillRectangle
                0x0000000008001318       0xfc ./Core/Src/st7735/st7735.o
                0x0000000008001318                ST7735_FillRectangle
 .text.ST7735_FillScreen
                0x0000000008001414       0x24 ./Core/Src/st7735/st7735.o
                0x0000000008001414                ST7735_FillScreen
 .text.ST7735_Backlight_On
                0x0000000008001438       0x10 ./Core/Src/st7735/st7735.o
                0x0000000008001438                ST7735_Backlight_On
 .text.ST7735_SetRotation
                0x0000000008001448      0x140 ./Core/Src/st7735/st7735.o
                0x0000000008001448                ST7735_SetRotation
 .text.u8g2_DrawBox
                0x0000000008001588       0x4c ./Core/Src/u8g2/u8g2_box.o
                0x0000000008001588                u8g2_DrawBox
 .text.u8g2_font_get_word
                0x00000000080015d4       0x10 ./Core/Src/u8g2/u8g2_font.o
 .text.u8g2_SetFont
                0x00000000080015e4      0x100 ./Core/Src/u8g2/u8g2_font.o
                0x00000000080015e4                u8g2_SetFont
 .text.u8g2_DrawHVLine
                0x00000000080016e4       0xec ./Core/Src/u8g2/u8g2_hvline.o
                0x00000000080016e4                u8g2_DrawHVLine
 .text.u8g2_IsIntersection
                0x00000000080017d0       0x50 ./Core/Src/u8g2/u8g2_intersection.o
                0x00000000080017d0                u8g2_IsIntersection
 .text.Reset_Handler
                0x0000000008001820       0x50 ./Core/Startup/startup_stm32f401ccux.o
                0x0000000008001820                Reset_Handler
 .text.Default_Handler
                0x0000000008001870        0x2 ./Core/Startup/startup_stm32f401ccux.o
                0x0000000008001870                DMA2_Stream5_IRQHandler
                0x0000000008001870                EXTI1_IRQHandler
                0x0000000008001870                USART6_IRQHandler
                0x0000000008001870                DMA2_Stream7_IRQHandler
                0x0000000008001870                OTG_FS_WKUP_IRQHandler
                0x0000000008001870                SPI2_IRQHandler
                0x0000000008001870                EXTI9_5_IRQHandler
                0x0000000008001870                SPI1_IRQHandler
                0x0000000008001870                PVD_IRQHandler
                0x0000000008001870                TIM5_IRQHandler
                0x0000000008001870                ADC_IRQHandler
                0x0000000008001870                DMA1_Stream6_IRQHandler
                0x0000000008001870                DMA1_Stream1_IRQHandler
                0x0000000008001870                WWDG_IRQHandler
                0x0000000008001870                DMA2_Stream0_IRQHandler
                0x0000000008001870                I2C3_EV_IRQHandler
                0x0000000008001870                SPI4_IRQHandler
                0x0000000008001870                DMA1_Stream2_IRQHandler
                0x0000000008001870                RCC_IRQHandler
                0x0000000008001870                I2C1_ER_IRQHandler
                0x0000000008001870                TIM1_UP_TIM10_IRQHandler
                0x0000000008001870                DMA2_Stream4_IRQHandler
                0x0000000008001870                I2C2_EV_IRQHandler
                0x0000000008001870                TIM3_IRQHandler
                0x0000000008001870                USART2_IRQHandler
                0x0000000008001870                DMA1_Stream0_IRQHandler
                0x0000000008001870                DMA1_Stream7_IRQHandler
                0x0000000008001870                DMA1_Stream4_IRQHandler
                0x0000000008001870                FLASH_IRQHandler
                0x0000000008001870                SDIO_IRQHandler
                0x0000000008001870                EXTI15_10_IRQHandler
                0x0000000008001870                USART1_IRQHandler
                0x0000000008001870                RTC_WKUP_IRQHandler
                0x0000000008001870                TIM2_IRQHandler
                0x0000000008001870                TAMP_STAMP_IRQHandler
                0x0000000008001870                DMA2_Stream6_IRQHandler
                0x0000000008001870                Default_Handler
                0x0000000008001870                EXTI2_IRQHandler
                0x0000000008001870                OTG_FS_IRQHandler
                0x0000000008001870                DMA1_Stream5_IRQHandler
                0x0000000008001870                TIM4_IRQHandler
                0x0000000008001870                TIM1_TRG_COM_TIM11_IRQHandler
                0x0000000008001870                I2C3_ER_IRQHandler
                0x0000000008001870                TIM1_BRK_TIM9_IRQHandler
                0x0000000008001870                EXTI3_IRQHandler
                0x0000000008001870                I2C2_ER_IRQHandler
                0x0000000008001870                DMA2_Stream2_IRQHandler
                0x0000000008001870                DMA2_Stream1_IRQHandler
                0x0000000008001870                FPU_IRQHandler
                0x0000000008001870                I2C1_EV_IRQHandler
                0x0000000008001870                TIM1_CC_IRQHandler
                0x0000000008001870                SPI3_IRQHandler
                0x0000000008001870                RTC_Alarm_IRQHandler
                0x0000000008001870                EXTI4_IRQHandler
 *fill*         0x0000000008001872        0x2 
 .text.HAL_InitTick
                0x0000000008001874       0x48 ./Drivers/STM32F4xx_HAL_Driver/Src/stm32f4xx_hal.o
                0x0000000008001874                HAL_InitTick
 .text.HAL_Init
                0x00000000080018bc       0x34 ./Drivers/STM32F4xx_HAL_Driver/Src/stm32f4xx_hal.o
                0x00000000080018bc                HAL_Init
 .text.HAL_IncTick
                0x00000000080018f0       0x18 ./Drivers/STM32F4xx_HAL_Driver/Src/stm32f4xx_hal.o
                0x00000000080018f0                HAL_IncTick
 .text.HAL_GetTick
                0x0000000008001908        0xc ./Drivers/STM32F4xx_HAL_Driver/Src/stm32f4xx_hal.o
                0x0000000008001908                HAL_GetTick
 .text.HAL_Delay
                0x0000000008001914       0x24 ./Drivers/STM32F4xx_HAL_Driver/Src/stm32f4xx_hal.o
                0x0000000008001914                HAL_Delay
 .text.HAL_NVIC_SetPriorityGrouping
                0x0000000008001938       0x24 ./Drivers/STM32F4xx_HAL_Driver/Src/stm32f4xx_hal_cortex.o
                0x0000000008001938                HAL_NVIC_SetPriorityGrouping
 .text.HAL_NVIC_SetPriority
                0x000000000800195c       0x7c ./Drivers/STM32F4xx_HAL_Driver/Src/stm32f4xx_hal_cortex.o
                0x000000000800195c                HAL_NVIC_SetPriority
 .text.HAL_NVIC_EnableIRQ
                0x00000000080019d8       0x1c ./Drivers/STM32F4xx_HAL_Driver/Src/stm32f4xx_hal_cortex.o
                0x00000000080019d8                HAL_NVIC_EnableIRQ
 .text.HAL_SYSTICK_Config
                0x00000000080019f4       0x34 ./Drivers/STM32F4xx_HAL_Driver/Src/stm32f4xx_hal_cortex.o
                0x00000000080019f4                HAL_SYSTICK_Config
 .text.HAL_DMA_Init
                0x0000000008001a28      0x130 ./Drivers/STM32F4xx_HAL_Driver/Src/stm32f4xx_hal_dma.o
                0x0000000008001a28                HAL_DMA_Init
 .text.HAL_DMA_Start_IT
                0x0000000008001b58       0x80 ./Drivers/STM32F4xx_HAL_Driver/Src/stm32f4xx_hal_dma.o
                0x0000000008001b58                HAL_DMA_Start_IT
 .text.HAL_DMA_IRQHandler
                0x0000000008001bd8      0x1ac ./Drivers/STM32F4xx_HAL_Driver/Src/stm32f4xx_hal_dma.o
                0x0000000008001bd8                HAL_DMA_IRQHandler
 .text.HAL_GPIO_Init
                0x0000000008001d84      0x1e8 ./Drivers/STM32F4xx_HAL_Driver/Src/stm32f4xx_hal_gpio.o
                0x0000000008001d84                HAL_GPIO_Init
 .text.HAL_GPIO_WritePin
                0x0000000008001f6c        0x8 ./Drivers/STM32F4xx_HAL_Driver/Src/stm32f4xx_hal_gpio.o
                0x0000000008001f6c                HAL_GPIO_WritePin
 .text.HAL_GPIO_EXTI_IRQHandler
                0x0000000008001f74       0x18 ./Drivers/STM32F4xx_HAL_Driver/Src/stm32f4xx_hal_gpio.o
                0x0000000008001f74                HAL_GPIO_EXTI_IRQHandler
 .text.HAL_I2C_Init
                0x0000000008001f8c      0x190 ./Drivers/STM32F4xx_HAL_Driver/Src/stm32f4xx_hal_i2c.o
                0x0000000008001f8c                HAL_I2C_Init
 .text.HAL_I2S_Init
                0x000000000800211c      0x148 ./Drivers/STM32F4xx_HAL_Driver/Src/stm32f4xx_hal_i2s.o
                0x000000000800211c                HAL_I2S_Init
 .text.HAL_I2S_Receive_DMA
                0x0000000008002264       0xec ./Drivers/STM32F4xx_HAL_Driver/Src/stm32f4xx_hal_i2s.o
                0x0000000008002264                HAL_I2S_Receive_DMA
 .text.HAL_I2S_TxCpltCallback
                0x0000000008002350        0x4 ./Drivers/STM32F4xx_HAL_Driver/Src/stm32f4xx_hal_i2s.o
                0x0000000008002350                HAL_I2S_TxCpltCallback
 .text.I2S_DMARxHalfCplt
                0x0000000008002354        0xc ./Drivers/STM32F4xx_HAL_Driver/Src/stm32f4xx_hal_i2s.o
 .text.I2S_DMARxCplt
                0x0000000008002360       0x24 ./Drivers/STM32F4xx_HAL_Driver/Src/stm32f4xx_hal_i2s.o
 .text.HAL_I2S_ErrorCallback
                0x0000000008002384        0x4 ./Drivers/STM32F4xx_HAL_Driver/Src/stm32f4xx_hal_i2s.o
                0x0000000008002384                HAL_I2S_ErrorCallback
 .text.I2S_IRQHandler
                0x0000000008002388      0x108 ./Drivers/STM32F4xx_HAL_Driver/Src/stm32f4xx_hal_i2s.o
 .text.I2S_DMAError
                0x0000000008002490       0x2c ./Drivers/STM32F4xx_HAL_Driver/Src/stm32f4xx_hal_i2s.o
 .text.HAL_I2SEx_TxRxCpltCallback
                0x00000000080024bc        0x4 ./Drivers/STM32F4xx_HAL_Driver/Src/stm32f4xx_hal_i2s_ex.o
                0x00000000080024bc                HAL_I2SEx_TxRxCpltCallback
 .text.HAL_I2SEx_FullDuplex_IRQHandler
                0x00000000080024c0      0x25c ./Drivers/STM32F4xx_HAL_Driver/Src/stm32f4xx_hal_i2s_ex.o
                0x00000000080024c0                HAL_I2SEx_FullDuplex_IRQHandler
 .text.HAL_RCC_OscConfig
                0x000000000800271c      0x3c8 ./Drivers/STM32F4xx_HAL_Driver/Src/stm32f4xx_hal_rcc.o
                0x000000000800271c                HAL_RCC_OscConfig
 .text.HAL_RCC_GetSysClockFreq
                0x0000000008002ae4       0x68 ./Drivers/STM32F4xx_HAL_Driver/Src/stm32f4xx_hal_rcc.o
                0x0000000008002ae4                HAL_RCC_GetSysClockFreq
 .text.HAL_RCC_ClockConfig
                0x0000000008002b4c      0x13c ./Drivers/STM32F4xx_HAL_Driver/Src/stm32f4xx_hal_rcc.o
                0x0000000008002b4c                HAL_RCC_ClockConfig
 .text.HAL_RCC_GetPCLK1Freq
                0x0000000008002c88       0x20 ./Drivers/STM32F4xx_HAL_Driver/Src/stm32f4xx_hal_rcc.o
                0x0000000008002c88                HAL_RCC_GetPCLK1Freq
 .text.HAL_RCCEx_PeriphCLKConfig
                0x0000000008002ca8      0x154 ./Drivers/STM32F4xx_HAL_Driver/Src/stm32f4xx_hal_rcc_ex.o
                0x0000000008002ca8                HAL_RCCEx_PeriphCLKConfig
 .text.HAL_RCCEx_GetPeriphCLKFreq
                0x0000000008002dfc       0x54 ./Drivers/STM32F4xx_HAL_Driver/Src/stm32f4xx_hal_rcc_ex.o
                0x0000000008002dfc                HAL_RCCEx_GetPeriphCLKFreq
 .text.SPI_WaitFlagStateUntilTimeout
                0x0000000008002e50       0xd4 ./Drivers/STM32F4xx_HAL_Driver/Src/stm32f4xx_hal_spi.o
 .text.SPI_EndRxTxTransaction.constprop.0
                0x0000000008002f24      0x114 ./Drivers/STM32F4xx_HAL_Driver/Src/stm32f4xx_hal_spi.o
 .text.SPI_EndRxTxTransaction
                0x0000000008003038       0x84 ./Drivers/STM32F4xx_HAL_Driver/Src/stm32f4xx_hal_spi.o
 .text.HAL_SPI_Init
                0x00000000080030bc       0xc4 ./Drivers/STM32F4xx_HAL_Driver/Src/stm32f4xx_hal_spi.o
                0x00000000080030bc                HAL_SPI_Init
 .text.HAL_SPI_Transmit
                0x0000000008003180      0x210 ./Drivers/STM32F4xx_HAL_Driver/Src/stm32f4xx_hal_spi.o
                0x0000000008003180                HAL_SPI_Transmit
 .text.HAL_SPI_Transmit_DMA
                0x0000000008003390       0xc4 ./Drivers/STM32F4xx_HAL_Driver/Src/stm32f4xx_hal_spi.o
                0x0000000008003390                HAL_SPI_Transmit_DMA
 .text.HAL_SPI_TxCpltCallback
                0x0000000008003454        0x4 ./Drivers/STM32F4xx_HAL_Driver/Src/stm32f4xx_hal_spi.o
                0x0000000008003454                HAL_SPI_TxCpltCallback
 .text.HAL_SPI_TxHalfCpltCallback
                0x0000000008003458        0x4 ./Drivers/STM32F4xx_HAL_Driver/Src/stm32f4xx_hal_spi.o
                0x0000000008003458                HAL_SPI_TxHalfCpltCallback
 .text.SPI_DMAHalfTransmitCplt
                0x000000000800345c        0xc ./Drivers/STM32F4xx_HAL_Driver/Src/stm32f4xx_hal_spi.o
 .text.HAL_SPI_ErrorCallback
                0x0000000008003468        0x4 ./Drivers/STM32F4xx_HAL_Driver/Src/stm32f4xx_hal_spi.o
                0x0000000008003468                HAL_SPI_ErrorCallback
 .text.SPI_DMAError
                0x000000000800346c       0x24 ./Drivers/STM32F4xx_HAL_Driver/Src/stm32f4xx_hal_spi.o
 .text.SPI_DMATransmitCplt
                0x0000000008003490       0x6c ./Drivers/STM32F4xx_HAL_Driver/Src/stm32f4xx_hal_spi.o
 .text.arm_mean_f32
                0x00000000080034fc       0x7c ../Middlewares/ST/ARM/DSP/Lib\libarm_cortexM4lf_math.a(arm_mean_f32.o)
                0x00000000080034fc                arm_mean_f32
 .text.arm_max_f32
                0x0000000008003578       0xd8 ../Middlewares/ST/ARM/DSP/Lib\libarm_cortexM4lf_math.a(arm_max_f32.o)
                0x0000000008003578                arm_max_f32
 .text.arm_rfft_32_fast_init_f32
                0x0000000008003650       0x34 ../Middlewares/ST/ARM/DSP/Lib\libarm_cortexM4lf_math.a(arm_rfft_fast_init_f32.o)
                0x0000000008003650                arm_rfft_32_fast_init_f32
 .text.arm_rfft_64_fast_init_f32
                0x0000000008003684       0x34 ../Middlewares/ST/ARM/DSP/Lib\libarm_cortexM4lf_math.a(arm_rfft_fast_init_f32.o)
                0x0000000008003684                arm_rfft_64_fast_init_f32
 .text.arm_rfft_256_fast_init_f32
                0x00000000080036b8       0x38 ../Middlewares/ST/ARM/DSP/Lib\libarm_cortexM4lf_math.a(arm_rfft_fast_init_f32.o)
                0x00000000080036b8                arm_rfft_256_fast_init_f32
 .text.arm_rfft_512_fast_init_f32
                0x00000000080036f0       0x3c ../Middlewares/ST/ARM/DSP/Lib\libarm_cortexM4lf_math.a(arm_rfft_fast_init_f32.o)
                0x00000000080036f0                arm_rfft_512_fast_init_f32
 .text.arm_rfft_1024_fast_init_f32
                0x000000000800372c       0x3c ../Middlewares/ST/ARM/DSP/Lib\libarm_cortexM4lf_math.a(arm_rfft_fast_init_f32.o)
                0x000000000800372c                arm_rfft_1024_fast_init_f32
 .text.arm_rfft_2048_fast_init_f32
                0x0000000008003768       0x3c ../Middlewares/ST/ARM/DSP/Lib\libarm_cortexM4lf_math.a(arm_rfft_fast_init_f32.o)
                0x0000000008003768                arm_rfft_2048_fast_init_f32
 .text.arm_rfft_4096_fast_init_f32
                0x00000000080037a4       0x3c ../Middlewares/ST/ARM/DSP/Lib\libarm_cortexM4lf_math.a(arm_rfft_fast_init_f32.o)
                0x00000000080037a4                arm_rfft_4096_fast_init_f32
 .text.arm_rfft_fast_init_f32
                0x00000000080037e0       0x68 ../Middlewares/ST/ARM/DSP/Lib\libarm_cortexM4lf_math.a(arm_rfft_fast_init_f32.o)
                0x00000000080037e0                arm_rfft_fast_init_f32
 .text.stage_rfft_f32
                0x0000000008003848       0xb4 ../Middlewares/ST/ARM/DSP/Lib\libarm_cortexM4lf_math.a(arm_rfft_fast_f32.o)
                0x0000000008003848                stage_rfft_f32
 .text.merge_rfft_f32
                0x00000000080038fc       0xac ../Middlewares/ST/ARM/DSP/Lib\libarm_cortexM4lf_math.a(arm_rfft_fast_f32.o)
                0x00000000080038fc                merge_rfft_f32
 .text.arm_rfft_fast_f32
                0x00000000080039a8       0x40 ../Middlewares/ST/ARM/DSP/Lib\libarm_cortexM4lf_math.a(arm_rfft_fast_f32.o)
                0x00000000080039a8                arm_rfft_fast_f32
 .text.arm_cfft_radix8by2_f32
                0x00000000080039e8      0x1a0 ../Middlewares/ST/ARM/DSP/Lib\libarm_cortexM4lf_math.a(arm_cfft_f32.o)
                0x00000000080039e8                arm_cfft_radix8by2_f32
 .text.arm_cfft_radix8by4_f32
                0x0000000008003b88      0x4ac ../Middlewares/ST/ARM/DSP/Lib\libarm_cortexM4lf_math.a(arm_cfft_f32.o)
                0x0000000008003b88                arm_cfft_radix8by4_f32
 .text.arm_cfft_f32
                0x0000000008004034       0xf0 ../Middlewares/ST/ARM/DSP/Lib\libarm_cortexM4lf_math.a(arm_cfft_f32.o)
                0x0000000008004034                arm_cfft_f32
 .text.arm_bitreversal_32
                0x0000000008004124       0x40 ../Middlewares/ST/ARM/DSP/Lib\libarm_cortexM4lf_math.a(arm_bitreversal2.o)
                0x0000000008004124                arm_bitreversal_32
 .text.arm_radix8_butterfly_f32
                0x0000000008004164      0x580 ../Middlewares/ST/ARM/DSP/Lib\libarm_cortexM4lf_math.a(arm_cfft_radix8_f32.o)
                0x0000000008004164                arm_radix8_butterfly_f32
 .text.srand    0x00000000080046e4       0x5c C:/ST/STM32CubeIDE_1.13.2/STM32CubeIDE/plugins/com.st.stm32cube.ide.mcu.externaltools.gnu-tools-for-stm32.11.3.rel1.win32_1.1.100.202309141235/tools/bin/../lib/gcc/arm-none-eabi/11.3.1/../../../../arm-none-eabi/lib/thumb/v7e-m+fp/hard\libc_nano.a(libc_a-rand.o)
                0x00000000080046e4                srand
 .text.std      0x0000000008004740       0x6c C:/ST/STM32CubeIDE_1.13.2/STM32CubeIDE/plugins/com.st.stm32cube.ide.mcu.externaltools.gnu-tools-for-stm32.11.3.rel1.win32_1.1.100.202309141235/tools/bin/../lib/gcc/arm-none-eabi/11.3.1/../../../../arm-none-eabi/lib/thumb/v7e-m+fp/hard\libc_nano.a(libc_a-findfp.o)
 .text.stdio_exit_handler
                0x00000000080047ac       0x18 C:/ST/STM32CubeIDE_1.13.2/STM32CubeIDE/plugins/com.st.stm32cube.ide.mcu.externaltools.gnu-tools-for-stm32.11.3.rel1.win32_1.1.100.202309141235/tools/bin/../lib/gcc/arm-none-eabi/11.3.1/../../../../arm-none-eabi/lib/thumb/v7e-m+fp/hard\libc_nano.a(libc_a-findfp.o)
 .text.cleanup_stdio
                0x00000000080047c4       0x40 C:/ST/STM32CubeIDE_1.13.2/STM32CubeIDE/plugins/com.st.stm32cube.ide.mcu.externaltools.gnu-tools-for-stm32.11.3.rel1.win32_1.1.100.202309141235/tools/bin/../lib/gcc/arm-none-eabi/11.3.1/../../../../arm-none-eabi/lib/thumb/v7e-m+fp/hard\libc_nano.a(libc_a-findfp.o)
 .text.global_stdio_init.part.0
                0x0000000008004804       0x3c C:/ST/STM32CubeIDE_1.13.2/STM32CubeIDE/plugins/com.st.stm32cube.ide.mcu.externaltools.gnu-tools-for-stm32.11.3.rel1.win32_1.1.100.202309141235/tools/bin/../lib/gcc/arm-none-eabi/11.3.1/../../../../arm-none-eabi/lib/thumb/v7e-m+fp/hard\libc_nano.a(libc_a-findfp.o)
 .text.__sfp_lock_acquire
                0x0000000008004840        0xc C:/ST/STM32CubeIDE_1.13.2/STM32CubeIDE/plugins/com.st.stm32cube.ide.mcu.externaltools.gnu-tools-for-stm32.11.3.rel1.win32_1.1.100.202309141235/tools/bin/../lib/gcc/arm-none-eabi/11.3.1/../../../../arm-none-eabi/lib/thumb/v7e-m+fp/hard\libc_nano.a(libc_a-findfp.o)
                0x0000000008004840                __sfp_lock_acquire
 .text.__sfp_lock_release
                0x000000000800484c        0xc C:/ST/STM32CubeIDE_1.13.2/STM32CubeIDE/plugins/com.st.stm32cube.ide.mcu.externaltools.gnu-tools-for-stm32.11.3.rel1.win32_1.1.100.202309141235/tools/bin/../lib/gcc/arm-none-eabi/11.3.1/../../../../arm-none-eabi/lib/thumb/v7e-m+fp/hard\libc_nano.a(libc_a-findfp.o)
                0x000000000800484c                __sfp_lock_release
 .text.__sinit  0x0000000008004858       0x30 C:/ST/STM32CubeIDE_1.13.2/STM32CubeIDE/plugins/com.st.stm32cube.ide.mcu.externaltools.gnu-tools-for-stm32.11.3.rel1.win32_1.1.100.202309141235/tools/bin/../lib/gcc/arm-none-eabi/11.3.1/../../../../arm-none-eabi/lib/thumb/v7e-m+fp/hard\libc_nano.a(libc_a-findfp.o)
                0x0000000008004858                __sinit
 .text._fwalk_sglue
                0x0000000008004888       0x3c C:/ST/STM32CubeIDE_1.13.2/STM32CubeIDE/plugins/com.st.stm32cube.ide.mcu.externaltools.gnu-tools-for-stm32.11.3.rel1.win32_1.1.100.202309141235/tools/bin/../lib/gcc/arm-none-eabi/11.3.1/../../../../arm-none-eabi/lib/thumb/v7e-m+fp/hard\libc_nano.a(libc_a-fwalk.o)
                0x0000000008004888                _fwalk_sglue
 .text.__sread  0x00000000080048c4       0x22 C:/ST/STM32CubeIDE_1.13.2/STM32CubeIDE/plugins/com.st.stm32cube.ide.mcu.externaltools.gnu-tools-for-stm32.11.3.rel1.win32_1.1.100.202309141235/tools/bin/../lib/gcc/arm-none-eabi/11.3.1/../../../../arm-none-eabi/lib/thumb/v7e-m+fp/hard\libc_nano.a(libc_a-stdio.o)
                0x00000000080048c4                __sread
 .text.__swrite
                0x00000000080048e6       0x38 C:/ST/STM32CubeIDE_1.13.2/STM32CubeIDE/plugins/com.st.stm32cube.ide.mcu.externaltools.gnu-tools-for-stm32.11.3.rel1.win32_1.1.100.202309141235/tools/bin/../lib/gcc/arm-none-eabi/11.3.1/../../../../arm-none-eabi/lib/thumb/v7e-m+fp/hard\libc_nano.a(libc_a-stdio.o)
                0x00000000080048e6                __swrite
 .text.__sseek  0x000000000800491e       0x24 C:/ST/STM32CubeIDE_1.13.2/STM32CubeIDE/plugins/com.st.stm32cube.ide.mcu.externaltools.gnu-tools-for-stm32.11.3.rel1.win32_1.1.100.202309141235/tools/bin/../lib/gcc/arm-none-eabi/11.3.1/../../../../arm-none-eabi/lib/thumb/v7e-m+fp/hard\libc_nano.a(libc_a-stdio.o)
                0x000000000800491e                __sseek
 .text.__sclose
                0x0000000008004942        0x8 C:/ST/STM32CubeIDE_1.13.2/STM32CubeIDE/plugins/com.st.stm32cube.ide.mcu.externaltools.gnu-tools-for-stm32.11.3.rel1.win32_1.1.100.202309141235/tools/bin/../lib/gcc/arm-none-eabi/11.3.1/../../../../arm-none-eabi/lib/thumb/v7e-m+fp/hard\libc_nano.a(libc_a-stdio.o)
                0x0000000008004942                __sclose
 .text.memset   0x000000000800494a       0x10 C:/ST/STM32CubeIDE_1.13.2/STM32CubeIDE/plugins/com.st.stm32cube.ide.mcu.externaltools.gnu-tools-for-stm32.11.3.rel1.win32_1.1.100.202309141235/tools/bin/../lib/gcc/arm-none-eabi/11.3.1/../../../../arm-none-eabi/lib/thumb/v7e-m+fp/hard\libc_nano.a(libc_a-memset.o)
                0x000000000800494a                memset
 *fill*         0x000000000800495a        0x2 
 .text.time     0x000000000800495c       0x34 C:/ST/STM32CubeIDE_1.13.2/STM32CubeIDE/plugins/com.st.stm32cube.ide.mcu.externaltools.gnu-tools-for-stm32.11.3.rel1.win32_1.1.100.202309141235/tools/bin/../lib/gcc/arm-none-eabi/11.3.1/../../../../arm-none-eabi/lib/thumb/v7e-m+fp/hard\libc_nano.a(libc_a-time.o)
                0x000000000800495c                time
 .text._close_r
                0x0000000008004990       0x20 C:/ST/STM32CubeIDE_1.13.2/STM32CubeIDE/plugins/com.st.stm32cube.ide.mcu.externaltools.gnu-tools-for-stm32.11.3.rel1.win32_1.1.100.202309141235/tools/bin/../lib/gcc/arm-none-eabi/11.3.1/../../../../arm-none-eabi/lib/thumb/v7e-m+fp/hard\libc_nano.a(libc_a-closer.o)
                0x0000000008004990                _close_r
 .text._gettimeofday_r
                0x00000000080049b0       0x24 C:/ST/STM32CubeIDE_1.13.2/STM32CubeIDE/plugins/com.st.stm32cube.ide.mcu.externaltools.gnu-tools-for-stm32.11.3.rel1.win32_1.1.100.202309141235/tools/bin/../lib/gcc/arm-none-eabi/11.3.1/../../../../arm-none-eabi/lib/thumb/v7e-m+fp/hard\libc_nano.a(libc_a-gettimeofdayr.o)
                0x00000000080049b0                _gettimeofday_r
 .text._lseek_r
                0x00000000080049d4       0x24 C:/ST/STM32CubeIDE_1.13.2/STM32CubeIDE/plugins/com.st.stm32cube.ide.mcu.externaltools.gnu-tools-for-stm32.11.3.rel1.win32_1.1.100.202309141235/tools/bin/../lib/gcc/arm-none-eabi/11.3.1/../../../../arm-none-eabi/lib/thumb/v7e-m+fp/hard\libc_nano.a(libc_a-lseekr.o)
                0x00000000080049d4                _lseek_r
 .text._read_r  0x00000000080049f8       0x24 C:/ST/STM32CubeIDE_1.13.2/STM32CubeIDE/plugins/com.st.stm32cube.ide.mcu.externaltools.gnu-tools-for-stm32.11.3.rel1.win32_1.1.100.202309141235/tools/bin/../lib/gcc/arm-none-eabi/11.3.1/../../../../arm-none-eabi/lib/thumb/v7e-m+fp/hard\libc_nano.a(libc_a-readr.o)
                0x00000000080049f8                _read_r
 .text._write_r
                0x0000000008004a1c       0x24 C:/ST/STM32CubeIDE_1.13.2/STM32CubeIDE/plugins/com.st.stm32cube.ide.mcu.externaltools.gnu-tools-for-stm32.11.3.rel1.win32_1.1.100.202309141235/tools/bin/../lib/gcc/arm-none-eabi/11.3.1/../../../../arm-none-eabi/lib/thumb/v7e-m+fp/hard\libc_nano.a(libc_a-writer.o)
                0x0000000008004a1c                _write_r
 .text.__errno  0x0000000008004a40        0xc C:/ST/STM32CubeIDE_1.13.2/STM32CubeIDE/plugins/com.st.stm32cube.ide.mcu.externaltools.gnu-tools-for-stm32.11.3.rel1.win32_1.1.100.202309141235/tools/bin/../lib/gcc/arm-none-eabi/11.3.1/../../../../arm-none-eabi/lib/thumb/v7e-m+fp/hard\libc_nano.a(libc_a-errno.o)
                0x0000000008004a40                __errno
 .text.__libc_init_array
                0x0000000008004a4c       0x48 C:/ST/STM32CubeIDE_1.13.2/STM32CubeIDE/plugins/com.st.stm32cube.ide.mcu.externaltools.gnu-tools-for-stm32.11.3.rel1.win32_1.1.100.202309141235/tools/bin/../lib/gcc/arm-none-eabi/11.3.1/../../../../arm-none-eabi/lib/thumb/v7e-m+fp/hard\libc_nano.a(libc_a-init.o)
                0x0000000008004a4c                __libc_init_array
 .text.__retarget_lock_init_recursive
                0x0000000008004a94        0x2 C:/ST/STM32CubeIDE_1.13.2/STM32CubeIDE/plugins/com.st.stm32cube.ide.mcu.externaltools.gnu-tools-for-stm32.11.3.rel1.win32_1.1.100.202309141235/tools/bin/../lib/gcc/arm-none-eabi/11.3.1/../../../../arm-none-eabi/lib/thumb/v7e-m+fp/hard\libc_nano.a(libc_a-lock.o)
                0x0000000008004a94                __retarget_lock_init_recursive
 .text.__retarget_lock_acquire_recursive
                0x0000000008004a96        0x2 C:/ST/STM32CubeIDE_1.13.2/STM32CubeIDE/plugins/com.st.stm32cube.ide.mcu.externaltools.gnu-tools-for-stm32.11.3.rel1.win32_1.1.100.202309141235/tools/bin/../lib/gcc/arm-none-eabi/11.3.1/../../../../arm-none-eabi/lib/thumb/v7e-m+fp/hard\libc_nano.a(libc_a-lock.o)
                0x0000000008004a96                __retarget_lock_acquire_recursive
 .text.__retarget_lock_release_recursive
                0x0000000008004a98        0x2 C:/ST/STM32CubeIDE_1.13.2/STM32CubeIDE/plugins/com.st.stm32cube.ide.mcu.externaltools.gnu-tools-for-stm32.11.3.rel1.win32_1.1.100.202309141235/tools/bin/../lib/gcc/arm-none-eabi/11.3.1/../../../../arm-none-eabi/lib/thumb/v7e-m+fp/hard\libc_nano.a(libc_a-lock.o)
                0x0000000008004a98                __retarget_lock_release_recursive
 *fill*         0x0000000008004a9a        0x2 
 .text.__assert_func
                0x0000000008004a9c       0x3c C:/ST/STM32CubeIDE_1.13.2/STM32CubeIDE/plugins/com.st.stm32cube.ide.mcu.externaltools.gnu-tools-for-stm32.11.3.rel1.win32_1.1.100.202309141235/tools/bin/../lib/gcc/arm-none-eabi/11.3.1/../../../../arm-none-eabi/lib/thumb/v7e-m+fp/hard\libc_nano.a(libc_a-assert.o)
                0x0000000008004a9c                __assert_func
 .text._free_r  0x0000000008004ad8       0x98 C:/ST/STM32CubeIDE_1.13.2/STM32CubeIDE/plugins/com.st.stm32cube.ide.mcu.externaltools.gnu-tools-for-stm32.11.3.rel1.win32_1.1.100.202309141235/tools/bin/../lib/gcc/arm-none-eabi/11.3.1/../../../../arm-none-eabi/lib/thumb/v7e-m+fp/hard\libc_nano.a(libc_a-freer.o)
                0x0000000008004ad8                _free_r
 .text.malloc   0x0000000008004b70       0x10 C:/ST/STM32CubeIDE_1.13.2/STM32CubeIDE/plugins/com.st.stm32cube.ide.mcu.externaltools.gnu-tools-for-stm32.11.3.rel1.win32_1.1.100.202309141235/tools/bin/../lib/gcc/arm-none-eabi/11.3.1/../../../../arm-none-eabi/lib/thumb/v7e-m+fp/hard\libc_nano.a(libc_a-malloc.o)
                0x0000000008004b70                malloc
 .text.sbrk_aligned
                0x0000000008004b80       0x40 C:/ST/STM32CubeIDE_1.13.2/STM32CubeIDE/plugins/com.st.stm32cube.ide.mcu.externaltools.gnu-tools-for-stm32.11.3.rel1.win32_1.1.100.202309141235/tools/bin/../lib/gcc/arm-none-eabi/11.3.1/../../../../arm-none-eabi/lib/thumb/v7e-m+fp/hard\libc_nano.a(libc_a-mallocr.o)
 .text._malloc_r
                0x0000000008004bc0      0x100 C:/ST/STM32CubeIDE_1.13.2/STM32CubeIDE/plugins/com.st.stm32cube.ide.mcu.externaltools.gnu-tools-for-stm32.11.3.rel1.win32_1.1.100.202309141235/tools/bin/../lib/gcc/arm-none-eabi/11.3.1/../../../../arm-none-eabi/lib/thumb/v7e-m+fp/hard\libc_nano.a(libc_a-mallocr.o)
                0x0000000008004bc0                _malloc_r
 .text.__malloc_lock
                0x0000000008004cc0        0xc C:/ST/STM32CubeIDE_1.13.2/STM32CubeIDE/plugins/com.st.stm32cube.ide.mcu.externaltools.gnu-tools-for-stm32.11.3.rel1.win32_1.1.100.202309141235/tools/bin/../lib/gcc/arm-none-eabi/11.3.1/../../../../arm-none-eabi/lib/thumb/v7e-m+fp/hard\libc_nano.a(libc_a-mlock.o)
                0x0000000008004cc0                __malloc_lock
 .text.__malloc_unlock
                0x0000000008004ccc        0xc C:/ST/STM32CubeIDE_1.13.2/STM32CubeIDE/plugins/com.st.stm32cube.ide.mcu.externaltools.gnu-tools-for-stm32.11.3.rel1.win32_1.1.100.202309141235/tools/bin/../lib/gcc/arm-none-eabi/11.3.1/../../../../arm-none-eabi/lib/thumb/v7e-m+fp/hard\libc_nano.a(libc_a-mlock.o)
                0x0000000008004ccc                __malloc_unlock
 .text.__sflush_r
                0x0000000008004cd8      0x10c C:/ST/STM32CubeIDE_1.13.2/STM32CubeIDE/plugins/com.st.stm32cube.ide.mcu.externaltools.gnu-tools-for-stm32.11.3.rel1.win32_1.1.100.202309141235/tools/bin/../lib/gcc/arm-none-eabi/11.3.1/../../../../arm-none-eabi/lib/thumb/v7e-m+fp/hard\libc_nano.a(libc_a-fflush.o)
                0x0000000008004cd8                __sflush_r
 .text._fflush_r
                0x0000000008004de4       0x50 C:/ST/STM32CubeIDE_1.13.2/STM32CubeIDE/plugins/com.st.stm32cube.ide.mcu.externaltools.gnu-tools-for-stm32.11.3.rel1.win32_1.1.100.202309141235/tools/bin/../lib/gcc/arm-none-eabi/11.3.1/../../../../arm-none-eabi/lib/thumb/v7e-m+fp/hard\libc_nano.a(libc_a-fflush.o)
                0x0000000008004de4                _fflush_r
 .text.fprintf  0x0000000008004e34       0x24 C:/ST/STM32CubeIDE_1.13.2/STM32CubeIDE/plugins/com.st.stm32cube.ide.mcu.externaltools.gnu-tools-for-stm32.11.3.rel1.win32_1.1.100.202309141235/tools/bin/../lib/gcc/arm-none-eabi/11.3.1/../../../../arm-none-eabi/lib/thumb/v7e-m+fp/hard\libc_nano.a(libc_a-fprintf.o)
                0x0000000008004e34                fiprintf
                0x0000000008004e34                fprintf
 .text.__swbuf_r
                0x0000000008004e58       0x7a C:/ST/STM32CubeIDE_1.13.2/STM32CubeIDE/plugins/com.st.stm32cube.ide.mcu.externaltools.gnu-tools-for-stm32.11.3.rel1.win32_1.1.100.202309141235/tools/bin/../lib/gcc/arm-none-eabi/11.3.1/../../../../arm-none-eabi/lib/thumb/v7e-m+fp/hard\libc_nano.a(libc_a-wbuf.o)
                0x0000000008004e58                __swbuf_r
 *fill*         0x0000000008004ed2        0x2 
 .text.__swsetup_r
                0x0000000008004ed4       0xb0 C:/ST/STM32CubeIDE_1.13.2/STM32CubeIDE/plugins/com.st.stm32cube.ide.mcu.externaltools.gnu-tools-for-stm32.11.3.rel1.win32_1.1.100.202309141235/tools/bin/../lib/gcc/arm-none-eabi/11.3.1/../../../../arm-none-eabi/lib/thumb/v7e-m+fp/hard\libc_nano.a(libc_a-wsetup.o)
                0x0000000008004ed4                __swsetup_r
 .text._sbrk_r  0x0000000008004f84       0x20 C:/ST/STM32CubeIDE_1.13.2/STM32CubeIDE/plugins/com.st.stm32cube.ide.mcu.externaltools.gnu-tools-for-stm32.11.3.rel1.win32_1.1.100.202309141235/tools/bin/../lib/gcc/arm-none-eabi/11.3.1/../../../../arm-none-eabi/lib/thumb/v7e-m+fp/hard\libc_nano.a(libc_a-sbrkr.o)
                0x0000000008004f84                _sbrk_r
 .text.abort    0x0000000008004fa4        0xe C:/ST/STM32CubeIDE_1.13.2/STM32CubeIDE/plugins/com.st.stm32cube.ide.mcu.externaltools.gnu-tools-for-stm32.11.3.rel1.win32_1.1.100.202309141235/tools/bin/../lib/gcc/arm-none-eabi/11.3.1/../../../../arm-none-eabi/lib/thumb/v7e-m+fp/hard\libc_nano.a(libc_a-abort.o)
                0x0000000008004fa4                abort
 .text.__sfputc_r
                0x0000000008004fb2       0x2e C:/ST/STM32CubeIDE_1.13.2/STM32CubeIDE/plugins/com.st.stm32cube.ide.mcu.externaltools.gnu-tools-for-stm32.11.3.rel1.win32_1.1.100.202309141235/tools/bin/../lib/gcc/arm-none-eabi/11.3.1/../../../../arm-none-eabi/lib/thumb/v7e-m+fp/hard\libc_nano.a(libc_a-nano-vfprintf.o)
 .text.__sfputs_r
                0x0000000008004fe0       0x24 C:/ST/STM32CubeIDE_1.13.2/STM32CubeIDE/plugins/com.st.stm32cube.ide.mcu.externaltools.gnu-tools-for-stm32.11.3.rel1.win32_1.1.100.202309141235/tools/bin/../lib/gcc/arm-none-eabi/11.3.1/../../../../arm-none-eabi/lib/thumb/v7e-m+fp/hard\libc_nano.a(libc_a-nano-vfprintf.o)
                0x0000000008004fe0                __sfputs_r
 .text._vfprintf_r
                0x0000000008005004      0x234 C:/ST/STM32CubeIDE_1.13.2/STM32CubeIDE/plugins/com.st.stm32cube.ide.mcu.externaltools.gnu-tools-for-stm32.11.3.rel1.win32_1.1.100.202309141235/tools/bin/../lib/gcc/arm-none-eabi/11.3.1/../../../../arm-none-eabi/lib/thumb/v7e-m+fp/hard\libc_nano.a(libc_a-nano-vfprintf.o)
                0x0000000008005004                _vfiprintf_r
                0x0000000008005004                _vfprintf_r
 .text._printf_common
                0x0000000008005238       0xda C:/ST/STM32CubeIDE_1.13.2/STM32CubeIDE/plugins/com.st.stm32cube.ide.mcu.externaltools.gnu-tools-for-stm32.11.3.rel1.win32_1.1.100.202309141235/tools/bin/../lib/gcc/arm-none-eabi/11.3.1/../../../../arm-none-eabi/lib/thumb/v7e-m+fp/hard\libc_nano.a(libc_a-nano-vfprintf_i.o)
                0x0000000008005238                _printf_common
 *fill*         0x0000000008005312        0x2 
 .text._printf_i
                0x0000000008005314      0x244 C:/ST/STM32CubeIDE_1.13.2/STM32CubeIDE/plugins/com.st.stm32cube.ide.mcu.externaltools.gnu-tools-for-stm32.11.3.rel1.win32_1.1.100.202309141235/tools/bin/../lib/gcc/arm-none-eabi/11.3.1/../../../../arm-none-eabi/lib/thumb/v7e-m+fp/hard\libc_nano.a(libc_a-nano-vfprintf_i.o)
                0x0000000008005314                _printf_i
 .text.__swhatbuf_r
                0x0000000008005558       0x4c C:/ST/STM32CubeIDE_1.13.2/STM32CubeIDE/plugins/com.st.stm32cube.ide.mcu.externaltools.gnu-tools-for-stm32.11.3.rel1.win32_1.1.100.202309141235/tools/bin/../lib/gcc/arm-none-eabi/11.3.1/../../../../arm-none-eabi/lib/thumb/v7e-m+fp/hard\libc_nano.a(libc_a-makebuf.o)
                0x0000000008005558                __swhatbuf_r
 .text.__smakebuf_r
                0x00000000080055a4       0x78 C:/ST/STM32CubeIDE_1.13.2/STM32CubeIDE/plugins/com.st.stm32cube.ide.mcu.externaltools.gnu-tools-for-stm32.11.3.rel1.win32_1.1.100.202309141235/tools/bin/../lib/gcc/arm-none-eabi/11.3.1/../../../../arm-none-eabi/lib/thumb/v7e-m+fp/hard\libc_nano.a(libc_a-makebuf.o)
                0x00000000080055a4                __smakebuf_r
 .text._raise_r
                0x000000000800561c       0x50 C:/ST/STM32CubeIDE_1.13.2/STM32CubeIDE/plugins/com.st.stm32cube.ide.mcu.externaltools.gnu-tools-for-stm32.11.3.rel1.win32_1.1.100.202309141235/tools/bin/../lib/gcc/arm-none-eabi/11.3.1/../../../../arm-none-eabi/lib/thumb/v7e-m+fp/hard\libc_nano.a(libc_a-signal.o)
                0x000000000800561c                _raise_r
 .text.raise    0x000000000800566c       0x10 C:/ST/STM32CubeIDE_1.13.2/STM32CubeIDE/plugins/com.st.stm32cube.ide.mcu.externaltools.gnu-tools-for-stm32.11.3.rel1.win32_1.1.100.202309141235/tools/bin/../lib/gcc/arm-none-eabi/11.3.1/../../../../arm-none-eabi/lib/thumb/v7e-m+fp/hard\libc_nano.a(libc_a-signal.o)
                0x000000000800566c                raise
 .text._fstat_r
                0x000000000800567c       0x24 C:/ST/STM32CubeIDE_1.13.2/STM32CubeIDE/plugins/com.st.stm32cube.ide.mcu.externaltools.gnu-tools-for-stm32.11.3.rel1.win32_1.1.100.202309141235/tools/bin/../lib/gcc/arm-none-eabi/11.3.1/../../../../arm-none-eabi/lib/thumb/v7e-m+fp/hard\libc_nano.a(libc_a-fstatr.o)
                0x000000000800567c                _fstat_r
 .text._isatty_r
                0x00000000080056a0       0x20 C:/ST/STM32CubeIDE_1.13.2/STM32CubeIDE/plugins/com.st.stm32cube.ide.mcu.externaltools.gnu-tools-for-stm32.11.3.rel1.win32_1.1.100.202309141235/tools/bin/../lib/gcc/arm-none-eabi/11.3.1/../../../../arm-none-eabi/lib/thumb/v7e-m+fp/hard\libc_nano.a(libc_a-isattyr.o)
                0x00000000080056a0                _isatty_r
 .text._kill_r  0x00000000080056c0       0x24 C:/ST/STM32CubeIDE_1.13.2/STM32CubeIDE/plugins/com.st.stm32cube.ide.mcu.externaltools.gnu-tools-for-stm32.11.3.rel1.win32_1.1.100.202309141235/tools/bin/../lib/gcc/arm-none-eabi/11.3.1/../../../../arm-none-eabi/lib/thumb/v7e-m+fp/hard\libc_nano.a(libc_a-signalr.o)
                0x00000000080056c0                _kill_r
 .text._getpid_r
                0x00000000080056e4        0x4 C:/ST/STM32CubeIDE_1.13.2/STM32CubeIDE/plugins/com.st.stm32cube.ide.mcu.externaltools.gnu-tools-for-stm32.11.3.rel1.win32_1.1.100.202309141235/tools/bin/../lib/gcc/arm-none-eabi/11.3.1/../../../../arm-none-eabi/lib/thumb/v7e-m+fp/hard\libc_nano.a(libc_a-signalr.o)
                0x00000000080056e4                _getpid_r
 .text.log10f   0x00000000080056e8       0x5c C:/ST/STM32CubeIDE_1.13.2/STM32CubeIDE/plugins/com.st.stm32cube.ide.mcu.externaltools.gnu-tools-for-stm32.11.3.rel1.win32_1.1.100.202309141235/tools/bin/../lib/gcc/arm-none-eabi/11.3.1/../../../../arm-none-eabi/lib/thumb/v7e-m+fp/hard\libm.a(libm_a-wf_log10.o)
                0x00000000080056e8                log10f
 .text.nanf     0x0000000008005744        0xc C:/ST/STM32CubeIDE_1.13.2/STM32CubeIDE/plugins/com.st.stm32cube.ide.mcu.externaltools.gnu-tools-for-stm32.11.3.rel1.win32_1.1.100.202309141235/tools/bin/../lib/gcc/arm-none-eabi/11.3.1/../../../../arm-none-eabi/lib/thumb/v7e-m+fp/hard\libm.a(libm_a-sf_nan.o)
                0x0000000008005744                nanf
 .text.__ieee754_log10f
                0x0000000008005750       0xb0 C:/ST/STM32CubeIDE_1.13.2/STM32CubeIDE/plugins/com.st.stm32cube.ide.mcu.externaltools.gnu-tools-for-stm32.11.3.rel1.win32_1.1.100.202309141235/tools/bin/../lib/gcc/arm-none-eabi/11.3.1/../../../../arm-none-eabi/lib/thumb/v7e-m+fp/hard\libm.a(libm_a-ef_log10.o)
                0x0000000008005750                __ieee754_log10f
 .text.__ieee754_logf
                0x0000000008005800      0x1e4 C:/ST/STM32CubeIDE_1.13.2/STM32CubeIDE/plugins/com.st.stm32cube.ide.mcu.externaltools.gnu-tools-for-stm32.11.3.rel1.win32_1.1.100.202309141235/tools/bin/../lib/gcc/arm-none-eabi/11.3.1/../../../../arm-none-eabi/lib/thumb/v7e-m+fp/hard\libm.a(libm_a-ef_log.o)
                0x0000000008005800                __ieee754_logf
 *(.glue_7)
 .glue_7        0x00000000080059e4        0x0 linker stubs
 *(.glue_7t)
 .glue_7t       0x00000000080059e4        0x0 linker stubs
 *(.eh_frame)
 .eh_frame      0x00000000080059e4        0x0 C:/ST/STM32CubeIDE_1.13.2/STM32CubeIDE/plugins/com.st.stm32cube.ide.mcu.externaltools.gnu-tools-for-stm32.11.3.rel1.win32_1.1.100.202309141235/tools/bin/../lib/gcc/arm-none-eabi/11.3.1/thumb/v7e-m+fp/hard/crtbegin.o
 *(.init)
 .init          0x00000000080059e4        0x4 C:/ST/STM32CubeIDE_1.13.2/STM32CubeIDE/plugins/com.st.stm32cube.ide.mcu.externaltools.gnu-tools-for-stm32.11.3.rel1.win32_1.1.100.202309141235/tools/bin/../lib/gcc/arm-none-eabi/11.3.1/thumb/v7e-m+fp/hard/crti.o
                0x00000000080059e4                _init
 .init          0x00000000080059e8        0x8 C:/ST/STM32CubeIDE_1.13.2/STM32CubeIDE/plugins/com.st.stm32cube.ide.mcu.externaltools.gnu-tools-for-stm32.11.3.rel1.win32_1.1.100.202309141235/tools/bin/../lib/gcc/arm-none-eabi/11.3.1/thumb/v7e-m+fp/hard/crtn.o
 *(.fini)
 .fini          0x00000000080059f0        0x4 C:/ST/STM32CubeIDE_1.13.2/STM32CubeIDE/plugins/com.st.stm32cube.ide.mcu.externaltools.gnu-tools-for-stm32.11.3.rel1.win32_1.1.100.202309141235/tools/bin/../lib/gcc/arm-none-eabi/11.3.1/thumb/v7e-m+fp/hard/crti.o
                0x00000000080059f0                _fini
 .fini          0x00000000080059f4        0x8 C:/ST/STM32CubeIDE_1.13.2/STM32CubeIDE/plugins/com.st.stm32cube.ide.mcu.externaltools.gnu-tools-for-stm32.11.3.rel1.win32_1.1.100.202309141235/tools/bin/../lib/gcc/arm-none-eabi/11.3.1/thumb/v7e-m+fp/hard/crtn.o
                0x00000000080059fc                . = ALIGN (0x4)
                0x00000000080059fc                _etext = .

.vfp11_veneer   0x00000000080059fc        0x0
 .vfp11_veneer  0x00000000080059fc        0x0 linker stubs

.v4_bx          0x00000000080059fc        0x0
 .v4_bx         0x00000000080059fc        0x0 linker stubs

.iplt           0x00000000080059fc        0x0
 .iplt          0x00000000080059fc        0x0 C:/ST/STM32CubeIDE_1.13.2/STM32CubeIDE/plugins/com.st.stm32cube.ide.mcu.externaltools.gnu-tools-for-stm32.11.3.rel1.win32_1.1.100.202309141235/tools/bin/../lib/gcc/arm-none-eabi/11.3.1/thumb/v7e-m+fp/hard/crtbegin.o

.rodata         0x00000000080059fc    0x13510
                0x00000000080059fc                . = ALIGN (0x4)
 *(.rodata)
 *(.rodata*)
 .rodata.AHBPrescTable
                0x00000000080059fc       0x10 ./Core/Src/system_stm32f4xx.o
                0x00000000080059fc                AHBPrescTable
 .rodata.APBPrescTable
                0x0000000008005a0c        0x8 ./Core/Src/system_stm32f4xx.o
                0x0000000008005a0c                APBPrescTable
 .rodata.init_cmds1
                0x0000000008005a14       0x3b ./Core/Src/st7735/st7735.o
 *fill*         0x0000000008005a4f        0x1 
 .rodata.init_cmds2
                0x0000000008005a50        0xf ./Core/Src/st7735/st7735.o
 *fill*         0x0000000008005a5f        0x1 
 .rodata.init_cmds3
                0x0000000008005a60       0x2b ./Core/Src/st7735/st7735.o
 *fill*         0x0000000008005a8b        0x1 
 .rodata.u8g2_font_nerhoe_tr
                0x0000000008005a8c      0x3ad ./Core/Src/u8g2/u8g2_fonts.o
                0x0000000008005a8c                u8g2_font_nerhoe_tr
 *fill*         0x0000000008005e39        0x3 
 .rodata.flagBitshiftOffset.0
                0x0000000008005e3c        0x8 ./Drivers/STM32F4xx_HAL_Driver/Src/stm32f4xx_hal_dma.o
 .rodata.armBitRevIndexTable1024
                0x0000000008005e44      0xe10 ../Middlewares/ST/ARM/DSP/Lib\libarm_cortexM4lf_math.a(arm_common_tables.o)
                0x0000000008005e44                armBitRevIndexTable1024
 .rodata.armBitRevIndexTable128
                0x0000000008006c54      0x1a0 ../Middlewares/ST/ARM/DSP/Lib\libarm_cortexM4lf_math.a(arm_common_tables.o)
                0x0000000008006c54                armBitRevIndexTable128
 .rodata.armBitRevIndexTable16
                0x0000000008006df4       0x28 ../Middlewares/ST/ARM/DSP/Lib\libarm_cortexM4lf_math.a(arm_common_tables.o)
                0x0000000008006df4                armBitRevIndexTable16
 .rodata.armBitRevIndexTable2048
                0x0000000008006e1c     0x1dc0 ../Middlewares/ST/ARM/DSP/Lib\libarm_cortexM4lf_math.a(arm_common_tables.o)
                0x0000000008006e1c                armBitRevIndexTable2048
 .rodata.armBitRevIndexTable256
                0x0000000008008bdc      0x370 ../Middlewares/ST/ARM/DSP/Lib\libarm_cortexM4lf_math.a(arm_common_tables.o)
                0x0000000008008bdc                armBitRevIndexTable256
 .rodata.armBitRevIndexTable32
                0x0000000008008f4c       0x60 ../Middlewares/ST/ARM/DSP/Lib\libarm_cortexM4lf_math.a(arm_common_tables.o)
                0x0000000008008f4c                armBitRevIndexTable32
 .rodata.armBitRevIndexTable512
                0x0000000008008fac      0x380 ../Middlewares/ST/ARM/DSP/Lib\libarm_cortexM4lf_math.a(arm_common_tables.o)
                0x0000000008008fac                armBitRevIndexTable512
 .rodata.twiddleCoef_1024
                0x000000000800932c     0x2000 ../Middlewares/ST/ARM/DSP/Lib\libarm_cortexM4lf_math.a(arm_common_tables.o)
                0x000000000800932c                twiddleCoef_1024
 .rodata.twiddleCoef_128
                0x000000000800b32c      0x400 ../Middlewares/ST/ARM/DSP/Lib\libarm_cortexM4lf_math.a(arm_common_tables.o)
                0x000000000800b32c                twiddleCoef_128
 .rodata.twiddleCoef_16
                0x000000000800b72c       0x80 ../Middlewares/ST/ARM/DSP/Lib\libarm_cortexM4lf_math.a(arm_common_tables.o)
                0x000000000800b72c                twiddleCoef_16
 .rodata.twiddleCoef_2048
                0x000000000800b7ac     0x4000 ../Middlewares/ST/ARM/DSP/Lib\libarm_cortexM4lf_math.a(arm_common_tables.o)
                0x000000000800b7ac                twiddleCoef_2048
 .rodata.twiddleCoef_256
                0x000000000800f7ac      0x800 ../Middlewares/ST/ARM/DSP/Lib\libarm_cortexM4lf_math.a(arm_common_tables.o)
                0x000000000800f7ac                twiddleCoef_256
 .rodata.twiddleCoef_32
                0x000000000800ffac      0x100 ../Middlewares/ST/ARM/DSP/Lib\libarm_cortexM4lf_math.a(arm_common_tables.o)
                0x000000000800ffac                twiddleCoef_32
 .rodata.twiddleCoef_512
                0x00000000080100ac     0x1000 ../Middlewares/ST/ARM/DSP/Lib\libarm_cortexM4lf_math.a(arm_common_tables.o)
                0x00000000080100ac                twiddleCoef_512
 .rodata.twiddleCoef_rfft_1024
                0x00000000080110ac     0x1000 ../Middlewares/ST/ARM/DSP/Lib\libarm_cortexM4lf_math.a(arm_common_tables.o)
                0x00000000080110ac                twiddleCoef_rfft_1024
 .rodata.twiddleCoef_rfft_2048
                0x00000000080120ac     0x2000 ../Middlewares/ST/ARM/DSP/Lib\libarm_cortexM4lf_math.a(arm_common_tables.o)
                0x00000000080120ac                twiddleCoef_rfft_2048
 .rodata.twiddleCoef_rfft_256
                0x00000000080140ac      0x400 ../Middlewares/ST/ARM/DSP/Lib\libarm_cortexM4lf_math.a(arm_common_tables.o)
                0x00000000080140ac                twiddleCoef_rfft_256
 .rodata.twiddleCoef_rfft_32
                0x00000000080144ac       0x80 ../Middlewares/ST/ARM/DSP/Lib\libarm_cortexM4lf_math.a(arm_common_tables.o)
                0x00000000080144ac                twiddleCoef_rfft_32
 .rodata.twiddleCoef_rfft_4096
                0x000000000801452c     0x4000 ../Middlewares/ST/ARM/DSP/Lib\libarm_cortexM4lf_math.a(arm_common_tables.o)
                0x000000000801452c                twiddleCoef_rfft_4096
 .rodata.twiddleCoef_rfft_512
                0x000000000801852c      0x800 ../Middlewares/ST/ARM/DSP/Lib\libarm_cortexM4lf_math.a(arm_common_tables.o)
                0x000000000801852c                twiddleCoef_rfft_512
 .rodata.twiddleCoef_rfft_64
                0x0000000008018d2c      0x100 ../Middlewares/ST/ARM/DSP/Lib\libarm_cortexM4lf_math.a(arm_common_tables.o)
                0x0000000008018d2c                twiddleCoef_rfft_64
 .rodata.srand.str1.1
                0x0000000008018e2c       0x6f C:/ST/STM32CubeIDE_1.13.2/STM32CubeIDE/plugins/com.st.stm32cube.ide.mcu.externaltools.gnu-tools-for-stm32.11.3.rel1.win32_1.1.100.202309141235/tools/bin/../lib/gcc/arm-none-eabi/11.3.1/../../../../arm-none-eabi/lib/thumb/v7e-m+fp/hard\libc_nano.a(libc_a-rand.o)
 .rodata.__assert_func.str1.1
                0x0000000008018e9b       0x3c C:/ST/STM32CubeIDE_1.13.2/STM32CubeIDE/plugins/com.st.stm32cube.ide.mcu.externaltools.gnu-tools-for-stm32.11.3.rel1.win32_1.1.100.202309141235/tools/bin/../lib/gcc/arm-none-eabi/11.3.1/../../../../arm-none-eabi/lib/thumb/v7e-m+fp/hard\libc_nano.a(libc_a-assert.o)
                                         0x3d (size before relaxing)
 .rodata._vfprintf_r.str1.1
                0x0000000008018ed7       0x11 C:/ST/STM32CubeIDE_1.13.2/STM32CubeIDE/plugins/com.st.stm32cube.ide.mcu.externaltools.gnu-tools-for-stm32.11.3.rel1.win32_1.1.100.202309141235/tools/bin/../lib/gcc/arm-none-eabi/11.3.1/../../../../arm-none-eabi/lib/thumb/v7e-m+fp/hard\libc_nano.a(libc_a-nano-vfprintf.o)
 .rodata._printf_i.str1.1
                0x0000000008018ee8       0x22 C:/ST/STM32CubeIDE_1.13.2/STM32CubeIDE/plugins/com.st.stm32cube.ide.mcu.externaltools.gnu-tools-for-stm32.11.3.rel1.win32_1.1.100.202309141235/tools/bin/../lib/gcc/arm-none-eabi/11.3.1/../../../../arm-none-eabi/lib/thumb/v7e-m+fp/hard\libc_nano.a(libc_a-nano-vfprintf_i.o)
 .rodata.log10f.str1.1
                0x0000000008018f0a        0x1 C:/ST/STM32CubeIDE_1.13.2/STM32CubeIDE/plugins/com.st.stm32cube.ide.mcu.externaltools.gnu-tools-for-stm32.11.3.rel1.win32_1.1.100.202309141235/tools/bin/../lib/gcc/arm-none-eabi/11.3.1/../../../../arm-none-eabi/lib/thumb/v7e-m+fp/hard\libm.a(libm_a-wf_log10.o)
                0x0000000008018f0c                . = ALIGN (0x4)
 *fill*         0x0000000008018f0a        0x2 

.ARM.extab      0x0000000008018f0c        0x0
                0x0000000008018f0c                . = ALIGN (0x4)
 *(.ARM.extab* .gnu.linkonce.armextab.*)
                0x0000000008018f0c                . = ALIGN (0x4)

.ARM            0x0000000008018f0c        0x8
                0x0000000008018f0c                . = ALIGN (0x4)
                0x0000000008018f0c                __exidx_start = .
 *(.ARM.exidx*)
 .ARM.exidx     0x0000000008018f0c        0x8 C:/ST/STM32CubeIDE_1.13.2/STM32CubeIDE/plugins/com.st.stm32cube.ide.mcu.externaltools.gnu-tools-for-stm32.11.3.rel1.win32_1.1.100.202309141235/tools/bin/../lib/gcc/arm-none-eabi/11.3.1/thumb/v7e-m+fp/hard\libgcc.a(_udivmoddi4.o)
                0x0000000008018f14                __exidx_end = .
                0x0000000008018f14                . = ALIGN (0x4)

.rel.dyn        0x0000000008018f14        0x0
 .rel.iplt      0x0000000008018f14        0x0 C:/ST/STM32CubeIDE_1.13.2/STM32CubeIDE/plugins/com.st.stm32cube.ide.mcu.externaltools.gnu-tools-for-stm32.11.3.rel1.win32_1.1.100.202309141235/tools/bin/../lib/gcc/arm-none-eabi/11.3.1/thumb/v7e-m+fp/hard/crtbegin.o

.preinit_array  0x0000000008018f14        0x0
                0x0000000008018f14                . = ALIGN (0x4)
                0x0000000008018f14                PROVIDE (__preinit_array_start = .)
 *(.preinit_array*)
                0x0000000008018f14                PROVIDE (__preinit_array_end = .)
                0x0000000008018f14                . = ALIGN (0x4)

.init_array     0x0000000008018f14        0x4
                0x0000000008018f14                . = ALIGN (0x4)
                0x0000000008018f14                PROVIDE (__init_array_start = .)
 *(SORT_BY_NAME(.init_array.*))
 *(.init_array*)
 .init_array    0x0000000008018f14        0x4 C:/ST/STM32CubeIDE_1.13.2/STM32CubeIDE/plugins/com.st.stm32cube.ide.mcu.externaltools.gnu-tools-for-stm32.11.3.rel1.win32_1.1.100.202309141235/tools/bin/../lib/gcc/arm-none-eabi/11.3.1/thumb/v7e-m+fp/hard/crtbegin.o
                0x0000000008018f18                PROVIDE (__init_array_end = .)
                0x0000000008018f18                . = ALIGN (0x4)

.fini_array     0x0000000008018f18        0x4
                0x0000000008018f18                . = ALIGN (0x4)
                [!provide]                        PROVIDE (__fini_array_start = .)
 *(SORT_BY_NAME(.fini_array.*))
 *(.fini_array*)
 .fini_array    0x0000000008018f18        0x4 C:/ST/STM32CubeIDE_1.13.2/STM32CubeIDE/plugins/com.st.stm32cube.ide.mcu.externaltools.gnu-tools-for-stm32.11.3.rel1.win32_1.1.100.202309141235/tools/bin/../lib/gcc/arm-none-eabi/11.3.1/thumb/v7e-m+fp/hard/crtbegin.o
                [!provide]                        PROVIDE (__fini_array_end = .)
                0x0000000008018f1c                . = ALIGN (0x4)
                0x0000000008018f1c                _sidata = LOADADDR (.data)

.data           0x0000000020000000       0xc0 load address 0x0000000008018f1c
                0x0000000020000000                . = ALIGN (0x4)
                0x0000000020000000                _sdata = .
 *(.data)
 *(.data*)
 .data.chosen_freqs
                0x0000000020000000       0x40 ./Core/Src/global_variables.o
                0x0000000020000000                chosen_freqs
 .data.maxMagnitude
                0x0000000020000040        0x4 ./Core/Src/global_variables.o
                0x0000000020000040                maxMagnitude
 .data.maxMagnitude1
                0x0000000020000044        0x4 ./Core/Src/global_variables.o
                0x0000000020000044                maxMagnitude1
 .data.offset2  0x0000000020000048        0x4 ./Core/Src/global_variables.o
                0x0000000020000048                offset2
 .data.r        0x000000002000004c        0x1 ./Core/Src/global_variables.o
                0x000000002000004c                r
 *fill*         0x000000002000004d        0x3 
 .data.value    0x0000000020000050        0x4 ./Core/Src/global_variables.o
                0x0000000020000050                value
 .data.SystemCoreClock
                0x0000000020000054        0x4 ./Core/Src/system_stm32f4xx.o
                0x0000000020000054                SystemCoreClock
 .data._height  0x0000000020000058        0x2 ./Core/Src/st7735/st7735.o
 .data._width   0x000000002000005a        0x2 ./Core/Src/st7735/st7735.o
 .data._xstart  0x000000002000005c        0x1 ./Core/Src/st7735/st7735.o
 .data._ystart  0x000000002000005d        0x1 ./Core/Src/st7735/st7735.o
 .data.uwTickFreq
                0x000000002000005e        0x1 ./Drivers/STM32F4xx_HAL_Driver/Src/stm32f4xx_hal.o
                0x000000002000005e                uwTickFreq
 *fill*         0x000000002000005f        0x1 
 .data.uwTickPrio
                0x0000000020000060        0x4 ./Drivers/STM32F4xx_HAL_Driver/Src/stm32f4xx_hal.o
                0x0000000020000060                uwTickPrio
 .data.__sglue  0x0000000020000064        0xc C:/ST/STM32CubeIDE_1.13.2/STM32CubeIDE/plugins/com.st.stm32cube.ide.mcu.externaltools.gnu-tools-for-stm32.11.3.rel1.win32_1.1.100.202309141235/tools/bin/../lib/gcc/arm-none-eabi/11.3.1/../../../../arm-none-eabi/lib/thumb/v7e-m+fp/hard\libc_nano.a(libc_a-findfp.o)
                0x0000000020000064                __sglue
 .data._impure_data
                0x0000000020000070       0x4c C:/ST/STM32CubeIDE_1.13.2/STM32CubeIDE/plugins/com.st.stm32cube.ide.mcu.externaltools.gnu-tools-for-stm32.11.3.rel1.win32_1.1.100.202309141235/tools/bin/../lib/gcc/arm-none-eabi/11.3.1/../../../../arm-none-eabi/lib/thumb/v7e-m+fp/hard\libc_nano.a(libc_a-impure.o)
                0x0000000020000070                _impure_data
 .data._impure_ptr
                0x00000000200000bc        0x4 C:/ST/STM32CubeIDE_1.13.2/STM32CubeIDE/plugins/com.st.stm32cube.ide.mcu.externaltools.gnu-tools-for-stm32.11.3.rel1.win32_1.1.100.202309141235/tools/bin/../lib/gcc/arm-none-eabi/11.3.1/../../../../arm-none-eabi/lib/thumb/v7e-m+fp/hard\libc_nano.a(libc_a-impure.o)
                0x00000000200000bc                _impure_ptr
 *(.RamFunc)
 *(.RamFunc*)
                0x00000000200000c0                . = ALIGN (0x4)
                0x00000000200000c0                _edata = .

.igot.plt       0x00000000200000c0        0x0 load address 0x0000000008018fdc
 .igot.plt      0x00000000200000c0        0x0 C:/ST/STM32CubeIDE_1.13.2/STM32CubeIDE/plugins/com.st.stm32cube.ide.mcu.externaltools.gnu-tools-for-stm32.11.3.rel1.win32_1.1.100.202309141235/tools/bin/../lib/gcc/arm-none-eabi/11.3.1/thumb/v7e-m+fp/hard/crtbegin.o
                0x00000000200000c0                . = ALIGN (0x4)

.bss            0x00000000200000c0     0x6c20 load address 0x0000000008018fdc
                0x00000000200000c0                _sbss = .
                0x00000000200000c0                __bss_start__ = _sbss
 *(.bss)
 .bss           0x00000000200000c0       0x1c C:/ST/STM32CubeIDE_1.13.2/STM32CubeIDE/plugins/com.st.stm32cube.ide.mcu.externaltools.gnu-tools-for-stm32.11.3.rel1.win32_1.1.100.202309141235/tools/bin/../lib/gcc/arm-none-eabi/11.3.1/thumb/v7e-m+fp/hard/crtbegin.o
 *(.bss*)
 .bss.adc_buffer
                0x00000000200000dc     0x4000 ./Core/Src/global_variables.o
                0x00000000200000dc                adc_buffer
 .bss.audio_bar_height
                0x00000000200040dc       0x20 ./Core/Src/global_variables.o
                0x00000000200040dc                audio_bar_height
 .bss.audio_bar_peak
                0x00000000200040fc       0x20 ./Core/Src/global_variables.o
                0x00000000200040fc                audio_bar_peak
 .bss.buffer_state
                0x000000002000411c        0x1 ./Core/Src/global_variables.o
                0x000000002000411c                buffer_state
 .bss.display_state
                0x000000002000411d        0x1 ./Core/Src/global_variables.o
                0x000000002000411d                display_state
 *fill*         0x000000002000411e        0x2 
 .bss.fft_handler
                0x0000000020004120       0x18 ./Core/Src/global_variables.o
                0x0000000020004120                fft_handler
 .bss.fft_input_buffer
                0x0000000020004138     0x1000 ./Core/Src/global_variables.o
                0x0000000020004138                fft_input_buffer
 .bss.fft_output_buffer
                0x0000000020005138     0x1000 ./Core/Src/global_variables.o
                0x0000000020005138                fft_output_buffer
 .bss.freqs     0x0000000020006138      0x800 ./Core/Src/global_variables.o
                0x0000000020006138                freqs
 .bss.maxIndex  0x0000000020006938        0x4 ./Core/Src/global_variables.o
                0x0000000020006938                maxIndex
 .bss.maxValue  0x000000002000693c        0x2 ./Core/Src/global_variables.o
                0x000000002000693c                maxValue
 *fill*         0x000000002000693e        0x2 
 .bss.offset    0x0000000020006940        0x4 ./Core/Src/global_variables.o
                0x0000000020006940                offset
 .bss.random_value
                0x0000000020006944        0x4 ./Core/Src/global_variables.o
                0x0000000020006944                random_value
 .bss.xxx       0x0000000020006948        0x4 ./Core/Src/global_variables.o
                0x0000000020006948                xxx
 .bss.hi2c3     0x000000002000694c       0x54 ./Core/Src/i2c.o
                0x000000002000694c                hi2c3
 .bss.hdma_spi2_rx
                0x00000000200069a0       0x60 ./Core/Src/i2s.o
                0x00000000200069a0                hdma_spi2_rx
 .bss.hi2s2     0x0000000020006a00       0x48 ./Core/Src/i2s.o
                0x0000000020006a00                hi2s2
 .bss.u8g2      0x0000000020006a48       0x88 ./Core/Src/main.o
 .bss.hdma_spi1_tx
                0x0000000020006ad0       0x60 ./Core/Src/spi.o
                0x0000000020006ad0                hdma_spi1_tx
 .bss.hspi1     0x0000000020006b30       0x58 ./Core/Src/spi.o
                0x0000000020006b30                hspi1
 .bss.__sbrk_heap_end
                0x0000000020006b88        0x4 ./Core/Src/sysmem.o
 .bss._value_rotation
                0x0000000020006b8c        0x1 ./Core/Src/st7735/st7735.o
 *fill*         0x0000000020006b8d        0x3 
 .bss.uwTick    0x0000000020006b90        0x4 ./Drivers/STM32F4xx_HAL_Driver/Src/stm32f4xx_hal.o
                0x0000000020006b90                uwTick
 .bss.__sf      0x0000000020006b94      0x138 C:/ST/STM32CubeIDE_1.13.2/STM32CubeIDE/plugins/com.st.stm32cube.ide.mcu.externaltools.gnu-tools-for-stm32.11.3.rel1.win32_1.1.100.202309141235/tools/bin/../lib/gcc/arm-none-eabi/11.3.1/../../../../arm-none-eabi/lib/thumb/v7e-m+fp/hard\libc_nano.a(libc_a-findfp.o)
                0x0000000020006b94                __sf
 .bss.__stdio_exit_handler
                0x0000000020006ccc        0x4 C:/ST/STM32CubeIDE_1.13.2/STM32CubeIDE/plugins/com.st.stm32cube.ide.mcu.externaltools.gnu-tools-for-stm32.11.3.rel1.win32_1.1.100.202309141235/tools/bin/../lib/gcc/arm-none-eabi/11.3.1/../../../../arm-none-eabi/lib/thumb/v7e-m+fp/hard\libc_nano.a(libc_a-findfp.o)
                0x0000000020006ccc                __stdio_exit_handler
 .bss.errno     0x0000000020006cd0        0x4 C:/ST/STM32CubeIDE_1.13.2/STM32CubeIDE/plugins/com.st.stm32cube.ide.mcu.externaltools.gnu-tools-for-stm32.11.3.rel1.win32_1.1.100.202309141235/tools/bin/../lib/gcc/arm-none-eabi/11.3.1/../../../../arm-none-eabi/lib/thumb/v7e-m+fp/hard\libc_nano.a(libc_a-reent.o)
                0x0000000020006cd0                errno
 .bss.__lock___malloc_recursive_mutex
                0x0000000020006cd4        0x1 C:/ST/STM32CubeIDE_1.13.2/STM32CubeIDE/plugins/com.st.stm32cube.ide.mcu.externaltools.gnu-tools-for-stm32.11.3.rel1.win32_1.1.100.202309141235/tools/bin/../lib/gcc/arm-none-eabi/11.3.1/../../../../arm-none-eabi/lib/thumb/v7e-m+fp/hard\libc_nano.a(libc_a-lock.o)
                0x0000000020006cd4                __lock___malloc_recursive_mutex
 .bss.__lock___sfp_recursive_mutex
                0x0000000020006cd5        0x1 C:/ST/STM32CubeIDE_1.13.2/STM32CubeIDE/plugins/com.st.stm32cube.ide.mcu.externaltools.gnu-tools-for-stm32.11.3.rel1.win32_1.1.100.202309141235/tools/bin/../lib/gcc/arm-none-eabi/11.3.1/../../../../arm-none-eabi/lib/thumb/v7e-m+fp/hard\libc_nano.a(libc_a-lock.o)
                0x0000000020006cd5                __lock___sfp_recursive_mutex
 *fill*         0x0000000020006cd6        0x2 
 .bss.__malloc_free_list
                0x0000000020006cd8        0x4 C:/ST/STM32CubeIDE_1.13.2/STM32CubeIDE/plugins/com.st.stm32cube.ide.mcu.externaltools.gnu-tools-for-stm32.11.3.rel1.win32_1.1.100.202309141235/tools/bin/../lib/gcc/arm-none-eabi/11.3.1/../../../../arm-none-eabi/lib/thumb/v7e-m+fp/hard\libc_nano.a(libc_a-mallocr.o)
                0x0000000020006cd8                __malloc_free_list
 .bss.__malloc_sbrk_start
                0x0000000020006cdc        0x4 C:/ST/STM32CubeIDE_1.13.2/STM32CubeIDE/plugins/com.st.stm32cube.ide.mcu.externaltools.gnu-tools-for-stm32.11.3.rel1.win32_1.1.100.202309141235/tools/bin/../lib/gcc/arm-none-eabi/11.3.1/../../../../arm-none-eabi/lib/thumb/v7e-m+fp/hard\libc_nano.a(libc_a-mallocr.o)
                0x0000000020006cdc                __malloc_sbrk_start
 *(COMMON)
                0x0000000020006ce0                . = ALIGN (0x4)
                0x0000000020006ce0                _ebss = .
                0x0000000020006ce0                __bss_end__ = _ebss

._user_heap_stack
                0x0000000020006ce0      0x600 load address 0x0000000008018fdc
                0x0000000020006ce0                . = ALIGN (0x8)
                [!provide]                        PROVIDE (end = .)
                0x0000000020006ce0                PROVIDE (_end = .)
                0x0000000020006ee0                . = (. + _Min_Heap_Size)
 *fill*         0x0000000020006ce0      0x200 
                0x00000000200072e0                . = (. + _Min_Stack_Size)
 *fill*         0x0000000020006ee0      0x400 
                0x00000000200072e0                . = ALIGN (0x8)

/DISCARD/
 libc.a(*)
 libm.a(*)
 libgcc.a(*)

.ARM.attributes
                0x0000000000000000       0x30
 *(.ARM.attributes)
 .ARM.attributes
                0x0000000000000000       0x1e C:/ST/STM32CubeIDE_1.13.2/STM32CubeIDE/plugins/com.st.stm32cube.ide.mcu.externaltools.gnu-tools-for-stm32.11.3.rel1.win32_1.1.100.202309141235/tools/bin/../lib/gcc/arm-none-eabi/11.3.1/thumb/v7e-m+fp/hard/crti.o
 .ARM.attributes
                0x000000000000001e       0x34 C:/ST/STM32CubeIDE_1.13.2/STM32CubeIDE/plugins/com.st.stm32cube.ide.mcu.externaltools.gnu-tools-for-stm32.11.3.rel1.win32_1.1.100.202309141235/tools/bin/../lib/gcc/arm-none-eabi/11.3.1/thumb/v7e-m+fp/hard/crtbegin.o
 .ARM.attributes
                0x0000000000000052       0x30 ./Core/Src/FFT.o
 .ARM.attributes
                0x0000000000000082       0x30 ./Core/Src/callbacks.o
 .ARM.attributes
                0x00000000000000b2       0x30 ./Core/Src/dma.o
 .ARM.attributes
                0x00000000000000e2       0x30 ./Core/Src/gettimeofday.o
 .ARM.attributes
                0x0000000000000112       0x30 ./Core/Src/global_variables.o
 .ARM.attributes
                0x0000000000000142       0x30 ./Core/Src/gpio.o
 .ARM.attributes
                0x0000000000000172       0x30 ./Core/Src/i2c.o
 .ARM.attributes
                0x00000000000001a2       0x30 ./Core/Src/i2s.o
 .ARM.attributes
                0x00000000000001d2       0x30 ./Core/Src/main.o
 .ARM.attributes
                0x0000000000000202       0x30 ./Core/Src/spi.o
 .ARM.attributes
                0x0000000000000232       0x30 ./Core/Src/stm32f4xx_hal_msp.o
 .ARM.attributes
                0x0000000000000262       0x30 ./Core/Src/stm32f4xx_it.o
 .ARM.attributes
                0x0000000000000292       0x30 ./Core/Src/syscalls.o
 .ARM.attributes
                0x00000000000002c2       0x30 ./Core/Src/sysmem.o
 .ARM.attributes
                0x00000000000002f2       0x30 ./Core/Src/system_stm32f4xx.o
 .ARM.attributes
                0x0000000000000322       0x30 ./Core/Src/st7735/st7735.o
 .ARM.attributes
                0x0000000000000352       0x30 ./Core/Src/u8g2/u8g2_box.o
 .ARM.attributes
                0x0000000000000382       0x30 ./Core/Src/u8g2/u8g2_font.o
 .ARM.attributes
                0x00000000000003b2       0x30 ./Core/Src/u8g2/u8g2_fonts.o
 .ARM.attributes
                0x00000000000003e2       0x30 ./Core/Src/u8g2/u8g2_hvline.o
 .ARM.attributes
                0x0000000000000412       0x30 ./Core/Src/u8g2/u8g2_intersection.o
 .ARM.attributes
                0x0000000000000442       0x21 ./Core/Startup/startup_stm32f401ccux.o
 .ARM.attributes
                0x0000000000000463       0x30 ./Drivers/STM32F4xx_HAL_Driver/Src/stm32f4xx_hal.o
 .ARM.attributes
                0x0000000000000493       0x30 ./Drivers/STM32F4xx_HAL_Driver/Src/stm32f4xx_hal_cortex.o
 .ARM.attributes
                0x00000000000004c3       0x30 ./Drivers/STM32F4xx_HAL_Driver/Src/stm32f4xx_hal_dma.o
 .ARM.attributes
                0x00000000000004f3       0x30 ./Drivers/STM32F4xx_HAL_Driver/Src/stm32f4xx_hal_gpio.o
 .ARM.attributes
                0x0000000000000523       0x30 ./Drivers/STM32F4xx_HAL_Driver/Src/stm32f4xx_hal_i2c.o
 .ARM.attributes
                0x0000000000000553       0x30 ./Drivers/STM32F4xx_HAL_Driver/Src/stm32f4xx_hal_i2s.o
 .ARM.attributes
                0x0000000000000583       0x30 ./Drivers/STM32F4xx_HAL_Driver/Src/stm32f4xx_hal_i2s_ex.o
 .ARM.attributes
                0x00000000000005b3       0x30 ./Drivers/STM32F4xx_HAL_Driver/Src/stm32f4xx_hal_rcc.o
 .ARM.attributes
                0x00000000000005e3       0x30 ./Drivers/STM32F4xx_HAL_Driver/Src/stm32f4xx_hal_rcc_ex.o
 .ARM.attributes
                0x0000000000000613       0x30 ./Drivers/STM32F4xx_HAL_Driver/Src/stm32f4xx_hal_spi.o
 .ARM.attributes
                0x0000000000000643       0x34 ../Middlewares/ST/ARM/DSP/Lib\libarm_cortexM4lf_math.a(arm_mean_f32.o)
 .ARM.attributes
                0x0000000000000677       0x34 ../Middlewares/ST/ARM/DSP/Lib\libarm_cortexM4lf_math.a(arm_max_f32.o)
 .ARM.attributes
                0x00000000000006ab       0x34 ../Middlewares/ST/ARM/DSP/Lib\libarm_cortexM4lf_math.a(arm_rfft_fast_init_f32.o)
 .ARM.attributes
                0x00000000000006df       0x34 ../Middlewares/ST/ARM/DSP/Lib\libarm_cortexM4lf_math.a(arm_rfft_fast_f32.o)
 .ARM.attributes
                0x0000000000000713       0x34 ../Middlewares/ST/ARM/DSP/Lib\libarm_cortexM4lf_math.a(arm_cfft_f32.o)
 .ARM.attributes
                0x0000000000000747       0x34 ../Middlewares/ST/ARM/DSP/Lib\libarm_cortexM4lf_math.a(arm_bitreversal2.o)
 .ARM.attributes
                0x000000000000077b       0x39 ../Middlewares/ST/ARM/DSP/Lib\libarm_cortexM4lf_math.a(arm_common_tables.o)
 .ARM.attributes
                0x00000000000007b4       0x34 ../Middlewares/ST/ARM/DSP/Lib\libarm_cortexM4lf_math.a(arm_cfft_radix8_f32.o)
 .ARM.attributes
                0x00000000000007e8       0x34 C:/ST/STM32CubeIDE_1.13.2/STM32CubeIDE/plugins/com.st.stm32cube.ide.mcu.externaltools.gnu-tools-for-stm32.11.3.rel1.win32_1.1.100.202309141235/tools/bin/../lib/gcc/arm-none-eabi/11.3.1/../../../../arm-none-eabi/lib/thumb/v7e-m+fp/hard\libc_nano.a(libc_a-rand.o)
 .ARM.attributes
                0x000000000000081c       0x34 C:/ST/STM32CubeIDE_1.13.2/STM32CubeIDE/plugins/com.st.stm32cube.ide.mcu.externaltools.gnu-tools-for-stm32.11.3.rel1.win32_1.1.100.202309141235/tools/bin/../lib/gcc/arm-none-eabi/11.3.1/../../../../arm-none-eabi/lib/thumb/v7e-m+fp/hard\libc_nano.a(libc_a-findfp.o)
 .ARM.attributes
                0x0000000000000850       0x34 C:/ST/STM32CubeIDE_1.13.2/STM32CubeIDE/plugins/com.st.stm32cube.ide.mcu.externaltools.gnu-tools-for-stm32.11.3.rel1.win32_1.1.100.202309141235/tools/bin/../lib/gcc/arm-none-eabi/11.3.1/../../../../arm-none-eabi/lib/thumb/v7e-m+fp/hard\libc_nano.a(libc_a-fwalk.o)
 .ARM.attributes
                0x0000000000000884       0x34 C:/ST/STM32CubeIDE_1.13.2/STM32CubeIDE/plugins/com.st.stm32cube.ide.mcu.externaltools.gnu-tools-for-stm32.11.3.rel1.win32_1.1.100.202309141235/tools/bin/../lib/gcc/arm-none-eabi/11.3.1/../../../../arm-none-eabi/lib/thumb/v7e-m+fp/hard\libc_nano.a(libc_a-stdio.o)
 .ARM.attributes
                0x00000000000008b8       0x34 C:/ST/STM32CubeIDE_1.13.2/STM32CubeIDE/plugins/com.st.stm32cube.ide.mcu.externaltools.gnu-tools-for-stm32.11.3.rel1.win32_1.1.100.202309141235/tools/bin/../lib/gcc/arm-none-eabi/11.3.1/../../../../arm-none-eabi/lib/thumb/v7e-m+fp/hard\libc_nano.a(libc_a-memset.o)
 .ARM.attributes
                0x00000000000008ec       0x34 C:/ST/STM32CubeIDE_1.13.2/STM32CubeIDE/plugins/com.st.stm32cube.ide.mcu.externaltools.gnu-tools-for-stm32.11.3.rel1.win32_1.1.100.202309141235/tools/bin/../lib/gcc/arm-none-eabi/11.3.1/../../../../arm-none-eabi/lib/thumb/v7e-m+fp/hard\libc_nano.a(libc_a-time.o)
 .ARM.attributes
                0x0000000000000920       0x34 C:/ST/STM32CubeIDE_1.13.2/STM32CubeIDE/plugins/com.st.stm32cube.ide.mcu.externaltools.gnu-tools-for-stm32.11.3.rel1.win32_1.1.100.202309141235/tools/bin/../lib/gcc/arm-none-eabi/11.3.1/../../../../arm-none-eabi/lib/thumb/v7e-m+fp/hard\libc_nano.a(libc_a-closer.o)
 .ARM.attributes
                0x0000000000000954       0x34 C:/ST/STM32CubeIDE_1.13.2/STM32CubeIDE/plugins/com.st.stm32cube.ide.mcu.externaltools.gnu-tools-for-stm32.11.3.rel1.win32_1.1.100.202309141235/tools/bin/../lib/gcc/arm-none-eabi/11.3.1/../../../../arm-none-eabi/lib/thumb/v7e-m+fp/hard\libc_nano.a(libc_a-reent.o)
 .ARM.attributes
                0x0000000000000988       0x34 C:/ST/STM32CubeIDE_1.13.2/STM32CubeIDE/plugins/com.st.stm32cube.ide.mcu.externaltools.gnu-tools-for-stm32.11.3.rel1.win32_1.1.100.202309141235/tools/bin/../lib/gcc/arm-none-eabi/11.3.1/../../../../arm-none-eabi/lib/thumb/v7e-m+fp/hard\libc_nano.a(libc_a-impure.o)
 .ARM.attributes
                0x00000000000009bc       0x34 C:/ST/STM32CubeIDE_1.13.2/STM32CubeIDE/plugins/com.st.stm32cube.ide.mcu.externaltools.gnu-tools-for-stm32.11.3.rel1.win32_1.1.100.202309141235/tools/bin/../lib/gcc/arm-none-eabi/11.3.1/../../../../arm-none-eabi/lib/thumb/v7e-m+fp/hard\libc_nano.a(libc_a-gettimeofdayr.o)
 .ARM.attributes
                0x00000000000009f0       0x34 C:/ST/STM32CubeIDE_1.13.2/STM32CubeIDE/plugins/com.st.stm32cube.ide.mcu.externaltools.gnu-tools-for-stm32.11.3.rel1.win32_1.1.100.202309141235/tools/bin/../lib/gcc/arm-none-eabi/11.3.1/../../../../arm-none-eabi/lib/thumb/v7e-m+fp/hard\libc_nano.a(libc_a-lseekr.o)
 .ARM.attributes
                0x0000000000000a24       0x34 C:/ST/STM32CubeIDE_1.13.2/STM32CubeIDE/plugins/com.st.stm32cube.ide.mcu.externaltools.gnu-tools-for-stm32.11.3.rel1.win32_1.1.100.202309141235/tools/bin/../lib/gcc/arm-none-eabi/11.3.1/../../../../arm-none-eabi/lib/thumb/v7e-m+fp/hard\libc_nano.a(libc_a-readr.o)
 .ARM.attributes
                0x0000000000000a58       0x34 C:/ST/STM32CubeIDE_1.13.2/STM32CubeIDE/plugins/com.st.stm32cube.ide.mcu.externaltools.gnu-tools-for-stm32.11.3.rel1.win32_1.1.100.202309141235/tools/bin/../lib/gcc/arm-none-eabi/11.3.1/../../../../arm-none-eabi/lib/thumb/v7e-m+fp/hard\libc_nano.a(libc_a-writer.o)
 .ARM.attributes
                0x0000000000000a8c       0x34 C:/ST/STM32CubeIDE_1.13.2/STM32CubeIDE/plugins/com.st.stm32cube.ide.mcu.externaltools.gnu-tools-for-stm32.11.3.rel1.win32_1.1.100.202309141235/tools/bin/../lib/gcc/arm-none-eabi/11.3.1/../../../../arm-none-eabi/lib/thumb/v7e-m+fp/hard\libc_nano.a(libc_a-errno.o)
 .ARM.attributes
                0x0000000000000ac0       0x34 C:/ST/STM32CubeIDE_1.13.2/STM32CubeIDE/plugins/com.st.stm32cube.ide.mcu.externaltools.gnu-tools-for-stm32.11.3.rel1.win32_1.1.100.202309141235/tools/bin/../lib/gcc/arm-none-eabi/11.3.1/../../../../arm-none-eabi/lib/thumb/v7e-m+fp/hard\libc_nano.a(libc_a-init.o)
 .ARM.attributes
                0x0000000000000af4       0x34 C:/ST/STM32CubeIDE_1.13.2/STM32CubeIDE/plugins/com.st.stm32cube.ide.mcu.externaltools.gnu-tools-for-stm32.11.3.rel1.win32_1.1.100.202309141235/tools/bin/../lib/gcc/arm-none-eabi/11.3.1/../../../../arm-none-eabi/lib/thumb/v7e-m+fp/hard\libc_nano.a(libc_a-lock.o)
 .ARM.attributes
                0x0000000000000b28       0x34 C:/ST/STM32CubeIDE_1.13.2/STM32CubeIDE/plugins/com.st.stm32cube.ide.mcu.externaltools.gnu-tools-for-stm32.11.3.rel1.win32_1.1.100.202309141235/tools/bin/../lib/gcc/arm-none-eabi/11.3.1/../../../../arm-none-eabi/lib/thumb/v7e-m+fp/hard\libc_nano.a(libc_a-assert.o)
 .ARM.attributes
                0x0000000000000b5c       0x34 C:/ST/STM32CubeIDE_1.13.2/STM32CubeIDE/plugins/com.st.stm32cube.ide.mcu.externaltools.gnu-tools-for-stm32.11.3.rel1.win32_1.1.100.202309141235/tools/bin/../lib/gcc/arm-none-eabi/11.3.1/../../../../arm-none-eabi/lib/thumb/v7e-m+fp/hard\libc_nano.a(libc_a-freer.o)
 .ARM.attributes
                0x0000000000000b90       0x34 C:/ST/STM32CubeIDE_1.13.2/STM32CubeIDE/plugins/com.st.stm32cube.ide.mcu.externaltools.gnu-tools-for-stm32.11.3.rel1.win32_1.1.100.202309141235/tools/bin/../lib/gcc/arm-none-eabi/11.3.1/../../../../arm-none-eabi/lib/thumb/v7e-m+fp/hard\libc_nano.a(libc_a-malloc.o)
 .ARM.attributes
                0x0000000000000bc4       0x34 C:/ST/STM32CubeIDE_1.13.2/STM32CubeIDE/plugins/com.st.stm32cube.ide.mcu.externaltools.gnu-tools-for-stm32.11.3.rel1.win32_1.1.100.202309141235/tools/bin/../lib/gcc/arm-none-eabi/11.3.1/../../../../arm-none-eabi/lib/thumb/v7e-m+fp/hard\libc_nano.a(libc_a-mallocr.o)
 .ARM.attributes
                0x0000000000000bf8       0x34 C:/ST/STM32CubeIDE_1.13.2/STM32CubeIDE/plugins/com.st.stm32cube.ide.mcu.externaltools.gnu-tools-for-stm32.11.3.rel1.win32_1.1.100.202309141235/tools/bin/../lib/gcc/arm-none-eabi/11.3.1/../../../../arm-none-eabi/lib/thumb/v7e-m+fp/hard\libc_nano.a(libc_a-mlock.o)
 .ARM.attributes
                0x0000000000000c2c       0x34 C:/ST/STM32CubeIDE_1.13.2/STM32CubeIDE/plugins/com.st.stm32cube.ide.mcu.externaltools.gnu-tools-for-stm32.11.3.rel1.win32_1.1.100.202309141235/tools/bin/../lib/gcc/arm-none-eabi/11.3.1/../../../../arm-none-eabi/lib/thumb/v7e-m+fp/hard\libc_nano.a(libc_a-fflush.o)
 .ARM.attributes
                0x0000000000000c60       0x34 C:/ST/STM32CubeIDE_1.13.2/STM32CubeIDE/plugins/com.st.stm32cube.ide.mcu.externaltools.gnu-tools-for-stm32.11.3.rel1.win32_1.1.100.202309141235/tools/bin/../lib/gcc/arm-none-eabi/11.3.1/../../../../arm-none-eabi/lib/thumb/v7e-m+fp/hard\libc_nano.a(libc_a-fprintf.o)
 .ARM.attributes
                0x0000000000000c94       0x34 C:/ST/STM32CubeIDE_1.13.2/STM32CubeIDE/plugins/com.st.stm32cube.ide.mcu.externaltools.gnu-tools-for-stm32.11.3.rel1.win32_1.1.100.202309141235/tools/bin/../lib/gcc/arm-none-eabi/11.3.1/../../../../arm-none-eabi/lib/thumb/v7e-m+fp/hard\libc_nano.a(libc_a-wbuf.o)
 .ARM.attributes
                0x0000000000000cc8       0x34 C:/ST/STM32CubeIDE_1.13.2/STM32CubeIDE/plugins/com.st.stm32cube.ide.mcu.externaltools.gnu-tools-for-stm32.11.3.rel1.win32_1.1.100.202309141235/tools/bin/../lib/gcc/arm-none-eabi/11.3.1/../../../../arm-none-eabi/lib/thumb/v7e-m+fp/hard\libc_nano.a(libc_a-wsetup.o)
 .ARM.attributes
                0x0000000000000cfc       0x34 C:/ST/STM32CubeIDE_1.13.2/STM32CubeIDE/plugins/com.st.stm32cube.ide.mcu.externaltools.gnu-tools-for-stm32.11.3.rel1.win32_1.1.100.202309141235/tools/bin/../lib/gcc/arm-none-eabi/11.3.1/../../../../arm-none-eabi/lib/thumb/v7e-m+fp/hard\libc_nano.a(libc_a-sbrkr.o)
 .ARM.attributes
                0x0000000000000d30       0x34 C:/ST/STM32CubeIDE_1.13.2/STM32CubeIDE/plugins/com.st.stm32cube.ide.mcu.externaltools.gnu-tools-for-stm32.11.3.rel1.win32_1.1.100.202309141235/tools/bin/../lib/gcc/arm-none-eabi/11.3.1/../../../../arm-none-eabi/lib/thumb/v7e-m+fp/hard\libc_nano.a(libc_a-abort.o)
 .ARM.attributes