Archive member included to satisfy reference by file (symbol)

F:\STM32CubeIDE\workspace_2.0.0\FFT-ST7735s\CMSIS\Lib\libarm_cortexM4lf_math.a(arm_mean_f32.o)
                              ./Core/Src/freertos.o (arm_mean_f32)
F:\STM32CubeIDE\workspace_2.0.0\FFT-ST7735s\CMSIS\Lib\libarm_cortexM4lf_math.a(arm_rfft_fast_init_f32.o)
                              ./Core/Src/main.o (arm_rfft_fast_init_f32)
F:\STM32CubeIDE\workspace_2.0.0\FFT-ST7735s\CMSIS\Lib\libarm_cortexM4lf_math.a(arm_rfft_fast_f32.o)
                              ./Core/Src/freertos.o (arm_rfft_fast_f32)
F:\STM32CubeIDE\workspace_2.0.0\FFT-ST7735s\CMSIS\Lib\libarm_cortexM4lf_math.a(arm_cfft_f32.o)
                              F:\STM32CubeIDE\workspace_2.0.0\FFT-ST7735s\CMSIS\Lib\libarm_cortexM4lf_math.a(arm_rfft_fast_f32.o) (arm_cfft_f32)
F:\STM32CubeIDE\workspace_2.0.0\FFT-ST7735s\CMSIS\Lib\libarm_cortexM4lf_math.a(arm_bitreversal2.o)
                              F:\STM32CubeIDE\workspace_2.0.0\FFT-ST7735s\CMSIS\Lib\libarm_cortexM4lf_math.a(arm_cfft_f32.o) (arm_bitreversal_32)
F:\STM32CubeIDE\workspace_2.0.0\FFT-ST7735s\CMSIS\Lib\libarm_cortexM4lf_math.a(arm_cmplx_mag_f32.o)
                              ./Core/Src/freertos.o (arm_cmplx_mag_f32)
F:\STM32CubeIDE\workspace_2.0.0\FFT-ST7735s\CMSIS\Lib\libarm_cortexM4lf_math.a(arm_offset_f32.o)
                              ./Core/Src/freertos.o (arm_offset_f32)
F:\STM32CubeIDE\workspace_2.0.0\FFT-ST7735s\CMSIS\Lib\libarm_cortexM4lf_math.a(arm_mult_f32.o)
                              ./Core/Src/freertos.o (arm_mult_f32)
F:\STM32CubeIDE\workspace_2.0.0\FFT-ST7735s\CMSIS\Lib\libarm_cortexM4lf_math.a(arm_common_tables.o)
                              F:\STM32CubeIDE\workspace_2.0.0\FFT-ST7735s\CMSIS\Lib\libarm_cortexM4lf_math.a(arm_rfft_fast_init_f32.o) (twiddleCoef_rfft_4096)
F:\STM32CubeIDE\workspace_2.0.0\FFT-ST7735s\CMSIS\Lib\libarm_cortexM4lf_math.a(arm_cfft_radix8_f32.o)
                              F:\STM32CubeIDE\workspace_2.0.0\FFT-ST7735s\CMSIS\Lib\libarm_cortexM4lf_math.a(arm_cfft_f32.o) (arm_radix8_butterfly_f32)
C:/ST/STM32CubeIDE_2.1.0/STM32CubeIDE/plugins/com.st.stm32cube.ide.mcu.externaltools.gnu-tools-for-stm32.14.3.rel1.win32_1.0.100.202602081740/tools/bin/../lib/gcc/arm-none-eabi/14.3.1/../../../../arm-none-eabi/lib/thumb/v7e-m+fp/hard\libc_nano.a(libc_a-exit.o)
                              C:/ST/STM32CubeIDE_2.1.0/STM32CubeIDE/plugins/com.st.stm32cube.ide.mcu.externaltools.gnu-tools-for-stm32.14.3.rel1.win32_1.0.100.202602081740/tools/bin/../lib/gcc/arm-none-eabi/14.3.1/../../../../arm-none-eabi/lib/thumb/v7e-m+fp/hard/crt0.o (exit)
C:/ST/STM32CubeIDE_2.1.0/STM32CubeIDE/plugins/com.st.stm32cube.ide.mcu.externaltools.gnu-tools-for-stm32.14.3.rel1.win32_1.0.100.202602081740/tools/bin/../lib/gcc/arm-none-eabi/14.3.1/../../../../arm-none-eabi/lib/thumb/v7e-m+fp/hard\libc_nano.a(libc_a-malloc.o)
                              ./Core/Src/st7735.o (malloc)
C:/ST/STM32CubeIDE_2.1.0/STM32CubeIDE/plugins/com.st.stm32cube.ide.mcu.externaltools.gnu-tools-for-stm32.14.3.rel1.win32_1.0.100.202602081740/tools/bin/../lib/gcc/arm-none-eabi/14.3.1/../../../../arm-none-eabi/lib/thumb/v7e-m+fp/hard\libc_nano.a(libc_a-mallocr.o)
                              C:/ST/STM32CubeIDE_2.1.0/STM32CubeIDE/plugins/com.st.stm32cube.ide.mcu.externaltools.gnu-tools-for-stm32.14.3.rel1.win32_1.0.100.202602081740/tools/bin/../lib/gcc/arm-none-eabi/14.3.1/../../../../arm-none-eabi/lib/thumb/v7e-m+fp/hard\libc_nano.a(libc_a-malloc.o) (_malloc_r)
C:/ST/STM32CubeIDE_2.1.0/STM32CubeIDE/plugins/com.st.stm32cube.ide.mcu.externaltools.gnu-tools-for-stm32.14.3.rel1.win32_1.0.100.202602081740/tools/bin/../lib/gcc/arm-none-eabi/14.3.1/../../../../arm-none-eabi/lib/thumb/v7e-m+fp/hard\libc_nano.a(libc_a-mlock.o)
                              C:/ST/STM32CubeIDE_2.1.0/STM32CubeIDE/plugins/com.st.stm32cube.ide.mcu.externaltools.gnu-tools-for-stm32.14.3.rel1.win32_1.0.100.202602081740/tools/bin/../lib/gcc/arm-none-eabi/14.3.1/../../../../arm-none-eabi/lib/thumb/v7e-m+fp/hard\libc_nano.a(libc_a-mallocr.o) (__malloc_lock)
C:/ST/STM32CubeIDE_2.1.0/STM32CubeIDE/plugins/com.st.stm32cube.ide.mcu.externaltools.gnu-tools-for-stm32.14.3.rel1.win32_1.0.100.202602081740/tools/bin/../lib/gcc/arm-none-eabi/14.3.1/../../../../arm-none-eabi/lib/thumb/v7e-m+fp/hard\libc_nano.a(libc_a-findfp.o)
                              C:/ST/STM32CubeIDE_2.1.0/STM32CubeIDE/plugins/com.st.stm32cube.ide.mcu.externaltools.gnu-tools-for-stm32.14.3.rel1.win32_1.0.100.202602081740/tools/bin/../lib/gcc/arm-none-eabi/14.3.1/../../../../arm-none-eabi/lib/thumb/v7e-m+fp/hard\libc_nano.a(libc_a-exit.o) (__stdio_exit_handler)
C:/ST/STM32CubeIDE_2.1.0/STM32CubeIDE/plugins/com.st.stm32cube.ide.mcu.externaltools.gnu-tools-for-stm32.14.3.rel1.win32_1.0.100.202602081740/tools/bin/../lib/gcc/arm-none-eabi/14.3.1/../../../../arm-none-eabi/lib/thumb/v7e-m+fp/hard\libc_nano.a(libc_a-fwalk.o)
[...]
Memory Configuration

Name             Origin             Length             Attributes
RAM              0x20000000         0x00010000         xrw
FLASH            0x08000000         0x00040000         xr
*default*        0x00000000         0xffffffff

Linker script and memory map

LOAD C:/ST/STM32CubeIDE_2.1.0/STM32CubeIDE/plugins/com.st.stm32cube.ide.mcu.externaltools.gnu-tools-for-stm32.14.3.rel1.win32_1.0.100.202602081740/tools/bin/../lib/gcc/arm-none-eabi/14.3.1/thumb/v7e-m+fp/hard/crti.o
LOAD C:/ST/STM32CubeIDE_2.1.0/STM32CubeIDE/plugins/com.st.stm32cube.ide.mcu.externaltools.gnu-tools-for-stm32.14.3.rel1.win32_1.0.100.202602081740/tools/bin/../lib/gcc/arm-none-eabi/14.3.1/thumb/v7e-m+fp/hard/crtbegin.o
LOAD C:/ST/STM32CubeIDE_2.1.0/STM32CubeIDE/plugins/com.st.stm32cube.ide.mcu.externaltools.gnu-tools-for-stm32.14.3.rel1.win32_1.0.100.202602081740/tools/bin/../lib/gcc/arm-none-eabi/14.3.1/../../../../arm-none-eabi/lib/thumb/v7e-m+fp/hard/crt0.o
LOAD ./Core/Src/dma.o
LOAD ./Core/Src/fonts.o
LOAD ./Core/Src/freertos.o
LOAD ./Core/Src/gpio.o
LOAD ./Core/Src/i2s.o
LOAD ./Core/Src/main.o
LOAD ./Core/Src/spi.o
LOAD ./Core/Src/st7735.o
LOAD ./Core/Src/stm32f4xx_hal_msp.o
LOAD ./Core/Src/stm32f4xx_it.o
LOAD ./Core/Src/syscalls.o
LOAD ./Core/Src/sysmem.o
LOAD ./Core/Src/system_stm32f4xx.o
LOAD ./Core/Startup/startup_stm32f401ccux.o
LOAD ./Drivers/STM32F4xx_HAL_Driver/stm32f4xx_hal.o
LOAD ./Drivers/STM32F4xx_HAL_Driver/stm32f4xx_hal_cortex.o
LOAD ./Drivers/STM32F4xx_HAL_Driver/stm32f4xx_hal_dma.o
LOAD ./Drivers/STM32F4xx_HAL_Driver/stm32f4xx_hal_dma_ex.o
LOAD ./Drivers/STM32F4xx_HAL_Driver/stm32f4xx_hal_exti.o
LOAD ./Drivers/STM32F4xx_HAL_Driver/stm32f4xx_hal_flash.o
LOAD ./Drivers/STM32F4xx_HAL_Driver/stm32f4xx_hal_flash_ex.o
LOAD ./Drivers/STM32F4xx_HAL_Driver/stm32f4xx_hal_flash_ramfunc.o
LOAD ./Drivers/STM32F4xx_HAL_Driver/stm32f4xx_hal_gpio.o
LOAD ./Drivers/STM32F4xx_HAL_Driver/stm32f4xx_hal_i2s.o
LOAD ./Drivers/STM32F4xx_HAL_Driver/stm32f4xx_hal_i2s_ex.o
LOAD ./Drivers/STM32F4xx_HAL_Driver/stm32f4xx_hal_pwr.o
LOAD ./Drivers/STM32F4xx_HAL_Driver/stm32f4xx_hal_pwr_ex.o
LOAD ./Drivers/STM32F4xx_HAL_Driver/stm32f4xx_hal_rcc.o
LOAD ./Drivers/STM32F4xx_HAL_Driver/stm32f4xx_hal_rcc_ex.o
LOAD ./Drivers/STM32F4xx_HAL_Driver/stm32f4xx_hal_spi.o
LOAD ./Middlewares/FreeRTOS/cmsis_os2.o
LOAD ./Middlewares/FreeRTOS/croutine.o
LOAD ./Middlewares/FreeRTOS/event_groups.o
LOAD ./Middlewares/FreeRTOS/heap_4.o
LOAD ./Middlewares/FreeRTOS/list.o
LOAD ./Middlewares/FreeRTOS/port.o
LOAD ./Middlewares/FreeRTOS/queue.o
LOAD ./Middlewares/FreeRTOS/stream_buffer.o
LOAD ./Middlewares/FreeRTOS/tasks.o
LOAD ./Middlewares/FreeRTOS/timers.o
LOAD F:\STM32CubeIDE\workspace_2.0.0\FFT-ST7735s\CMSIS\Lib\libarm_cortexM4lf_math.a
START GROUP
LOAD C:/ST/STM32CubeIDE_2.1.0/STM32CubeIDE/plugins/com.st.stm32cube.ide.mcu.externaltools.gnu-tools-for-stm32.14.3.rel1.win32_1.0.100.202602081740/tools/bin/../lib/gcc/arm-none-eabi/14.3.1/../../../../arm-none-eabi/lib/thumb/v7e-m+fp/hard\libc_nano.a
LOAD C:/ST/STM32CubeIDE_2.1.0/STM32CubeIDE/plugins/com.st.stm32cube.ide.mcu.externaltools.gnu-tools-for-stm32.14.3.rel1.win32_1.0.100.202602081740/tools/bin/../lib/gcc/arm-none-eabi/14.3.1/../../../../arm-none-eabi/lib/thumb/v7e-m+fp/hard\libm.a
END GROUP
START GROUP
LOAD C:/ST/STM32CubeIDE_2.1.0/STM32CubeIDE/plugins/com.st.stm32cube.ide.mcu.externaltools.gnu-tools-for-stm32.14.3.rel1.win32_1.0.100.202602081740/tools/bin/../lib/gcc/arm-none-eabi/14.3.1/thumb/v7e-m+fp/hard\libgcc.a
LOAD C:/ST/STM32CubeIDE_2.1.0/STM32CubeIDE/plugins/com.st.stm32cube.ide.mcu.externaltools.gnu-tools-for-stm32.14.3.rel1.win32_1.0.100.202602081740/tools/bin/../lib/gcc/arm-none-eabi/14.3.1/../../../../arm-none-eabi/lib/thumb/v7e-m+fp/hard\libc_nano.a
END GROUP
START GROUP
LOAD C:/ST/STM32CubeIDE_2.1.0/STM32CubeIDE/plugins/com.st.stm32cube.ide.mcu.externaltools.gnu-tools-for-stm32.14.3.rel1.win32_1.0.100.202602081740/tools/bin/../lib/gcc/arm-none-eabi/14.3.1/thumb/v7e-m+fp/hard\libgcc.a
LOAD C:/ST/STM32CubeIDE_2.1.0/STM32CubeIDE/plugins/com.st.stm32cube.ide.mcu.externaltools.gnu-tools-for-stm32.14.3.rel1.win32_1.0.100.202602081740/tools/bin/../lib/gcc/arm-none-eabi/14.3.1/../../../../arm-none-eabi/lib/thumb/v7e-m+fp/hard\libc_nano.a
LOAD C:/ST/STM32CubeIDE_2.1.0/STM32CubeIDE/plugins/com.st.stm32cube.ide.mcu.externaltools.gnu-tools-for-stm32.14.3.rel1.win32_1.0.100.202602081740/tools/bin/../lib/gcc/arm-none-eabi/14.3.1/../../../../arm-none-eabi/lib/thumb/v7e-m+fp/hard\libnosys.a
END GROUP
START GROUP
LOAD C:/ST/STM32CubeIDE_2.1.0/STM32CubeIDE/plugins/com.st.stm32cube.ide.mcu.externaltools.gnu-tools-for-stm32.14.3.rel1.win32_1.0.100.202602081740/tools/bin/../lib/gcc/arm-none-eabi/14.3.1/thumb/v7e-m+fp/hard\libgcc.a
LOAD C:/ST/STM32CubeIDE_2.1.0/STM32CubeIDE/plugins/com.st.stm32cube.ide.mcu.externaltools.gnu-tools-for-stm32.14.3.rel1.win32_1.0.100.202602081740/tools/bin/../lib/gcc/arm-none-eabi/14.3.1/../../../../arm-none-eabi/lib/thumb/v7e-m+fp/hard\libc_nano.a
LOAD C:/ST/STM32CubeIDE_2.1.0/STM32CubeIDE/plugins/com.st.stm32cube.ide.mcu.externaltools.gnu-tools-for-stm32.14.3.rel1.win32_1.0.100.202602081740/tools/bin/../lib/gcc/arm-none-eabi/14.3.1/../../../../arm-none-eabi/lib/thumb/v7e-m+fp/hard\libnosys.a
END GROUP
LOAD C:/ST/STM32CubeIDE_2.1.0/STM32CubeIDE/plugins/com.st.stm32cube.ide.mcu.externaltools.gnu-tools-for-stm32.14.3.rel1.win32_1.0.100.202602081740/tools/bin/../lib/gcc/arm-none-eabi/14.3.1/thumb/v7e-m+fp/hard/crtend.o
LOAD C:/ST/STM32CubeIDE_2.1.0/STM32CubeIDE/plugins/com.st.stm32cube.ide.mcu.externaltools.gnu-tools-for-stm32.14.3.rel1.win32_1.0.100.202602081740/tools/bin/../lib/gcc/arm-none-eabi/14.3.1/thumb/v7e-m+fp/hard/crtn.o
                0x20010000                        _estack = (ORIGIN (RAM) + LENGTH (RAM))
                0x00000200                        _Min_Heap_Size = 0x200
                0x00000400                        _Min_Stack_Size = 0x400

.isr_vector     0x08000000      0x194
                0x08000000                        . = ALIGN (0x4)
 *(.isr_vector)
 .isr_vector    0x08000000      0x194 ./Core/Startup/startup_stm32f401ccux.o
                0x08000000                g_pfnVectors
                0x08000194                        . = ALIGN (0x4)

.text           0x080001a0     0x8d24
                0x080001a0                        . = ALIGN (0x4)
 *(.text)
 .text          0x080001a0       0x40 C:/ST/STM32CubeIDE_2.1.0/STM32CubeIDE/plugins/com.st.stm32cube.ide.mcu.externaltools.gnu-tools-for-stm32.14.3.rel1.win32_1.0.100.202602081740/tools/bin/../lib/gcc/arm-none-eabi/14.3.1/thumb/v7e-m+fp/hard/crtbegin.o
 .text          0x080001e0       0x30 C:/ST/STM32CubeIDE_2.1.0/STM32CubeIDE/plugins/com.st.stm32cube.ide.mcu.externaltools.gnu-tools-for-stm32.14.3.rel1.win32_1.0.100.202602081740/tools/bin/../lib/gcc/arm-none-eabi/14.3.1/thumb/v7e-m+fp/hard\libgcc.a(_aeabi_uldivmod.o)
                0x080001e0                __aeabi_uldivmod
 .text          0x08000210      0x2f8 C:/ST/STM32CubeIDE_2.1.0/STM32CubeIDE/plugins/com.st.stm32cube.ide.mcu.externaltools.gnu-tools-for-stm32.14.3.rel1.win32_1.0.100.202602081740/tools/bin/../lib/gcc/arm-none-eabi/14.3.1/thumb/v7e-m+fp/hard\libgcc.a(_udivmoddi4.o)
                0x08000210                __udivmoddi4
 .text          0x08000508        0x4 C:/ST/STM32CubeIDE_2.1.0/STM32CubeIDE/plugins/com.st.stm32cube.ide.mcu.externaltools.gnu-tools-for-stm32.14.3.rel1.win32_1.0.100.202602081740/tools/bin/../lib/gcc/arm-none-eabi/14.3.1/thumb/v7e-m+fp/hard\libgcc.a(_dvmd_tls.o)
                0x08000508                __aeabi_idiv0
                0x08000508                __aeabi_ldiv0
 *(.text*)
 .text.MX_DMA_Init
                0x0800050c       0x40 ./Core/Src/dma.o
                0x0800050c                MX_DMA_Init
 .text.MX_FREERTOS_Init
                0x0800054c       0x90 ./Core/Src/freertos.o
                0x0800054c                MX_FREERTOS_Init
 .text.StartDisplay_Task
                0x080005dc       0x10 ./Core/Src/freertos.o
                0x080005dc                StartDisplay_Task
 .text.StartAudio_Task
                0x080005ec       0x10 ./Core/Src/freertos.o
                0x080005ec                StartAudio_Task
 .text.StartFFT_Task
                0x080005fc      0x1a0 ./Core/Src/freertos.o
                0x080005fc                StartFFT_Task
 .text.MX_GPIO_Init
                0x0800079c       0xec ./Core/Src/gpio.o
                0x0800079c                MX_GPIO_Init
 .text.MX_I2S2_Init
                0x08000888       0x5c ./Core/Src/i2s.o
                0x08000888                MX_I2S2_Init
 .text.HAL_I2S_MspInit
                0x080008e4      0x12c ./Core/Src/i2s.o
                0x080008e4                HAL_I2S_MspInit
 .text.main     0x08000a10       0xbc ./Core/Src/main.o
                0x08000a10                main
 .text.SystemClock_Config
                0x08000acc       0xd4 ./Core/Src/main.o
                0x08000acc                SystemClock_Config
 .text.prepare_data
                0x08000ba0       0x5c ./Core/Src/main.o
                0x08000ba0                prepare_data
 .text.HAL_I2S_RxCpltCallback
                0x08000bfc       0x1c ./Core/Src/main.o
                0x08000bfc                HAL_I2S_RxCpltCallback
 .text.HAL_I2S_RxHalfCpltCallback
                0x08000c18       0x1c ./Core/Src/main.o
                0x08000c18                HAL_I2S_RxHalfCpltCallback
 .text.Error_Handler
                0x08000c34        0xc ./Core/Src/main.o
                0x08000c34                Error_Handler
 .text.MX_SPI1_Init
                0x08000c40       0x70 ./Core/Src/spi.o
                0x08000c40                MX_SPI1_Init
 .text.HAL_SPI_MspInit
                0x08000cb0       0x90 ./Core/Src/spi.o
                0x08000cb0                HAL_SPI_MspInit
 .text.ST7735_Select
                0x08000d40       0x18 ./Core/Src/st7735.o
 .text.ST7735_Unselect
                0x08000d58       0x18 ./Core/Src/st7735.o
                0x08000d58                ST7735_Unselect
 .text.ST7735_Reset
                0x08000d70       0x28 ./Core/Src/st7735.o
 .text.ST7735_WriteCommand
                0x08000d98       0x34 ./Core/Src/st7735.o
 .text.ST7735_WriteData
                0x08000dcc       0x34 ./Core/Src/st7735.o
 .text.ST7735_ExecuteCommandList
                0x08000e00       0x92 ./Core/Src/st7735.o
 .text.ST7735_SetAddressWindow
                0x08000e92       0x78 ./Core/Src/st7735.o
 *fill*         0x08000f0a        0x2 
 .text.ST7735_Init
                0x08000f0c       0x34 ./Core/Src/st7735.o
                0x08000f0c                ST7735_Init
 .text.ST7735_FillRectangle
                0x08000f40       0xe4 ./Core/Src/st7735.o
                0x08000f40                ST7735_FillRectangle
 .text.ST7735_FillScreen
                0x08001024       0x22 ./Core/Src/st7735.o
                0x08001024                ST7735_FillScreen
 *fill*         0x08001046        0x2 
 .text.HAL_MspInit
                0x08001048       0x58 ./Core/Src/stm32f4xx_hal_msp.o
                0x08001048                HAL_MspInit
 .text.NMI_Handler
                0x080010a0        0x8 ./Core/Src/stm32f4xx_it.o
                0x080010a0                NMI_Handler
 .text.HardFault_Handler
                0x080010a8        0x8 ./Core/Src/stm32f4xx_it.o
                0x080010a8                HardFault_Handler
 .text.MemManage_Handler
                0x080010b0        0x8 ./Core/Src/stm32f4xx_it.o
                0x080010b0                MemManage_Handler
 .text.BusFault_Handler
                0x080010b8        0x8 ./Core/Src/stm32f4xx_it.o
                0x080010b8                BusFault_Handler
 .text.UsageFault_Handler
                0x080010c0        0x8 ./Core/Src/stm32f4xx_it.o
                0x080010c0                UsageFault_Handler
 .text.DebugMon_Handler
                0x080010c8        0xe ./Core/Src/stm32f4xx_it.o
                0x080010c8                DebugMon_Handler
 .text.SysTick_Handler
                0x080010d6       0x1a ./Core/Src/stm32f4xx_it.o
                0x080010d6                SysTick_Handler
 .text.DMA1_Stream3_IRQHandler
                0x080010f0       0x14 ./Core/Src/stm32f4xx_it.o
                0x080010f0                DMA1_Stream3_IRQHandler
 .text.SystemInit
                0x08001104       0x24 ./Core/Src/system_stm32f4xx.o
                0x08001104                SystemInit
 .text.Reset_Handler
                0x08001128       0x50 ./Core/Startup/startup_stm32f401ccux.o
                0x08001128                Reset_Handler
 .text.Default_Handler
                0x08001178        0x2 ./Core/Startup/startup_stm32f401ccux.o
                0x08001178                RTC_Alarm_IRQHandler
                0x08001178                EXTI2_IRQHandler
                0x08001178                SPI4_IRQHandler
                0x08001178                TIM1_CC_IRQHandler
                0x08001178                DMA2_Stream5_IRQHandler
                0x08001178                DMA1_Stream5_IRQHandler
                0x08001178                PVD_IRQHandler
                0x08001178                SDIO_IRQHandler
                0x08001178                TAMP_STAMP_IRQHandler
                0x08001178                EXTI3_IRQHandler
                0x08001178                TIM1_UP_TIM10_IRQHandler
                0x08001178                I2C3_ER_IRQHandler
                0x08001178                EXTI0_IRQHandler
                0x08001178                I2C2_EV_IRQHandler
                0x08001178                DMA1_Stream2_IRQHandler
                0x08001178                FPU_IRQHandler
                0x08001178                DMA2_Stream2_IRQHandler
                0x08001178                SPI1_IRQHandler
                0x08001178                TIM1_BRK_TIM9_IRQHandler
                0x08001178                DMA2_Stream3_IRQHandler
                0x08001178                USART6_IRQHandler
                0x08001178                DMA2_Stream0_IRQHandler
                0x08001178                TIM4_IRQHandler
                0x08001178                I2C1_EV_IRQHandler
                0x08001178                DMA1_Stream6_IRQHandler
                0x08001178                DMA1_Stream1_IRQHandler
                0x08001178                TIM3_IRQHandler
                0x08001178                RCC_IRQHandler
                0x08001178                Default_Handler
                0x08001178                EXTI15_10_IRQHandler
                0x08001178                ADC_IRQHandler
                0x08001178                DMA1_Stream7_IRQHandler
                0x08001178                TIM5_IRQHandler
                0x08001178                DMA2_Stream7_IRQHandler
                0x08001178                I2C3_EV_IRQHandler
                0x08001178                EXTI9_5_IRQHandler
                0x08001178                RTC_WKUP_IRQHandler
                0x08001178                SPI2_IRQHandler
                0x08001178                DMA1_Stream0_IRQHandler
                0x08001178                EXTI4_IRQHandler
                0x08001178                WWDG_IRQHandler
                0x08001178                TIM2_IRQHandler
                0x08001178                OTG_FS_WKUP_IRQHandler
                0x08001178                TIM1_TRG_COM_TIM11_IRQHandler
                0x08001178                EXTI1_IRQHandler
                0x08001178                USART2_IRQHandler
                0x08001178                I2C2_ER_IRQHandler
                0x08001178                DMA2_Stream1_IRQHandler
                0x08001178                FLASH_IRQHandler
                0x08001178                DMA2_Stream4_IRQHandler
                0x08001178                USART1_IRQHandler
                0x08001178                OTG_FS_IRQHandler
                0x08001178                SPI3_IRQHandler
                0x08001178                DMA1_Stream4_IRQHandler
                0x08001178                I2C1_ER_IRQHandler
                0x08001178                DMA2_Stream6_IRQHandler
 *fill*         0x0800117a        0x2 
 .text.HAL_Init
                0x0800117c       0x44 ./Drivers/STM32F4xx_HAL_Driver/stm32f4xx_hal.o
                0x0800117c                HAL_Init
 .text.HAL_InitTick
                0x080011c0       0x60 ./Drivers/STM32F4xx_HAL_Driver/stm32f4xx_hal.o
                0x080011c0                HAL_InitTick
 .text.HAL_IncTick
                0x08001220       0x28 ./Drivers/STM32F4xx_HAL_Driver/stm32f4xx_hal.o
                0x08001220                HAL_IncTick
 .text.HAL_GetTick
                0x08001248       0x18 ./Drivers/STM32F4xx_HAL_Driver/stm32f4xx_hal.o
                0x08001248                HAL_GetTick
 .text.HAL_Delay
                0x08001260       0x48 ./Drivers/STM32F4xx_HAL_Driver/stm32f4xx_hal.o
                0x08001260                HAL_Delay
 .text.__NVIC_SetPriorityGrouping
                0x080012a8       0x48 ./Drivers/STM32F4xx_HAL_Driver/stm32f4xx_hal_cortex.o
 .text.__NVIC_GetPriorityGrouping
                0x080012f0       0x1c ./Drivers/STM32F4xx_HAL_Driver/stm32f4xx_hal_cortex.o
 .text.__NVIC_EnableIRQ
                0x0800130c       0x3c ./Drivers/STM32F4xx_HAL_Driver/stm32f4xx_hal_cortex.o
 .text.__NVIC_SetPriority
                0x08001348       0x54 ./Drivers/STM32F4xx_HAL_Driver/stm32f4xx_hal_cortex.o
 .text.NVIC_EncodePriority
                0x0800139c       0x66 ./Drivers/STM32F4xx_HAL_Driver/stm32f4xx_hal_cortex.o
 *fill*         0x08001402        0x2 
 .text.SysTick_Config
                0x08001404       0x44 ./Drivers/STM32F4xx_HAL_Driver/stm32f4xx_hal_cortex.o
 .text.HAL_NVIC_SetPriorityGrouping
                0x08001448       0x16 ./Drivers/STM32F4xx_HAL_Driver/stm32f4xx_hal_cortex.o
                0x08001448                HAL_NVIC_SetPriorityGrouping
 .text.HAL_NVIC_SetPriority
                0x0800145e       0x38 ./Drivers/STM32F4xx_HAL_Driver/stm32f4xx_hal_cortex.o
                0x0800145e                HAL_NVIC_SetPriority
 .text.HAL_NVIC_EnableIRQ
                0x08001496       0x1c ./Drivers/STM32F4xx_HAL_Driver/stm32f4xx_hal_cortex.o
                0x08001496                HAL_NVIC_EnableIRQ
 .text.HAL_SYSTICK_Config
                0x080014b2       0x18 ./Drivers/STM32F4xx_HAL_Driver/stm32f4xx_hal_cortex.o
                0x080014b2                HAL_SYSTICK_Config
 *fill*         0x080014ca        0x2 
 .text.HAL_DMA_Init
                0x080014cc      0x15c ./Drivers/STM32F4xx_HAL_Driver/stm32f4xx_hal_dma.o
                0x080014cc                HAL_DMA_Init
 .text.HAL_DMA_Start_IT
                0x08001628       0xb0 ./Drivers/STM32F4xx_HAL_Driver/stm32f4xx_hal_dma.o
                0x08001628                HAL_DMA_Start_IT
 .text.HAL_DMA_IRQHandler
                0x080016d8      0x314 ./Drivers/STM32F4xx_HAL_Driver/stm32f4xx_hal_dma.o
                0x080016d8                HAL_DMA_IRQHandler
 .text.DMA_SetConfig
                0x080019ec       0x5c ./Drivers/STM32F4xx_HAL_Driver/stm32f4xx_hal_dma.o
 .text.DMA_CalcBaseAndBitshift
                0x08001a48       0x6c ./Drivers/STM32F4xx_HAL_Driver/stm32f4xx_hal_dma.o
 .text.DMA_CheckFifoParam
                0x08001ab4       0xf8 ./Drivers/STM32F4xx_HAL_Driver/stm32f4xx_hal_dma.o
 .text.HAL_GPIO_Init
                0x08001bac      0x308 ./Drivers/STM32F4xx_HAL_Driver/stm32f4xx_hal_gpio.o
                0x08001bac                HAL_GPIO_Init
 .text.HAL_GPIO_WritePin
                0x08001eb4       0x32 ./Drivers/STM32F4xx_HAL_Driver/stm32f4xx_hal_gpio.o
                0x08001eb4                HAL_GPIO_WritePin
 *fill*         0x08001ee6        0x2 
 .text.HAL_I2S_Init
                0x08001ee8      0x280 ./Drivers/STM32F4xx_HAL_Driver/stm32f4xx_hal_i2s.o
                0x08001ee8                HAL_I2S_Init
 .text.HAL_I2S_Receive_DMA
                0x08002168      0x170 ./Drivers/STM32F4xx_HAL_Driver/stm32f4xx_hal_i2s.o
                0x08002168                HAL_I2S_Receive_DMA
 .text.HAL_I2S_TxCpltCallback
                0x080022d8       0x14 ./Drivers/STM32F4xx_HAL_Driver/stm32f4xx_hal_i2s.o
                0x080022d8                HAL_I2S_TxCpltCallback
 .text.HAL_I2S_ErrorCallback
                0x080022ec       0x14 ./Drivers/STM32F4xx_HAL_Driver/stm32f4xx_hal_i2s.o
                0x080022ec                HAL_I2S_ErrorCallback
 .text.I2S_DMARxCplt
                0x08002300       0x42 ./Drivers/STM32F4xx_HAL_Driver/stm32f4xx_hal_i2s.o
 .text.I2S_DMARxHalfCplt
                0x08002342       0x1c ./Drivers/STM32F4xx_HAL_Driver/stm32f4xx_hal_i2s.o
 .text.I2S_DMAError
                0x0800235e       0x4c ./Drivers/STM32F4xx_HAL_Driver/stm32f4xx_hal_i2s.o
 .text.I2S_Transmit_IT
                0x080023aa       0x5c ./Drivers/STM32F4xx_HAL_Driver/stm32f4xx_hal_i2s.o
 .text.I2S_Receive_IT
                0x08002406       0x5e ./Drivers/STM32F4xx_HAL_Driver/stm32f4xx_hal_i2s.o
 .text.I2S_IRQHandler
                0x08002464      0x114 ./Drivers/STM32F4xx_HAL_Driver/stm32f4xx_hal_i2s.o
 .text.HAL_I2SEx_FullDuplex_IRQHandler
                0x08002578      0x2a8 ./Drivers/STM32F4xx_HAL_Driver/stm32f4xx_hal_i2s_ex.o
                0x08002578                HAL_I2SEx_FullDuplex_IRQHandler
 .text.HAL_I2SEx_TxRxCpltCallback
                0x08002820       0x14 ./Drivers/STM32F4xx_HAL_Driver/stm32f4xx_hal_i2s_ex.o
                0x08002820                HAL_I2SEx_TxRxCpltCallback
 .text.I2SEx_TxISR_I2S
                0x08002834       0x62 ./Drivers/STM32F4xx_HAL_Driver/stm32f4xx_hal_i2s_ex.o
 *fill*         0x08002896        0x2 
 .text.I2SEx_TxISR_I2SExt
                0x08002898       0x98 ./Drivers/STM32F4xx_HAL_Driver/stm32f4xx_hal_i2s_ex.o
 .text.I2SEx_RxISR_I2S
                0x08002930       0x64 ./Drivers/STM32F4xx_HAL_Driver/stm32f4xx_hal_i2s_ex.o
 .text.I2SEx_RxISR_I2SExt
                0x08002994       0x98 ./Drivers/STM32F4xx_HAL_Driver/stm32f4xx_hal_i2s_ex.o
 .text.HAL_RCC_OscConfig
                0x08002a2c      0x4f0 ./Drivers/STM32F4xx_HAL_Driver/stm32f4xx_hal_rcc.o
                0x08002a2c                HAL_RCC_OscConfig
 .text.HAL_RCC_ClockConfig
                0x08002f1c      0x1cc ./Drivers/STM32F4xx_HAL_Driver/stm32f4xx_hal_rcc.o
                0x08002f1c                HAL_RCC_ClockConfig
 .text.HAL_RCC_GetSysClockFreq
                0x080030e8      0x188 ./Drivers/STM32F4xx_HAL_Driver/stm32f4xx_hal_rcc.o
                0x080030e8                HAL_RCC_GetSysClockFreq
 .text.HAL_RCCEx_PeriphCLKConfig
                0x08003270      0x1dc ./Drivers/STM32F4xx_HAL_Driver/stm32f4xx_hal_rcc_ex.o
                0x08003270                HAL_RCCEx_PeriphCLKConfig
 .text.HAL_RCCEx_GetPeriphCLKFreq
                0x0800344c       0xc0 ./Drivers/STM32F4xx_HAL_Driver/stm32f4xx_hal_rcc_ex.o
                0x0800344c                HAL_RCCEx_GetPeriphCLKFreq
 .text.HAL_SPI_Init
                0x0800350c      0x112 ./Drivers/STM32F4xx_HAL_Driver/stm32f4xx_hal_spi.o
                0x0800350c                HAL_SPI_Init
 .text.HAL_SPI_Transmit
                0x0800361e      0x288 ./Drivers/STM32F4xx_HAL_Driver/stm32f4xx_hal_spi.o
                0x0800361e                HAL_SPI_Transmit
 *fill*         0x080038a6        0x2 
 .text.SPI_WaitFlagStateUntilTimeout
                0x080038a8      0x110 ./Drivers/STM32F4xx_HAL_Driver/stm32f4xx_hal_spi.o
 .text.SPI_EndRxTxTransaction
                0x080039b8       0xa8 ./Drivers/STM32F4xx_HAL_Driver/stm32f4xx_hal_spi.o
 .text.__NVIC_SetPriority
                0x08003a60       0x54 ./Middlewares/FreeRTOS/cmsis_os2.o
 .text.SVC_Setup
                0x08003ab4       0x12 ./Middlewares/FreeRTOS/cmsis_os2.o
 *fill*         0x08003ac6        0x2 
 .text.osKernelInitialize
                0x08003ac8       0x48 ./Middlewares/FreeRTOS/cmsis_os2.o
                0x08003ac8                osKernelInitialize
 .text.osKernelStart
                0x08003b10       0x4c ./Middlewares/FreeRTOS/cmsis_os2.o
                0x08003b10                osKernelStart
 .text.osThreadNew
                0x08003b5c      0x124 ./Middlewares/FreeRTOS/cmsis_os2.o
                0x08003b5c                osThreadNew
 .text.osDelay  0x08003c80       0x36 ./Middlewares/FreeRTOS/cmsis_os2.o
                0x08003c80                osDelay
 .text.osSemaphoreNew
                0x08003cb6      0x112 ./Middlewares/FreeRTOS/cmsis_os2.o
                0x08003cb6                osSemaphoreNew
 .text.osMessageQueueNew
                0x08003dc8       0xe6 ./Middlewares/FreeRTOS/cmsis_os2.o
                0x08003dc8                osMessageQueueNew
 *fill*         0x08003eae        0x2 
 .text.vApplicationGetIdleTaskMemory
                0x08003eb0       0x34 ./Middlewares/FreeRTOS/cmsis_os2.o
                0x08003eb0                vApplicationGetIdleTaskMemory
 .text.vApplicationGetTimerTaskMemory
                0x08003ee4       0x34 ./Middlewares/FreeRTOS/cmsis_os2.o
                0x08003ee4                vApplicationGetTimerTaskMemory
 .text.pvPortMalloc
                0x08003f18      0x19c ./Middlewares/FreeRTOS/heap_4.o
                0x08003f18                pvPortMalloc
 .text.vPortFree
                0x080040b4       0xc8 ./Middlewares/FreeRTOS/heap_4.o
                0x080040b4                vPortFree
 .text.prvHeapInit
                0x0800417c       0xc4 ./Middlewares/FreeRTOS/heap_4.o
 .text.prvInsertBlockIntoFreeList
                0x08004240       0xb4 ./Middlewares/FreeRTOS/heap_4.o
 .text.vListInitialise
                0x080042f4       0x40 ./Middlewares/FreeRTOS/list.o
                0x080042f4                vListInitialise
 .text.vListInitialiseItem
                0x08004334       0x1a ./Middlewares/FreeRTOS/list.o
                0x08004334                vListInitialiseItem
 .text.vListInsertEnd
                0x0800434e       0x48 ./Middlewares/FreeRTOS/list.o
                0x0800434e                vListInsertEnd
 .text.vListInsert
                0x08004396       0x72 ./Middlewares/FreeRTOS/list.o
                0x08004396                vListInsert
 .text.uxListRemove
                0x08004408       0x54 ./Middlewares/FreeRTOS/list.o
                0x08004408                uxListRemove
 .text.pxPortInitialiseStack
                0x0800445c       0x68 ./Middlewares/FreeRTOS/port.o
                0x0800445c                pxPortInitialiseStack
 .text.prvTaskExitError
                0x080044c4       0x5c ./Middlewares/FreeRTOS/port.o
 .text.SVC_Handler
                0x08004520       0x28 ./Middlewares/FreeRTOS/port.o
                0x08004520                SVC_Handler
 .text.prvPortStartFirstTask
                0x08004548       0x28 ./Middlewares/FreeRTOS/port.o
 .text.xPortStartScheduler
                0x08004570      0x148 ./Middlewares/FreeRTOS/port.o
                0x08004570                xPortStartScheduler
 .text.vPortEnterCritical
                0x080046b8       0x64 ./Middlewares/FreeRTOS/port.o
                0x080046b8                vPortEnterCritical
 .text.vPortExitCritical
                0x0800471c       0x54 ./Middlewares/FreeRTOS/port.o
                0x0800471c                vPortExitCritical
 .text.PendSV_Handler
                0x08004770       0x68 ./Middlewares/FreeRTOS/port.o
                0x08004770                PendSV_Handler
 .text.xPortSysTickHandler
                0x080047d8       0x44 ./Middlewares/FreeRTOS/port.o
                0x080047d8                xPortSysTickHandler
 .text.vPortSetupTimerInterrupt
                0x0800481c       0x48 ./Middlewares/FreeRTOS/port.o
                0x0800481c                vPortSetupTimerInterrupt
 .text.vPortEnableVFP
                0x08004864       0x14 ./Middlewares/FreeRTOS/port.o
 .text.vPortValidateInterruptPriority
                0x08004878       0x84 ./Middlewares/FreeRTOS/port.o
                0x08004878                vPortValidateInterruptPriority
 .text.xQueueGenericReset
                0x080048fc       0xd4 ./Middlewares/FreeRTOS/queue.o
                0x080048fc                xQueueGenericReset
 .text.xQueueGenericCreateStatic
                0x080049d0       0xfa ./Middlewares/FreeRTOS/queue.o
                0x080049d0                xQueueGenericCreateStatic
 .text.xQueueGenericCreate
                0x08004aca       0x76 ./Middlewares/FreeRTOS/queue.o
                0x08004aca                xQueueGenericCreate
 .text.prvInitialiseNewQueue
                0x08004b40       0x46 ./Middlewares/FreeRTOS/queue.o
 .text.xQueueCreateCountingSemaphoreStatic
                0x08004b86       0x72 ./Middlewares/FreeRTOS/queue.o
                0x08004b86                xQueueCreateCountingSemaphoreStatic
 .text.xQueueCreateCountingSemaphore
                0x08004bf8       0x6a ./Middlewares/FreeRTOS/queue.o
                0x08004bf8                xQueueCreateCountingSemaphore
 *fill*         0x08004c62        0x2 
 .text.xQueueGenericSend
                0x08004c64      0x204 ./Middlewares/FreeRTOS/queue.o
                0x08004c64                xQueueGenericSend
 .text.xQueueGenericSendFromISR
                0x08004e68      0x13c ./Middlewares/FreeRTOS/queue.o
                0x08004e68                xQueueGenericSendFromISR
 .text.xQueueReceive
                0x08004fa4      0x1c4 ./Middlewares/FreeRTOS/queue.o
                0x08004fa4                xQueueReceive
 .text.vQueueDelete
                0x08005168       0x48 ./Middlewares/FreeRTOS/queue.o
                0x08005168                vQueueDelete
 .text.prvCopyDataToQueue
                0x080051b0       0xd4 ./Middlewares/FreeRTOS/queue.o
 .text.prvCopyDataFromQueue
                0x08005284       0x4c ./Middlewares/FreeRTOS/queue.o
 .text.prvUnlockQueue
                0x080052d0       0xa4 ./Middlewares/FreeRTOS/queue.o
 .text.prvIsQueueEmpty
                0x08005374       0x2c ./Middlewares/FreeRTOS/queue.o
 .text.prvIsQueueFull
                0x080053a0       0x30 ./Middlewares/FreeRTOS/queue.o
 .text.vQueueAddToRegistry
                0x080053d0       0x54 ./Middlewares/FreeRTOS/queue.o
                0x080053d0                vQueueAddToRegistry
 .text.vQueueUnregisterQueue
                0x08005424       0x54 ./Middlewares/FreeRTOS/queue.o
                0x08005424                vQueueUnregisterQueue
 .text.vQueueWaitForMessageRestricted
                0x08005478       0x68 ./Middlewares/FreeRTOS/queue.o
                0x08005478                vQueueWaitForMessageRestricted
 .text.xTaskCreateStatic
                0x080054e0       0xc0 ./Middlewares/FreeRTOS/tasks.o
                0x080054e0                xTaskCreateStatic
 .text.xTaskCreate
                0x080055a0       0x8a ./Middlewares/FreeRTOS/tasks.o
                0x080055a0                xTaskCreate
 .text.prvInitialiseNewTask
                0x0800562a      0x120 ./Middlewares/FreeRTOS/tasks.o
 *fill*         0x0800574a        0x2 
 .text.prvAddNewTaskToReadyList
                0x0800574c       0xe0 ./Middlewares/FreeRTOS/tasks.o
 .text.vTaskDelay
                0x0800582c       0x6c ./Middlewares/FreeRTOS/tasks.o
                0x0800582c                vTaskDelay
 .text.vTaskStartScheduler
                0x08005898       0xd0 ./Middlewares/FreeRTOS/tasks.o
                0x08005898                vTaskStartScheduler
 .text.vTaskSuspendAll
                0x08005968       0x1c ./Middlewares/FreeRTOS/tasks.o
                0x08005968                vTaskSuspendAll
 .text.xTaskResumeAll
                0x08005984      0x13c ./Middlewares/FreeRTOS/tasks.o
                0x08005984                xTaskResumeAll
 .text.xTaskGetTickCount
                0x08005ac0       0x20 ./Middlewares/FreeRTOS/tasks.o
                0x08005ac0                xTaskGetTickCount
 .text.xTaskIncrementTick
                0x08005ae0      0x174 ./Middlewares/FreeRTOS/tasks.o
                0x08005ae0                xTaskIncrementTick
 .text.vTaskSwitchContext
                0x08005c54       0xbc ./Middlewares/FreeRTOS/tasks.o
                0x08005c54                vTaskSwitchContext
 .text.vTaskPlaceOnEventList
                0x08005d10       0x4c ./Middlewares/FreeRTOS/tasks.o
                0x08005d10                vTaskPlaceOnEventList
 .text.vTaskPlaceOnEventListRestricted
                0x08005d5c       0x58 ./Middlewares/FreeRTOS/tasks.o
                0x08005d5c                vTaskPlaceOnEventListRestricted
 .text.xTaskRemoveFromEventList
                0x08005db4       0xc8 ./Middlewares/FreeRTOS/tasks.o
                0x08005db4                xTaskRemoveFromEventList
 .text.vTaskInternalSetTimeOutState
                0x08005e7c       0x2c ./Middlewares/FreeRTOS/tasks.o
                0x08005e7c                vTaskInternalSetTimeOutState
 .text.xTaskCheckForTimeOut
                0x08005ea8       0xc8 ./Middlewares/FreeRTOS/tasks.o
                0x08005ea8                xTaskCheckForTimeOut
 .text.vTaskMissedYield
                0x08005f70       0x18 ./Middlewares/FreeRTOS/tasks.o
                0x08005f70                vTaskMissedYield
 .text.prvIdleTask
                0x08005f88       0x30 ./Middlewares/FreeRTOS/tasks.o
 .text.prvInitialiseTaskLists
                0x08005fb8       0x80 ./Middlewares/FreeRTOS/tasks.o
 .text.prvCheckTasksWaitingTermination
                0x08006038       0x5c ./Middlewares/FreeRTOS/tasks.o
 .text.prvDeleteTCB
                0x08006094       0x60 ./Middlewares/FreeRTOS/tasks.o
 .text.prvResetNextTaskUnblockTime
                0x080060f4       0x40 ./Middlewares/FreeRTOS/tasks.o
 .text.xTaskGetSchedulerState
                0x08006134       0x3c ./Middlewares/FreeRTOS/tasks.o
                0x08006134                xTaskGetSchedulerState
 .text.xTaskPriorityDisinherit
                0x08006170       0xe0 ./Middlewares/FreeRTOS/tasks.o
                0x08006170                xTaskPriorityDisinherit
 .text.prvAddCurrentTaskToDelayedList
                0x08006250       0xa8 ./Middlewares/FreeRTOS/tasks.o
 .text.xTimerCreateTimerTask
                0x080062f8       0x94 ./Middlewares/FreeRTOS/timers.o
                0x080062f8                xTimerCreateTimerTask
 .text.xTimerGenericCommand
                0x0800638c       0x9c ./Middlewares/FreeRTOS/timers.o
                0x0800638c                xTimerGenericCommand
 .text.prvProcessExpiredTimer
                0x08006428       0x9c ./Middlewares/FreeRTOS/timers.o
 .text.prvTimerTask
                0x080064c4       0x26 ./Middlewares/FreeRTOS/timers.o
 *fill*         0x080064ea        0x2 
 .text.prvProcessTimerOrBlockTask
                0x080064ec       0x9c ./Middlewares/FreeRTOS/timers.o
 .text.prvGetNextExpireTime
                0x08006588       0x48 ./Middlewares/FreeRTOS/timers.o
 .text.prvSampleTimeNow
                0x080065d0       0x40 ./Middlewares/FreeRTOS/timers.o
 .text.prvInsertTimerInActiveList
                0x08006610       0x84 ./Middlewares/FreeRTOS/timers.o
 .text.prvProcessReceivedCommands
                0x08006694      0x1cc ./Middlewares/FreeRTOS/timers.o
 .text.prvSwitchTimerLists
                0x08006860       0xcc ./Middlewares/FreeRTOS/timers.o
 .text.prvCheckForValidListAndQueue
                0x0800692c       0x80 ./Middlewares/FreeRTOS/timers.o
 .text.arm_mean_f32
                0x080069ac       0x7c F:\STM32CubeIDE\workspace_2.0.0\FFT-ST7735s\CMSIS\Lib\libarm_cortexM4lf_math.a(arm_mean_f32.o)
                0x080069ac                arm_mean_f32
 .text.arm_rfft_32_fast_init_f32
                0x08006a28       0x34 F:\STM32CubeIDE\workspace_2.0.0\FFT-ST7735s\CMSIS\Lib\libarm_cortexM4lf_math.a(arm_rfft_fast_init_f32.o)
                0x08006a28                arm_rfft_32_fast_init_f32
 .text.arm_rfft_64_fast_init_f32
                0x08006a5c       0x34 F:\STM32CubeIDE\workspace_2.0.0\FFT-ST7735s\CMSIS\Lib\libarm_cortexM4lf_math.a(arm_rfft_fast_init_f32.o)
                0x08006a5c                arm_rfft_64_fast_init_f32
 .text.arm_rfft_256_fast_init_f32
                0x08006a90       0x38 F:\STM32CubeIDE\workspace_2.0.0\FFT-ST7735s\CMSIS\Lib\libarm_cortexM4lf_math.a(arm_rfft_fast_init_f32.o)
                0x08006a90                arm_rfft_256_fast_init_f32
 .text.arm_rfft_512_fast_init_f32
                0x08006ac8       0x3c F:\STM32CubeIDE\workspace_2.0.0\FFT-ST7735s\CMSIS\Lib\libarm_cortexM4lf_math.a(arm_rfft_fast_init_f32.o)
                0x08006ac8                arm_rfft_512_fast_init_f32
 .text.arm_rfft_1024_fast_init_f32
                0x08006b04       0x3c F:\STM32CubeIDE\workspace_2.0.0\FFT-ST7735s\CMSIS\Lib\libarm_cortexM4lf_math.a(arm_rfft_fast_init_f32.o)
                0x08006b04                arm_rfft_1024_fast_init_f32
 .text.arm_rfft_2048_fast_init_f32
                0x08006b40       0x3c F:\STM32CubeIDE\workspace_2.0.0\FFT-ST7735s\CMSIS\Lib\libarm_cortexM4lf_math.a(arm_rfft_fast_init_f32.o)
                0x08006b40                arm_rfft_2048_fast_init_f32
 .text.arm_rfft_4096_fast_init_f32
                0x08006b7c       0x3c F:\STM32CubeIDE\workspace_2.0.0\FFT-ST7735s\CMSIS\Lib\libarm_cortexM4lf_math.a(arm_rfft_fast_init_f32.o)
                0x08006b7c                arm_rfft_4096_fast_init_f32
 .text.arm_rfft_fast_init_f32
                0x08006bb8       0x68 F:\STM32CubeIDE\workspace_2.0.0\FFT-ST7735s\CMSIS\Lib\libarm_cortexM4lf_math.a(arm_rfft_fast_init_f32.o)
                0x08006bb8                arm_rfft_fast_init_f32
 .text.stage_rfft_f32
                0x08006c20       0xb4 F:\STM32CubeIDE\workspace_2.0.0\FFT-ST7735s\CMSIS\Lib\libarm_cortexM4lf_math.a(arm_rfft_fast_f32.o)
                0x08006c20                stage_rfft_f32
 .text.merge_rfft_f32
                0x08006cd4       0xac F:\STM32CubeIDE\workspace_2.0.0\FFT-ST7735s\CMSIS\Lib\libarm_cortexM4lf_math.a(arm_rfft_fast_f32.o)
                0x08006cd4                merge_rfft_f32
 .text.arm_rfft_fast_f32
                0x08006d80       0x40 F:\STM32CubeIDE\workspace_2.0.0\FFT-ST7735s\CMSIS\Lib\libarm_cortexM4lf_math.a(arm_rfft_fast_f32.o)
                0x08006d80                arm_rfft_fast_f32
 .text.arm_cfft_radix8by2_f32
                0x08006dc0      0x1a0 F:\STM32CubeIDE\workspace_2.0.0\FFT-ST7735s\CMSIS\Lib\libarm_cortexM4lf_math.a(arm_cfft_f32.o)
                0x08006dc0                arm_cfft_radix8by2_f32
 .text.arm_cfft_radix8by4_f32
                0x08006f60      0x4ac F:\STM32CubeIDE\workspace_2.0.0\FFT-ST7735s\CMSIS\Lib\libarm_cortexM4lf_math.a(arm_cfft_f32.o)
                0x08006f60                arm_cfft_radix8by4_f32
 .text.arm_cfft_f32
                0x0800740c       0xf0 F:\STM32CubeIDE\workspace_2.0.0\FFT-ST7735s\CMSIS\Lib\libarm_cortexM4lf_math.a(arm_cfft_f32.o)
                0x0800740c                arm_cfft_f32
 .text.arm_bitreversal_32
                0x080074fc       0x40 F:\STM32CubeIDE\workspace_2.0.0\FFT-ST7735s\CMSIS\Lib\libarm_cortexM4lf_math.a(arm_bitreversal2.o)
                0x080074fc                arm_bitreversal_32
 .text.arm_cmplx_mag_f32
                0x0800753c      0x248 F:\STM32CubeIDE\workspace_2.0.0\FFT-ST7735s\CMSIS\Lib\libarm_cortexM4lf_math.a(arm_cmplx_mag_f32.o)
                0x0800753c                arm_cmplx_mag_f32
 .text.arm_offset_f32
                0x08007784       0x88 F:\STM32CubeIDE\workspace_2.0.0\FFT-ST7735s\CMSIS\Lib\libarm_cortexM4lf_math.a(arm_offset_f32.o)
                0x08007784                arm_offset_f32
 .text.arm_mult_f32
                0x0800780c       0xb4 F:\STM32CubeIDE\workspace_2.0.0\FFT-ST7735s\CMSIS\Lib\libarm_cortexM4lf_math.a(arm_mult_f32.o)
                0x0800780c                arm_mult_f32
 .text.arm_radix8_butterfly_f32
                0x080078c0      0x580 F:\STM32CubeIDE\workspace_2.0.0\FFT-ST7735s\CMSIS\Lib\libarm_cortexM4lf_math.a(arm_cfft_radix8_f32.o)
                0x080078c0                arm_radix8_butterfly_f32
 .text.memset   0x08007e40       0x10 C:/ST/STM32CubeIDE_2.1.0/STM32CubeIDE/plugins/com.st.stm32cube.ide.mcu.externaltools.gnu-tools-for-stm32.14.3.rel1.win32_1.0.100.202602081740/tools/bin/../lib/gcc/arm-none-eabi/14.3.1/../../../../arm-none-eabi/lib/thumb/v7e-m+fp/hard\libc_nano.a(libc_a-memset.o)
                0x08007e40                memset
 .text.__errno  0x08007e50        0xc C:/ST/STM32CubeIDE_2.1.0/STM32CubeIDE/plugins/com.st.stm32cube.ide.mcu.externaltools.gnu-tools-for-stm32.14.3.rel1.win32_1.0.100.202602081740/tools/bin/../lib/gcc/arm-none-eabi/14.3.1/../../../../arm-none-eabi/lib/thumb/v7e-m+fp/hard\libc_nano.a(libc_a-errno.o)
                0x08007e50                __errno
 .text.__libc_init_array
                0x08007e5c       0x48 C:/ST/STM32CubeIDE_2.1.0/STM32CubeIDE/plugins/com.st.stm32cube.ide.mcu.externaltools.gnu-tools-for-stm32.14.3.rel1.win32_1.0.100.202602081740/tools/bin/../lib/gcc/arm-none-eabi/14.3.1/../../../../arm-none-eabi/lib/thumb/v7e-m+fp/hard\libc_nano.a(libc_a-init.o)
                0x08007e5c                __libc_init_array
 .text.memcpy   0x08007ea4       0x1c C:/ST/STM32CubeIDE_2.1.0/STM32CubeIDE/plugins/com.st.stm32cube.ide.mcu.externaltools.gnu-tools-for-stm32.14.3.rel1.win32_1.0.100.202602081740/tools/bin/../lib/gcc/arm-none-eabi/14.3.1/../../../../arm-none-eabi/lib/thumb/v7e-m+fp/hard\libc_nano.a(libc_a-memcpy-stub.o)
                0x08007ea4                memcpy
 .text.log10f   0x08007ec0       0x60 C:/ST/STM32CubeIDE_2.1.0/STM32CubeIDE/plugins/com.st.stm32cube.ide.mcu.externaltools.gnu-tools-for-stm32.14.3.rel1.win32_1.0.100.202602081740/tools/bin/../lib/gcc/arm-none-eabi/14.3.1/../../../../arm-none-eabi/lib/thumb/v7e-m+fp/hard\libm.a(libm_a-wf_log10.o)
                0x08007ec0                log10f
 .text.sqrtf    0x08007f20       0x44 C:/ST/STM32CubeIDE_2.1.0/STM32CubeIDE/plugins/com.st.stm32cube.ide.mcu.externaltools.gnu-tools-for-stm32.14.3.rel1.win32_1.0.100.202602081740/tools/bin/../lib/gcc/arm-none-eabi/14.3.1/../../../../arm-none-eabi/lib/thumb/v7e-m+fp/hard\libm.a(libm_a-wf_sqrt.o)
                0x08007f20                sqrtf
 .text.cosf     0x08007f64       0x70 C:/ST/STM32CubeIDE_2.1.0/STM32CubeIDE/plugins/com.st.stm32cube.ide.mcu.externaltools.gnu-tools-for-stm32.14.3.rel1.win32_1.0.100.202602081740/tools/bin/../lib/gcc/arm-none-eabi/14.3.1/../../../../arm-none-eabi/lib/thumb/v7e-m+fp/hard\libm.a(libm_a-sf_cos.o)
                0x08007f64                cosf
 .text.nanf     0x08007fd4        0xc C:/ST/STM32CubeIDE_2.1.0/STM32CubeIDE/plugins/com.st.stm32cube.ide.mcu.externaltools.gnu-tools-for-stm32.14.3.rel1.win32_1.0.100.202602081740/tools/bin/../lib/gcc/arm-none-eabi/14.3.1/../../../../arm-none-eabi/lib/thumb/v7e-m+fp/hard\libm.a(libm_a-sf_nan.o)
                0x08007fd4                nanf
 .text.__ieee754_sqrtf
                0x08007fe0        0x8 C:/ST/STM32CubeIDE_2.1.0/STM32CubeIDE/plugins/com.st.stm32cube.ide.mcu.externaltools.gnu-tools-for-stm32.14.3.rel1.win32_1.0.100.202602081740/tools/bin/../lib/gcc/arm-none-eabi/14.3.1/../../../../arm-none-eabi/lib/thumb/v7e-m+fp/hard\libm.a(libm_a-ef_sqrt.o)
                0x08007fe0                __ieee754_sqrtf
 .text.__kernel_cosf
                0x08007fe8      0x104 C:/ST/STM32CubeIDE_2.1.0/STM32CubeIDE/plugins/com.st.stm32cube.ide.mcu.externaltools.gnu-tools-for-stm32.14.3.rel1.win32_1.0.100.202602081740/tools/bin/../lib/gcc/arm-none-eabi/14.3.1/../../../../arm-none-eabi/lib/thumb/v7e-m+fp/hard\libm.a(libm_a-kf_cos.o)
                0x08007fe8                __kernel_cosf
 .text.__kernel_sinf
                0x080080ec       0x90 C:/ST/STM32CubeIDE_2.1.0/STM32CubeIDE/plugins/com.st.stm32cube.ide.mcu.externaltools.gnu-tools-for-stm32.14.3.rel1.win32_1.0.100.202602081740/tools/bin/../lib/gcc/arm-none-eabi/14.3.1/../../../../arm-none-eabi/lib/thumb/v7e-m+fp/hard\libm.a(libm_a-kf_sin.o)
                0x080080ec                __kernel_sinf
 .text.__ieee754_log10f
                0x0800817c       0xc4 C:/ST/STM32CubeIDE_2.1.0/STM32CubeIDE/plugins/com.st.stm32cube.ide.mcu.externaltools.gnu-tools-for-stm32.14.3.rel1.win32_1.0.100.202602081740/tools/bin/../lib/gcc/arm-none-eabi/14.3.1/../../../../arm-none-eabi/lib/thumb/v7e-m+fp/hard\libm.a(libm_a-ef_log10.o)
                0x0800817c                __ieee754_log10f
 .text.__ieee754_rem_pio2f
                0x08008240      0x26c C:/ST/STM32CubeIDE_2.1.0/STM32CubeIDE/plugins/com.st.stm32cube.ide.mcu.externaltools.gnu-tools-for-stm32.14.3.rel1.win32_1.0.100.202602081740/tools/bin/../lib/gcc/arm-none-eabi/14.3.1/../../../../arm-none-eabi/lib/thumb/v7e-m+fp/hard\libm.a(libm_a-ef_rem_pio2.o)
                0x08008240                __ieee754_rem_pio2f
 .text.fabsf    0x080084ac       0x10 C:/ST/STM32CubeIDE_2.1.0/STM32CubeIDE/plugins/com.st.stm32cube.ide.mcu.externaltools.gnu-tools-for-stm32.14.3.rel1.win32_1.0.100.202602081740/tools/bin/../lib/gcc/arm-none-eabi/14.3.1/../../../../arm-none-eabi/lib/thumb/v7e-m+fp/hard\libm.a(libm_a-sf_fabs.o)
                0x080084ac                fabsf
 .text.__kernel_rem_pio2f
                0x080084bc      0x68c C:/ST/STM32CubeIDE_2.1.0/STM32CubeIDE/plugins/com.st.stm32cube.ide.mcu.externaltools.gnu-tools-for-stm32.14.3.rel1.win32_1.0.100.202602081740/tools/bin/../lib/gcc/arm-none-eabi/14.3.1/../../../../arm-none-eabi/lib/thumb/v7e-m+fp/hard\libm.a(libm_a-kf_rem_pio2.o)
                0x080084bc                __kernel_rem_pio2f
 .text.__ieee754_logf
                0x08008b48      0x1f4 C:/ST/STM32CubeIDE_2.1.0/STM32CubeIDE/plugins/com.st.stm32cube.ide.mcu.externaltools.gnu-tools-for-stm32.14.3.rel1.win32_1.0.100.202602081740/tools/bin/../lib/gcc/arm-none-eabi/14.3.1/../../../../arm-none-eabi/lib/thumb/v7e-m+fp/hard\libm.a(libm_a-ef_log.o)
                0x08008b48                __ieee754_logf
 .text.scalbnf  0x08008d3c       0xdc C:/ST/STM32CubeIDE_2.1.0/STM32CubeIDE/plugins/com.st.stm32cube.ide.mcu.externaltools.gnu-tools-for-stm32.14.3.rel1.win32_1.0.100.202602081740/tools/bin/../lib/gcc/arm-none-eabi/14.3.1/../../../../arm-none-eabi/lib/thumb/v7e-m+fp/hard\libm.a(libm_a-sf_scalbn.o)
                0x08008d3c                scalbnf
 .text.floorf   0x08008e18       0x94 C:/ST/STM32CubeIDE_2.1.0/STM32CubeIDE/plugins/com.st.stm32cube.ide.mcu.externaltools.gnu-tools-for-stm32.14.3.rel1.win32_1.0.100.202602081740/tools/bin/../lib/gcc/arm-none-eabi/14.3.1/../../../../arm-none-eabi/lib/thumb/v7e-m+fp/hard\libm.a(libm_a-sf_floor.o)
                0x08008e18                floorf
 *(.glue_7)
 .glue_7        0x08008eac        0x0 linker stubs
 *(.glue_7t)
 .glue_7t       0x08008eac        0x0 linker stubs
 *(.eh_frame)
 .eh_frame      0x08008eac        0x0 C:/ST/STM32CubeIDE_2.1.0/STM32CubeIDE/plugins/com.st.stm32cube.ide.mcu.externaltools.gnu-tools-for-stm32.14.3.rel1.win32_1.0.100.202602081740/tools/bin/../lib/gcc/arm-none-eabi/14.3.1/thumb/v7e-m+fp/hard/crtbegin.o
 *(.init)
 .init          0x08008eac        0x4 C:/ST/STM32CubeIDE_2.1.0/STM32CubeIDE/plugins/com.st.stm32cube.ide.mcu.externaltools.gnu-tools-for-stm32.14.3.rel1.win32_1.0.100.202602081740/tools/bin/../lib/gcc/arm-none-eabi/14.3.1/thumb/v7e-m+fp/hard/crti.o
                0x08008eac                _init
 .init          0x08008eb0        0x8 C:/ST/STM32CubeIDE_2.1.0/STM32CubeIDE/plugins/com.st.stm32cube.ide.mcu.externaltools.gnu-tools-for-stm32.14.3.rel1.win32_1.0.100.202602081740/tools/bin/../lib/gcc/arm-none-eabi/14.3.1/thumb/v7e-m+fp/hard/crtn.o
 *(.fini)
 .fini          0x08008eb8        0x4 C:/ST/STM32CubeIDE_2.1.0/STM32CubeIDE/plugins/com.st.stm32cube.ide.mcu.externaltools.gnu-tools-for-stm32.14.3.rel1.win32_1.0.100.202602081740/tools/bin/../lib/gcc/arm-none-eabi/14.3.1/thumb/v7e-m+fp/hard/crti.o
                0x08008eb8                _fini
 .fini          0x08008ebc        0x8 C:/ST/STM32CubeIDE_2.1.0/STM32CubeIDE/plugins/com.st.stm32cube.ide.mcu.externaltools.gnu-tools-for-stm32.14.3.rel1.win32_1.0.100.202602081740/tools/bin/../lib/gcc/arm-none-eabi/14.3.1/thumb/v7e-m+fp/hard/crtn.o
                0x08008ec4                        . = ALIGN (0x4)
                0x08008ec4                        _etext = .

.vfp11_veneer   0x08008ec4        0x0
 .vfp11_veneer  0x08008ec4        0x0 linker stubs

.v4_bx          0x08008ec4        0x0
 .v4_bx         0x08008ec4        0x0 linker stubs

.iplt           0x08008ec4        0x0
 .iplt          0x08008ec4        0x0 C:/ST/STM32CubeIDE_2.1.0/STM32CubeIDE/plugins/com.st.stm32cube.ide.mcu.externaltools.gnu-tools-for-stm32.14.3.rel1.win32_1.0.100.202602081740/tools/bin/../lib/gcc/arm-none-eabi/14.3.1/thumb/v7e-m+fp/hard/crtbegin.o

.rodata         0x08008ec4    0x1353c
                0x08008ec4                        . = ALIGN (0x4)
 *(.rodata)
 .rodata        0x08008ec4       0x41 ./Core/Src/freertos.o
 *fill*         0x08008f05        0x3 
 .rodata        0x08008f08        0x5 ./Middlewares/FreeRTOS/tasks.o
 *fill*         0x08008f0d        0x3 
 .rodata        0x08008f10        0xd ./Middlewares/FreeRTOS/timers.o
 *(.rodata*)
 *fill*         0x08008f1d        0x3 
 .rodata.Display_Task_attributes
                0x08008f20       0x24 ./Core/Src/freertos.o
                0x08008f20                Display_Task_attributes
 .rodata.Audio_Task_attributes
                0x08008f44       0x24 ./Core/Src/freertos.o
                0x08008f44                Audio_Task_attributes
 .rodata.FFT_Task_attributes
                0x08008f68       0x24 ./Core/Src/freertos.o
                0x08008f68                FFT_Task_attributes
 .rodata.FFTQueue_attributes
                0x08008f8c       0x18 ./Core/Src/freertos.o
                0x08008f8c                FFTQueue_attributes
 .rodata.DataReadySem_attributes
                0x08008fa4       0x10 ./Core/Src/freertos.o
                0x08008fa4                DataReadySem_attributes
 .rodata.init_cmds1
                0x08008fb4       0x3b ./Core/Src/st7735.o
 *fill*         0x08008fef        0x1 
 .rodata.init_cmds2
                0x08008ff0        0xf ./Core/Src/st7735.o
 *fill*         0x08008fff        0x1 
 .rodata.init_cmds3
                0x08009000       0x2b ./Core/Src/st7735.o
 *fill*         0x0800902b        0x1 
 .rodata.AHBPrescTable
                0x0800902c       0x10 ./Core/Src/system_stm32f4xx.o
                0x0800902c                AHBPrescTable
 .rodata.flagBitshiftOffset.0
                0x0800903c        0x8 ./Drivers/STM32F4xx_HAL_Driver/stm32f4xx_hal_dma.o
 .rodata.armBitRevIndexTable1024
                0x08009044      0xe10 F:\STM32CubeIDE\workspace_2.0.0\FFT-ST7735s\CMSIS\Lib\libarm_cortexM4lf_math.a(arm_common_tables.o)
                0x08009044                armBitRevIndexTable1024
 .rodata.armBitRevIndexTable128
                0x08009e54      0x1a0 F:\STM32CubeIDE\workspace_2.0.0\FFT-ST7735s\CMSIS\Lib\libarm_cortexM4lf_math.a(arm_common_tables.o)
                0x08009e54                armBitRevIndexTable128
 .rodata.armBitRevIndexTable16
                0x08009ff4       0x28 F:\STM32CubeIDE\workspace_2.0.0\FFT-ST7735s\CMSIS\Lib\libarm_cortexM4lf_math.a(arm_common_tables.o)
                0x08009ff4                armBitRevIndexTable16
 .rodata.armBitRevIndexTable2048
                0x0800a01c     0x1dc0 F:\STM32CubeIDE\workspace_2.0.0\FFT-ST7735s\CMSIS\Lib\libarm_cortexM4lf_math.a(arm_common_tables.o)
                0x0800a01c                armBitRevIndexTable2048
 .rodata.armBitRevIndexTable256
                0x0800bddc      0x370 F:\STM32CubeIDE\workspace_2.0.0\FFT-ST7735s\CMSIS\Lib\libarm_cortexM4lf_math.a(arm_common_tables.o)
                0x0800bddc                armBitRevIndexTable256
 .rodata.armBitRevIndexTable32
                0x0800c14c       0x60 F:\STM32CubeIDE\workspace_2.0.0\FFT-ST7735s\CMSIS\Lib\libarm_cortexM4lf_math.a(arm_common_tables.o)
                0x0800c14c                armBitRevIndexTable32
 .rodata.armBitRevIndexTable512
                0x0800c1ac      0x380 F:\STM32CubeIDE\workspace_2.0.0\FFT-ST7735s\CMSIS\Lib\libarm_cortexM4lf_math.a(arm_common_tables.o)
                0x0800c1ac                armBitRevIndexTable512
 .rodata.twiddleCoef_1024
                0x0800c52c     0x2000 F:\STM32CubeIDE\workspace_2.0.0\FFT-ST7735s\CMSIS\Lib\libarm_cortexM4lf_math.a(arm_common_tables.o)
                0x0800c52c                twiddleCoef_1024
 .rodata.twiddleCoef_128
                0x0800e52c      0x400 F:\STM32CubeIDE\workspace_2.0.0\FFT-ST7735s\CMSIS\Lib\libarm_cortexM4lf_math.a(arm_common_tables.o)
                0x0800e52c                twiddleCoef_128
 .rodata.twiddleCoef_16
                0x0800e92c       0x80 F:\STM32CubeIDE\workspace_2.0.0\FFT-ST7735s\CMSIS\Lib\libarm_cortexM4lf_math.a(arm_common_tables.o)
                0x0800e92c                twiddleCoef_16
 .rodata.twiddleCoef_2048
                0x0800e9ac     0x4000 F:\STM32CubeIDE\workspace_2.0.0\FFT-ST7735s\CMSIS\Lib\libarm_cortexM4lf_math.a(arm_common_tables.o)
                0x0800e9ac                twiddleCoef_2048
 .rodata.twiddleCoef_256
                0x080129ac      0x800 F:\STM32CubeIDE\workspace_2.0.0\FFT-ST7735s\CMSIS\Lib\libarm_cortexM4lf_math.a(arm_common_tables.o)
                0x080129ac                twiddleCoef_256
 .rodata.twiddleCoef_32
                0x080131ac      0x100 F:\STM32CubeIDE\workspace_2.0.0\FFT-ST7735s\CMSIS\Lib\libarm_cortexM4lf_math.a(arm_common_tables.o)
                0x080131ac                twiddleCoef_32
 .rodata.twiddleCoef_512
                0x080132ac     0x1000 F:\STM32CubeIDE\workspace_2.0.0\FFT-ST7735s\CMSIS\Lib\libarm_cortexM4lf_math.a(arm_common_tables.o)
                0x080132ac                twiddleCoef_512
 .rodata.twiddleCoef_rfft_1024
                0x080142ac     0x1000 F:\STM32CubeIDE\workspace_2.0.0\FFT-ST7735s\CMSIS\Lib\libarm_cortexM4lf_math.a(arm_common_tables.o)
                0x080142ac                twiddleCoef_rfft_1024
 .rodata.twiddleCoef_rfft_2048
                0x080152ac     0x2000 F:\STM32CubeIDE\workspace_2.0.0\FFT-ST7735s\CMSIS\Lib\libarm_cortexM4lf_math.a(arm_common_tables.o)
                0x080152ac                twiddleCoef_rfft_2048
 .rodata.twiddleCoef_rfft_256
                0x080172ac      0x400 F:\STM32CubeIDE\workspace_2.0.0\FFT-ST7735s\CMSIS\Lib\libarm_cortexM4lf_math.a(arm_common_tables.o)
                0x080172ac                twiddleCoef_rfft_256
 .rodata.twiddleCoef_rfft_32
                0x080176ac       0x80 F:\STM32CubeIDE\workspace_2.0.0\FFT-ST7735s\CMSIS\Lib\libarm_cortexM4lf_math.a(arm_common_tables.o)
                0x080176ac                twiddleCoef_rfft_32
 .rodata.twiddleCoef_rfft_4096
                0x0801772c     0x4000 F:\STM32CubeIDE\workspace_2.0.0\FFT-ST7735s\CMSIS\Lib\libarm_cortexM4lf_math.a(arm_common_tables.o)
                0x0801772c                twiddleCoef_rfft_4096
 .rodata.twiddleCoef_rfft_512
                0x0801b72c      0x800 F:\STM32CubeIDE\workspace_2.0.0\FFT-ST7735s\CMSIS\Lib\libarm_cortexM4lf_math.a(arm_common_tables.o)
                0x0801b72c                twiddleCoef_rfft_512
 .rodata.twiddleCoef_rfft_64
                0x0801bf2c      0x100 F:\STM32CubeIDE\workspace_2.0.0\FFT-ST7735s\CMSIS\Lib\libarm_cortexM4lf_math.a(arm_common_tables.o)
                0x0801bf2c                twiddleCoef_rfft_64
 .rodata.log10f.str1.4
                0x0801c02c        0x1 C:/ST/STM32CubeIDE_2.1.0/STM32CubeIDE/plugins/com.st.stm32cube.ide.mcu.externaltools.gnu-tools-for-stm32.14.3.rel1.win32_1.0.100.202602081740/tools/bin/../lib/gcc/arm-none-eabi/14.3.1/../../../../arm-none-eabi/lib/thumb/v7e-m+fp/hard\libm.a(libm_a-wf_log10.o)
 *fill*         0x0801c02d        0x3 
 .rodata.npio2_hw
                0x0801c030       0x80 C:/ST/STM32CubeIDE_2.1.0/STM32CubeIDE/plugins/com.st.stm32cube.ide.mcu.externaltools.gnu-tools-for-stm32.14.3.rel1.win32_1.0.100.202602081740/tools/bin/../lib/gcc/arm-none-eabi/14.3.1/../../../../arm-none-eabi/lib/thumb/v7e-m+fp/hard\libm.a(libm_a-ef_rem_pio2.o)
 .rodata.two_over_pi
                0x0801c0b0      0x318 C:/ST/STM32CubeIDE_2.1.0/STM32CubeIDE/plugins/com.st.stm32cube.ide.mcu.externaltools.gnu-tools-for-stm32.14.3.rel1.win32_1.0.100.202602081740/tools/bin/../lib/gcc/arm-none-eabi/14.3.1/../../../../arm-none-eabi/lib/thumb/v7e-m+fp/hard\libm.a(libm_a-ef_rem_pio2.o)
 .rodata.PIo2   0x0801c3c8       0x2c C:/ST/STM32CubeIDE_2.1.0/STM32CubeIDE/plugins/com.st.stm32cube.ide.mcu.externaltools.gnu-tools-for-stm32.14.3.rel1.win32_1.0.100.202602081740/tools/bin/../lib/gcc/arm-none-eabi/14.3.1/../../../../arm-none-eabi/lib/thumb/v7e-m+fp/hard\libm.a(libm_a-kf_rem_pio2.o)
 .rodata.init_jk
                0x0801c3f4        0xc C:/ST/STM32CubeIDE_2.1.0/STM32CubeIDE/plugins/com.st.stm32cube.ide.mcu.externaltools.gnu-tools-for-stm32.14.3.rel1.win32_1.0.100.202602081740/tools/bin/../lib/gcc/arm-none-eabi/14.3.1/../../../../arm-none-eabi/lib/thumb/v7e-m+fp/hard\libm.a(libm_a-kf_rem_pio2.o)
                0x0801c400                        . = ALIGN (0x4)

.ARM.extab      0x0801c400        0x0
                0x0801c400                        . = ALIGN (0x4)
 *(.ARM.extab* .gnu.linkonce.armextab.*)
                0x0801c400                        . = ALIGN (0x4)

.ARM            0x0801c400        0x8
                0x0801c400                        . = ALIGN (0x4)
                0x0801c400                        __exidx_start = .
 *(.ARM.exidx*)
 .ARM.exidx     0x0801c400        0x8 C:/ST/STM32CubeIDE_2.1.0/STM32CubeIDE/plugins/com.st.stm32cube.ide.mcu.externaltools.gnu-tools-for-stm32.14.3.rel1.win32_1.0.100.202602081740/tools/bin/../lib/gcc/arm-none-eabi/14.3.1/thumb/v7e-m+fp/hard\libgcc.a(_udivmoddi4.o)
                0x0801c408                        __exidx_end = .
                0x0801c408                        . = ALIGN (0x4)

.preinit_array  0x0801c408        0x0
                0x0801c408                        . = ALIGN (0x4)
                0x0801c408                        PROVIDE (__preinit_array_start = .)
 *(.preinit_array*)
                0x0801c408                        PROVIDE (__preinit_array_end = .)
                0x0801c408                        . = ALIGN (0x4)

.init_array     0x0801c408        0x4
                0x0801c408                        . = ALIGN (0x4)
                0x0801c408                        PROVIDE (__init_array_start = .)
 *(SORT_BY_NAME(.init_array.*))
 *(.init_array*)
 .init_array    0x0801c408        0x4 C:/ST/STM32CubeIDE_2.1.0/STM32CubeIDE/plugins/com.st.stm32cube.ide.mcu.externaltools.gnu-tools-for-stm32.14.3.rel1.win32_1.0.100.202602081740/tools/bin/../lib/gcc/arm-none-eabi/14.3.1/thumb/v7e-m+fp/hard/crtbegin.o
                0x0801c40c                        PROVIDE (__init_array_end = .)
                0x0801c40c                        . = ALIGN (0x4)

.fini_array     0x0801c40c        0x4
                0x0801c40c                        . = ALIGN (0x4)
                [!provide]                        PROVIDE (__fini_array_start = .)
 *(SORT_BY_NAME(.fini_array.*))
 *(.fini_array*)
 .fini_array    0x0801c40c        0x4 C:/ST/STM32CubeIDE_2.1.0/STM32CubeIDE/plugins/com.st.stm32cube.ide.mcu.externaltools.gnu-tools-for-stm32.14.3.rel1.win32_1.0.100.202602081740/tools/bin/../lib/gcc/arm-none-eabi/14.3.1/thumb/v7e-m+fp/hard/crtbegin.o
                [!provide]                        PROVIDE (__fini_array_end = .)
                0x0801c410                        . = ALIGN (0x4)
                0x0801c410                        _sidata = LOADADDR (.data)

.rel.dyn        0x0801c410        0x0
 .rel.iplt      0x0801c410        0x0 C:/ST/STM32CubeIDE_2.1.0/STM32CubeIDE/plugins/com.st.stm32cube.ide.mcu.externaltools.gnu-tools-for-stm32.14.3.rel1.win32_1.0.100.202602081740/tools/bin/../lib/gcc/arm-none-eabi/14.3.1/thumb/v7e-m+fp/hard/crtbegin.o

.data           0x20000000       0x60 load address 0x0801c410
                0x20000000                        . = ALIGN (0x4)
                0x20000000                        _sdata = .
 *(.data)
 *(.data*)
 .data.SystemCoreClock
                0x20000000        0x4 ./Core/Src/system_stm32f4xx.o
                0x20000000                SystemCoreClock
 .data.uwTickPrio
                0x20000004        0x4 ./Drivers/STM32F4xx_HAL_Driver/stm32f4xx_hal.o
                0x20000004                uwTickPrio
 .data.uwTickFreq
                0x20000008        0x1 ./Drivers/STM32F4xx_HAL_Driver/stm32f4xx_hal.o
                0x20000008                uwTickFreq
 *fill*         0x20000009        0x3 
 .data.uxCriticalNesting
                0x2000000c        0x4 ./Middlewares/FreeRTOS/port.o
 .data._impure_ptr
                0x20000010        0x4 C:/ST/STM32CubeIDE_2.1.0/STM32CubeIDE/plugins/com.st.stm32cube.ide.mcu.externaltools.gnu-tools-for-stm32.14.3.rel1.win32_1.0.100.202602081740/tools/bin/../lib/gcc/arm-none-eabi/14.3.1/../../../../arm-none-eabi/lib/thumb/v7e-m+fp/hard\libc_nano.a(libc_a-impure.o)
                0x20000010                _impure_ptr
 .data._impure_data
                0x20000014       0x4c C:/ST/STM32CubeIDE_2.1.0/STM32CubeIDE/plugins/com.st.stm32cube.ide.mcu.externaltools.gnu-tools-for-stm32.14.3.rel1.win32_1.0.100.202602081740/tools/bin/../lib/gcc/arm-none-eabi/14.3.1/../../../../arm-none-eabi/lib/thumb/v7e-m+fp/hard\libc_nano.a(libc_a-impure.o)
                0x20000014                _impure_data
 *(.RamFunc)
 *(.RamFunc*)
                0x20000060                        . = ALIGN (0x4)
                0x20000060                        _edata = .

.igot.plt       0x20000060        0x0 load address 0x0801c470
 .igot.plt      0x20000060        0x0 C:/ST/STM32CubeIDE_2.1.0/STM32CubeIDE/plugins/com.st.stm32cube.ide.mcu.externaltools.gnu-tools-for-stm32.14.3.rel1.win32_1.0.100.202602081740/tools/bin/../lib/gcc/arm-none-eabi/14.3.1/thumb/v7e-m+fp/hard/crtbegin.o
                0x20000060                        . = ALIGN (0x4)

.bss            0x20000060     0x8658 load address 0x0801c470
                0x20000060                        _sbss = .
                0x20000060                        __bss_start__ = _sbss
 *(.bss)
 .bss           0x20000060       0x1c C:/ST/STM32CubeIDE_2.1.0/STM32CubeIDE/plugins/com.st.stm32cube.ide.mcu.externaltools.gnu-tools-for-stm32.14.3.rel1.win32_1.0.100.202602081740/tools/bin/../lib/gcc/arm-none-eabi/14.3.1/thumb/v7e-m+fp/hard/crtbegin.o
 *(.bss*)
 .bss.Display_TaskHandle
                0x2000007c        0x4 ./Core/Src/freertos.o
                0x2000007c                Display_TaskHandle
 .bss.Audio_TaskHandle
                0x20000080        0x4 ./Core/Src/freertos.o
                0x20000080                Audio_TaskHandle
 .bss.FFT_TaskHandle
                0x20000084        0x4 ./Core/Src/freertos.o
                0x20000084                FFT_TaskHandle
 .bss.FFTQueueHandle
                0x20000088        0x4 ./Core/Src/freertos.o
                0x20000088                FFTQueueHandle
 .bss.DataReadySemHandle
                0x2000008c        0x4 ./Core/Src/freertos.o
                0x2000008c                DataReadySemHandle
 .bss.prev_heights.0
                0x20000090      0x280 ./Core/Src/freertos.o
 .bss.hi2s2     0x20000310       0x48 ./Core/Src/i2s.o
                0x20000310                hi2s2
 .bss.hdma_spi2_rx
                0x20000358       0x60 ./Core/Src/i2s.o
                0x20000358                hdma_spi2_rx
 .bss.i2s_rx_buf
                0x200003b8     0x2000 ./Core/Src/main.o
                0x200003b8                i2s_rx_buf
 .bss.fft_input
                0x200023b8      0x800 ./Core/Src/main.o
                0x200023b8                fft_input
 .bss.fft_output
                0x20002bb8      0x800 ./Core/Src/main.o
                0x20002bb8                fft_output
 .bss.window    0x200033b8      0x800 ./Core/Src/main.o
                0x200033b8                window
 .bss.data_ready_flag
                0x20003bb8        0x1 ./Core/Src/main.o
                0x20003bb8                data_ready_flag
 *fill*         0x20003bb9        0x3 
 .bss.fft_handler
                0x20003bbc       0x18 ./Core/Src/main.o
                0x20003bbc                fft_handler
 .bss.hspi1     0x20003bd4       0x58 ./Core/Src/spi.o
                0x20003bd4                hspi1
 .bss.uwTick    0x20003c2c        0x4 ./Drivers/STM32F4xx_HAL_Driver/stm32f4xx_hal.o
                0x20003c2c                uwTick
 .bss.KernelState
                0x20003c30        0x4 ./Middlewares/FreeRTOS/cmsis_os2.o
 .bss.Idle_TCB.3
                0x20003c34       0x5c ./Middlewares/FreeRTOS/cmsis_os2.o
 .bss.Idle_Stack.2
                0x20003c90      0x200 ./Middlewares/FreeRTOS/cmsis_os2.o
 .bss.Timer_TCB.1
                0x20003e90       0x5c ./Middlewares/FreeRTOS/cmsis_os2.o
 .bss.Timer_Stack.0
                0x20003eec      0x400 ./Middlewares/FreeRTOS/cmsis_os2.o
 .bss.ucHeap    0x200042ec     0x3c00 ./Middlewares/FreeRTOS/heap_4.o
 .bss.xStart    0x20007eec        0x8 ./Middlewares/FreeRTOS/heap_4.o
 .bss.pxEnd     0x20007ef4        0x4 ./Middlewares/FreeRTOS/heap_4.o
 .bss.xFreeBytesRemaining
                0x20007ef8        0x4 ./Middlewares/FreeRTOS/heap_4.o
 .bss.xMinimumEverFreeBytesRemaining
                0x20007efc        0x4 ./Middlewares/FreeRTOS/heap_4.o
 .bss.xNumberOfSuccessfulAllocations
                0x20007f00        0x4 ./Middlewares/FreeRTOS/heap_4.o
 .bss.xNumberOfSuccessfulFrees
                0x20007f04        0x4 ./Middlewares/FreeRTOS/heap_4.o
 .bss.xBlockAllocatedBit
                0x20007f08        0x4 ./Middlewares/FreeRTOS/heap_4.o
 .bss.ucMaxSysCallPriority
                0x20007f0c        0x1 ./Middlewares/FreeRTOS/port.o
 *fill*         0x20007f0d        0x3 
 .bss.ulMaxPRIGROUPValue
                0x20007f10        0x4 ./Middlewares/FreeRTOS/port.o
 .bss.xQueueRegistry
                0x20007f14       0x40 ./Middlewares/FreeRTOS/queue.o
                0x20007f14                xQueueRegistry
 .bss.pxCurrentTCB
                0x20007f54        0x4 ./Middlewares/FreeRTOS/tasks.o
                0x20007f54                pxCurrentTCB
 .bss.pxReadyTasksLists
                0x20007f58      0x460 ./Middlewares/FreeRTOS/tasks.o
 .bss.xDelayedTaskList1
                0x200083b8       0x14 ./Middlewares/FreeRTOS/tasks.o
 .bss.xDelayedTaskList2
                0x200083cc       0x14 ./Middlewares/FreeRTOS/tasks.o
 .bss.pxDelayedTaskList
                0x200083e0        0x4 ./Middlewares/FreeRTOS/tasks.o
 .bss.pxOverflowDelayedTaskList
                0x200083e4        0x4 ./Middlewares/FreeRTOS/tasks.o
 .bss.xPendingReadyList
                0x200083e8       0x14 ./Middlewares/FreeRTOS/tasks.o
 .bss.xTasksWaitingTermination
                0x200083fc       0x14 ./Middlewares/FreeRTOS/tasks.o
 .bss.uxDeletedTasksWaitingCleanUp
                0x20008410        0x4 ./Middlewares/FreeRTOS/tasks.o
 .bss.xSuspendedTaskList
                0x20008414       0x14 ./Middlewares/FreeRTOS/tasks.o
 .bss.uxCurrentNumberOfTasks
                0x20008428        0x4 ./Middlewares/FreeRTOS/tasks.o
 .bss.xTickCount
                0x2000842c        0x4 ./Middlewares/FreeRTOS/tasks.o
 .bss.uxTopReadyPriority
                0x20008430        0x4 ./Middlewares/FreeRTOS/tasks.o
 .bss.xSchedulerRunning
                0x20008434        0x4 ./Middlewares/FreeRTOS/tasks.o
 .bss.xPendedTicks
                0x20008438        0x4 ./Middlewares/FreeRTOS/tasks.o
 .bss.xYieldPending
                0x2000843c        0x4 ./Middlewares/FreeRTOS/tasks.o
 .bss.xNumOfOverflows
                0x20008440        0x4 ./Middlewares/FreeRTOS/tasks.o
 .bss.uxTaskNumber
                0x20008444        0x4 ./Middlewares/FreeRTOS/tasks.o
 .bss.xNextTaskUnblockTime
                0x20008448        0x4 ./Middlewares/FreeRTOS/tasks.o
 .bss.xIdleTaskHandle
                0x2000844c        0x4 ./Middlewares/FreeRTOS/tasks.o
 .bss.uxSchedulerSuspended
                0x20008450        0x4 ./Middlewares/FreeRTOS/tasks.o
 .bss.xActiveTimerList1
                0x20008454       0x14 ./Middlewares/FreeRTOS/timers.o
 .bss.xActiveTimerList2
                0x20008468       0x14 ./Middlewares/FreeRTOS/timers.o
 .bss.pxCurrentTimerList
                0x2000847c        0x4 ./Middlewares/FreeRTOS/timers.o
 .bss.pxOverflowTimerList
                0x20008480        0x4 ./Middlewares/FreeRTOS/timers.o
 .bss.xTimerQueue
                0x20008484        0x4 ./Middlewares/FreeRTOS/timers.o
 .bss.xTimerTaskHandle
                0x20008488        0x4 ./Middlewares/FreeRTOS/timers.o
 .bss.xLastTime.2
                0x2000848c        0x4 ./Middlewares/FreeRTOS/timers.o
 .bss.ucStaticTimerQueueStorage.1
                0x20008490       0xa0 ./Middlewares/FreeRTOS/timers.o
 .bss.xStaticTimerQueue.0
                0x20008530       0x50 ./Middlewares/FreeRTOS/timers.o
 .bss.__sf      0x20008580      0x138 C:/ST/STM32CubeIDE_2.1.0/STM32CubeIDE/plugins/com.st.stm32cube.ide.mcu.externaltools.gnu-tools-for-stm32.14.3.rel1.win32_1.0.100.202602081740/tools/bin/../lib/gcc/arm-none-eabi/14.3.1/../../../../arm-none-eabi/lib/thumb/v7e-m+fp/hard\libc_nano.a(libc_a-findfp.o)
                0x20008580                __sf
 *(COMMON)
                0x200086b8                        . = ALIGN (0x4)
                0x200086b8                        _ebss = .
                0x200086b8                        __bss_end__ = _ebss

._user_heap_stack
                0x200086b8      0x600 load address 0x0801c470
                0x200086b8                        . = ALIGN (0x8)
                [!provide]                        PROVIDE (end = .)
                0x200086b8                        PROVIDE (_end = .)
                0x200088b8                        . = (. + _Min_Heap_Size)
 *fill*         0x200086b8      0x200 
                0x20008cb8                        . = (. + _Min_Stack_Size)
 *fill*         0x200088b8      0x400 
                0x20008cb8                        . = ALIGN (0x8)

/DISCARD/
 libc.a(*)
 libm.a(*)
 libgcc.a(*)

.ARM.attributes
                0x00000000       0x30
 *(.ARM.attributes)
 .ARM.attributes
                0x00000000       0x22 C:/ST/STM32CubeIDE_2.1.0/STM32CubeIDE/plugins/com.st.stm32cube.ide.mcu.externaltools.gnu-tools-for-stm32.14.3.rel1.win32_1.0.100.202602081740/tools/bin/../lib/gcc/arm-none-eabi/14.3.1/thumb/v7e-m+fp/hard/crti.o
 .ARM.attributes
                0x00000022       0x34 C:/ST/STM32CubeIDE_2.1.0/STM32CubeIDE/plugins/com.st.stm32cube.ide.mcu.externaltools.gnu-tools-for-stm32.14.3.rel1.win32_1.0.100.202602081740/tools/bin/../lib/gcc/arm-none-eabi/14.3.1/thumb/v7e-m+fp/hard/crtbegin.o
 .ARM.attributes
                0x00000056       0x34 ./Core/Src/dma.o
 .ARM.attributes
                0x0000008a       0x34 ./Core/Src/freertos.o
 .ARM.attributes
                0x000000be       0x34 ./Core/Src/gpio.o
 .ARM.attributes
                0x000000f2       0x34 ./Core/Src/i2s.o
 .ARM.attributes
                0x00000126       0x34 ./Core/Src/main.o
 .ARM.attributes
                0x0000015a       0x34 ./Core/Src/spi.o
 .ARM.attributes
                0x0000018e       0x34 ./Core/Src/st7735.o
 .ARM.attributes
                0x000001c2       0x34 ./Core/Src/stm32f4xx_hal_msp.o
 .ARM.attributes
                0x000001f6       0x34 ./Core/Src/stm32f4xx_it.o
 .ARM.attributes
                0x0000022a       0x34 ./Core/Src/system_stm32f4xx.o
 .ARM.attributes
                0x0000025e       0x21 ./Core/Startup/startup_stm32f401ccux.o
 .ARM.attributes
                0x0000027f       0x34 ./Drivers/STM32F4xx_HAL_Driver/stm32f4xx_hal.o
 .ARM.attributes
                0x000002b3       0x34 ./Drivers/STM32F4xx_HAL_Driver/stm32f4xx_hal_cortex.o
 .ARM.attributes
                0x000002e7       0x34 ./Drivers/STM32F4xx_HAL_Driver/stm32f4xx_hal_dma.o
 .ARM.attributes
                0x0000031b       0x34 ./Drivers/STM32F4xx_HAL_Driver/stm32f4xx_hal_gpio.o
 .ARM.attributes
                0x0000034f       0x34 ./Drivers/STM32F4xx_HAL_Driver/stm32f4xx_hal_i2s.o
 .ARM.attributes
                0x00000383       0x34 ./Drivers/STM32F4xx_HAL_Driver/stm32f4xx_hal_i2s_ex.o
 .ARM.attributes
                0x000003b7       0x34 ./Drivers/STM32F4xx_HAL_Driver/stm32f4xx_hal_rcc.o
 .ARM.attributes
                0x000003eb       0x34 ./Drivers/STM32F4xx_HAL_Driver/stm32f4xx_hal_rcc_ex.o
 .ARM.attributes
                0x0000041f       0x34 ./Drivers/STM32F4xx_HAL_Driver/stm32f4xx_hal_spi.o
 .ARM.attributes
                0x00000453       0x34 ./Middlewares/FreeRTOS/cmsis_os2.o
 .ARM.attributes
                0x00000487       0x34 ./Middlewares/FreeRTOS/heap_4.o
 .ARM.attributes
                0x000004bb       0x34 ./Middlewares/FreeRTOS/list.o
 .ARM.attributes
                0x000004ef       0x34 ./Middlewares/FreeRTOS/port.o
 .ARM.attributes
                0x00000523       0x34 ./Middlewares/FreeRTOS/queue.o
 .ARM.attributes
                0x00000557       0x34 ./Middlewares/FreeRTOS/tasks.o
 .ARM.attributes
                0x0000058b       0x34 ./Middlewares/FreeRTOS/timers.o
 .ARM.attributes
                0x000005bf       0x34 F:\STM32CubeIDE\workspace_2.0.0\FFT-ST7735s\CMSIS\Lib\libarm_cortexM4lf_math.a(arm_mean_f32.o)
 .ARM.attributes
                0x000005f3       0x34 F:\STM32CubeIDE\workspace_2.0.0\FFT-ST7735s\CMSIS\Lib\libarm_cortexM4lf_math.a(arm_rfft_fast_init_f32.o)
 .ARM.attributes
                0x00000627       0x34 F:\STM32CubeIDE\workspace_2.0.0\FFT-ST7735s\CMSIS\Lib\libarm_cortexM4lf_math.a(arm_rfft_fast_f32.o)
 .ARM.attributes
                0x0000065b       0x34 F:\STM32CubeIDE\workspace_2.0.0\FFT-ST7735s\CMSIS\Lib\libarm_cortexM4lf_math.a(arm_cfft_f32.o)
 .ARM.attributes
                0x0000068f       0x34 F:\STM32CubeIDE\workspace_2.0.0\FFT-ST7735s\CMSIS\Lib\libarm_cortexM4lf_math.a(arm_bitreversal2.o)
 .ARM.attributes
                0x000006c3       0x34 F:\STM32CubeIDE\workspace_2.0.0\FFT-ST7735s\CMSIS\Lib\libarm_cortexM4lf_math.a(arm_cmplx_mag_f32.o)
 .ARM.attributes
                0x000006f7       0x34 F:\STM32CubeIDE\workspace_2.0.0\FFT-ST7735s\CMSIS\Lib\libarm_cortexM4lf_math.a(arm_offset_f32.o)
 .ARM.attributes
                0x0000072b       0x34 F:\STM32CubeIDE\workspace_2.0.0\FFT-ST7735s\CMSIS\Lib\libarm_cortexM4lf_math.a(arm_mult_f32.o)
 .ARM.attributes
                0x0000075f       0x39 F:\STM32CubeIDE\workspace_2.0.0\FFT-ST7735s\CMSIS\Lib\libarm_cortexM4lf_math.a(arm_common_tables.o)
 .ARM.attributes
                0x00000798       0x34 F:\STM32CubeIDE\workspace_2.0.0\FFT-ST7735s\CMSIS\Lib\libarm_cortexM4lf_math.a(arm_cfft_radix8_f32.o)
 .ARM.attributes
                0x000007cc       0x34 C:/ST/STM32CubeIDE_2.1.0/STM32CubeIDE/plugins/com.st.stm32cube.ide.mcu.externaltools.gnu-tools-for-stm32.14.3.rel1.win32_1.0.100.202602081740/tools/bin/../lib/gcc/arm-none-eabi/14.3.1/../../../../arm-none-eabi/lib/thumb/v7e-m+fp/hard\libc_nano.a(libc_a-findfp.o)
 .ARM.attributes
                0x00000800       0x34 C:/ST/STM32CubeIDE_2.1.0/STM32CubeIDE/plugins/com.st.stm32cube.ide.mcu.externaltools.gnu-tools-for-stm32.14.3.rel1.win32_1.0.100.202602081740/tools/bin/../lib/gcc/arm-none-eabi/14.3.1/../../../../arm-none-eabi/lib/thumb/v7e-m+fp/hard\libc_nano.a(libc_a-memset.o)
 .ARM.attributes
                0x00000834       0x34 C:/ST/STM32CubeIDE_2.1.0/STM32CubeIDE/plugins/com.st.stm32cube.ide.mcu.externaltools.gnu-tools-for-stm32.14.3.rel1.win32_1.0.100.202602081740/tools/bin/../lib/gcc/arm-none-eabi/14.3.1/../../../../arm-none-eabi/lib/thumb/v7e-m+fp/hard\libc_nano.a(libc_a-impure.o)
 .ARM.attributes
                0x00000868       0x34 C:/ST/STM32CubeIDE_2.1.0/STM32CubeIDE/plugins/com.st.stm32cube.ide.mcu.externaltools.gnu-tools-for-stm32.14.3.rel1.win32_1.0.100.202602081740/tools/bin/../lib/gcc/arm-none-eabi/14.3.1/../../../../arm-none-eabi/lib/thumb/v7e-m+fp/hard\libc_nano.a(libc_a-errno.o)
 .ARM.attributes
                0x0000089c       0x34 C:/ST/STM32CubeIDE_2.1.0/STM32CubeIDE/plugins/com.st.stm32cube.ide.mcu.externaltools.gnu-tools-for-stm32.14.3.rel1.win32_1.0.100.202602081740/tools/bin/../lib/gcc/arm-none-eabi/14.3.1/../../../../arm-none-eabi/lib/thumb/v7e-m+fp/hard\libc_nano.a(libc_a-init.o)
 .ARM.attributes
                0x000008d0       0x34 C:/ST/STM32CubeIDE_2.1.0/STM32CubeIDE/plugins/com.st.stm32cube.ide.mcu.externaltools.gnu-tools-for-stm32.14.3.rel1.win32_1.0.100.202602081740/tools/bin/../lib/gcc/arm-none-eabi/14.3.1/../../../../arm-none-eabi/lib/thumb/v7e-m+fp/hard\libc_nano.a(libc_a-memcpy-stub.o)
 .ARM.attributes
                0x00000904       0x34 C:/ST/STM32CubeIDE_2.1.0/STM32CubeIDE/plugins/com.st.stm32cube.ide.mcu.externaltools.gnu-tools-for-stm32.14.3.rel1.win32_1.0.100.202602081740/tools/bin/../lib/gcc/arm-none-eabi/14.3.1/../../../../arm-none-eabi/lib/thumb/v7e-m+fp/hard\libm.a(libm_a-wf_log10.o)
 .ARM.attributes
                0x00000938       0x34 C:/ST/STM32CubeIDE_2.1.0/STM32CubeIDE/plugins/com.st.stm32cube.ide.mcu.externaltools.gnu-tools-for-stm32.14.3.rel1.win32_1.0.100.202602081740/tools/bin/../lib/gcc/arm-none-eabi/14.3.1/../../../../arm-none-eabi/lib/thumb/v7e-m+fp/hard\libm.a(libm_a-wf_sqrt.o)
 .ARM.attributes
                0x0000096c       0x34 C:/ST/STM32CubeIDE_2.1.0/STM32CubeIDE/plugins/com.st.stm32cube.ide.mcu.externaltools.gnu-tools-for-stm32.14.3.rel1.win32_1.0.100.202602081740/tools/bin/../lib/gcc/arm-none-eabi/14.3.1/../../../../arm-none-eabi/lib/thumb/v7e-m+fp/hard\libm.a(libm_a-sf_cos.o)
 .ARM.attributes
                0x000009a0       0x34 C:/ST/STM32CubeIDE_2.1.0/STM32CubeIDE/plugins/com.st.stm32cube.ide.mcu.externaltools.gnu-tools-for-stm32.14.3.rel1.win32_1.0.100.202602081740/tools/bin/../lib/gcc/arm-none-eabi/14.3.1/../../../../arm-none-eabi/lib/thumb/v7e-m+fp/hard\libm.a(libm_a-sf_nan.o)
 .ARM.attributes
                0x000009d4       0x34 C:/ST/STM32CubeIDE_2.1.0/STM32CubeIDE/plugins/com.st.stm32cube.ide.mcu.externaltools.gnu-tools-for-stm32.14.3.rel1.win32_1.0.100.202602081740/tools/bin/../lib/gcc/arm-none-eabi/14.3.1/../../../../arm-none-eabi/lib/thumb/v7e-m+fp/hard\libm.a(libm_a-ef_sqrt.o)
 .ARM.attributes
                0x00000a08       0x34 C:/ST/STM32CubeIDE_2.1.0/STM32CubeIDE/plugins/com.st.stm32cube.ide.mcu.externaltools.gnu-tools-for-stm32.14.3.rel1.win32_1.0.100.202602081740/tools/bin/../lib/gcc/arm-none-eabi/14.3.1/../../../../arm-none-eabi/lib/thumb/v7e-m+fp/hard\libm.a(libm_a-kf_cos.o)
 .ARM.attributes
                0x00000a3c       0x34 C:/ST/STM32CubeIDE_2.1.0/STM32CubeIDE/plugins/com.st.stm32cube.ide.mcu.externaltools.gnu-tools-for-stm32.14.3.rel1.win32_1.0.100.202602081740/tools/bin/../lib/gcc/arm-none-eabi/14.3.1/../../../../arm-none-eabi/lib/thumb/v7e-m+fp/hard\libm.a(libm_a-kf_sin.o)
 .ARM.attributes
                0x00000a70       0x34 C:/ST/STM32CubeIDE_2.1.0/STM32CubeIDE/plugins/com.st.stm32cube.ide.mcu.externaltools.gnu-tools-for-stm32.14.3.rel1.win32_1.0.100.202602081740/tools/bin/../lib/gcc/arm-none-eabi/14.3.1/../../../../arm-none-eabi/lib/thumb/v7e-m+fp/hard\libm.a(libm_a-ef_log10.o)
 .ARM.attributes
                0x00000aa4       0x34 C:/ST/STM32CubeIDE_2.1.0/STM32CubeIDE/plugins/com.st.stm32cube.ide.mcu.externaltools.gnu-tools-for-stm32.14.3.rel1.win32_1.0.100.202602081740/tools/bin/../lib/gcc/arm-none-eabi/14.3.1/../../../../arm-none-eabi/lib/thumb/v7e-m+fp/hard\libm.a(libm_a-ef_rem_pio2.o)
 .ARM.attributes
                0x00000ad8       0x34 C:/ST/STM32CubeIDE_2.1.0/STM32CubeIDE/plugins/com.st.stm32cube.ide.mcu.externaltools.gnu-tools-for-stm32.14.3.rel1.win32_1.0.100.202602081740/tools/bin/../lib/gcc/arm-none-eabi/14.3.1/../../../../arm-none-eabi/lib/thumb/v7e-m+fp/hard\libm.a(libm_a-sf_fabs.o)
 .ARM.attributes
                0x00000b0c       0x34 C:/ST/STM32CubeIDE_2.1.0/STM32CubeIDE/plugins/com.st.stm32cube.ide.mcu.externaltools.gnu-tools-for-stm32.14.3.rel1.win32_1.0.100.202602081740/tools/bin/../lib/gcc/arm-none-eabi/14.3.1/../../../../arm-none-eabi/lib/thumb/v7e-m+fp/hard\libm.a(libm_a-kf_rem_pio2.o)
 .ARM.attributes
                0x00000b40       0x34 C:/ST/STM32CubeIDE_2.1.0/STM32CubeIDE/plugins/com.st.stm32cube.ide.mcu.externaltools.gnu-tools-for-stm32.14.3.rel1.win32_1.0.100.202602081740/tools/bin/../lib/gcc/arm-none-eabi/14.3.1/../../../../arm-none-eabi/lib/thumb/v7e-m+fp/hard\libm.a(libm_a-ef_log.o)
 .ARM.attributes
                0x00000b74       0x34 C:/ST/STM32CubeIDE_2.1.0/STM32CubeIDE/plugins/com.st.stm32cube.ide.mcu.externaltools.gnu-tools-for-stm32.14.3.rel1.win32_1.0.100.202602081740/tools/bin/../lib/gcc/arm-none-eabi/14.3.1/../../../../arm-none-eabi/lib/thumb/v7e-m+fp/hard\libm.a(libm_a-sf_scalbn.o)
 .ARM.attributes
                0x00000ba8       0x34 C:/ST/STM32CubeIDE_2.1.0/STM32CubeIDE/plugins/com.st.stm32cube.ide.mcu.externaltools.gnu-tools-for-stm32.14.3.rel1.win32_1.0.100.202602081740/tools/bin/../lib/gcc/arm-none-eabi/14.3.1/../../../../arm-none-eabi/lib/thumb/v7e-m+fp/hard\libm.a(libm_a-sf_floor.o)
 .ARM.attributes
                0x00000bdc       0x22 C:/ST/STM32CubeIDE_2.1.0/STM32CubeIDE/plugins/com.st.stm32cube.ide.mcu.externaltools.gnu-tools-for-stm32.14.3.rel1.win32_1.0.100.202602081740/tools/bin/../lib/gcc/arm-none-eabi/14.3.1/thumb/v7e-m+fp/hard\libgcc.a(_aeabi_uldivmod.o)
 .ARM.attributes
                0x00000bfe       0x34 C:/ST/STM32CubeIDE_2.1.0/STM32CubeIDE/plugins/com.st.stm32cube.ide.mcu.externaltools.gnu-tools-for-stm32.14.3.rel1.win32_1.0.100.202602081740/tools/bin/../lib/gcc/arm-none-eabi/14.3.1/thumb/v7e-m+fp/hard\libgcc.a(_udivmoddi4.o)
 .ARM.attributes
                0x00000c32       0x22 C:/ST/STM32CubeIDE_2.1.0/STM32CubeIDE/plugins/com.st.stm32cube.ide.mcu.externaltools.gnu-tools-for-stm32.14.3.rel1.win32_1.0.100.202602081740/tools/bin/../lib/gcc/arm-none-eabi/14.3.1/thumb/v7e-m+fp/hard\libgcc.a(_dvmd_tls.o)
 .ARM.attributes
                0x00000c54       0x22 C:/ST/STM32CubeIDE_2.1.0/STM32CubeIDE/plugins/com.st.stm32cube.ide.mcu.externaltools.gnu-tools-for-stm32.14.3.rel1.win32_1.0.100.202602081740/tools/bin/../lib/gcc/arm-none-eabi/14.3.1/thumb/v7e-m+fp/hard/crtn.o
OUTPUT(FFT-ST7735s.elf elf32-littlearm)
LOAD linker stubs
LOAD C:/ST/STM32CubeIDE_2.1.0/STM32CubeIDE/plugins/com.st.stm32cube.ide.mcu.externaltools.gnu-tools-for-stm32.14.3.rel1.win32_1.0.100.202602081740/tools/bin/../lib/gcc/arm-none-eabi/14.3.1/../../../../arm-none-eabi/lib/thumb/v7e-m+fp/hard\libc.a
LOAD C:/ST/STM32CubeIDE_2.1.0/STM32CubeIDE/plugins/com.st.stm32cube.ide.mcu.externaltools.gnu-tools-for-stm32.14.3.rel1.win32_1.0.100.202602081740/tools/bin/../lib/gcc/arm-none-eabi/14.3.1/../../../../arm-none-eabi/lib/thumb/v7e-m+fp/hard\libm.a
LOAD C:/ST/STM32CubeIDE_2.1.0/STM32CubeIDE/plugins/com.st.stm32cube.ide.mcu.externaltools.gnu-tools-for-stm32.14.3.rel1.win32_1.0.100.202602081740/tools/bin/../lib/gcc/arm-none-eabi/14.3.1/thumb/v7e-m+fp/hard\libgcc.a

.debug_info     0x00000000    0x1f930
 .debug_info    0x00000000      0x43f ./Core/Src/dma.o
 .debug_info    0x0000043f      0x84f ./Core/Src/freertos.o
 .debug_info    0x00000c8e      0x433 ./Core/Src/gpio.o
 .debug_info    0x000010c1      0xa83 ./Core/Src/i2s.o
 .debug_info    0x00001b44      0xd7b ./Core/Src/main.o
 .debug_info    0x000028bf      0x980 ./Core/Src/spi.o
 .debug_info    0x0000323f      0xcd5 ./Core/Src/st7735.o
 .debug_info    0x00003f14      0x449 ./Core/Src/stm32f4xx_hal_msp.o
 .debug_info    0x0000435d      0x3c7 ./Core/Src/stm32f4xx_it.o
 .debug_info    0x00004724      0x53e ./Core/Src/system_stm32f4xx.o
 .debug_info    0x00004c62       0x30 ./Core/Startup/startup_stm32f401ccux.o
 .debug_info    0x00004c92      0x8bb ./Drivers/STM32F4xx_HAL_Driver/stm32f4xx_hal.o
 .debug_info    0x0000554d      0xcf6 ./Drivers/STM32F4xx_HAL_Driver/stm32f4xx_hal_cortex.o
 .debug_info    0x00006243      0x8e6 ./Drivers/STM32F4xx_HAL_Driver/stm32f4xx_hal_dma.o
 .debug_info    0x00006b29      0x6f9 ./Drivers/STM32F4xx_HAL_Driver/stm32f4xx_hal_gpio.o
 .debug_info    0x00007222      0xe07 ./Drivers/STM32F4xx_HAL_Driver/stm32f4xx_hal_i2s.o
 .debug_info    0x00008029      0xab3 ./Drivers/STM32F4xx_HAL_Driver/stm32f4xx_hal_i2s_ex.o
 .debug_info    0x00008adc      0x905 ./Drivers/STM32F4xx_HAL_Driver/stm32f4xx_hal_rcc.o
 .debug_info    0x000093e1      0x570 ./Drivers/STM32F4xx_HAL_Driver/stm32f4xx_hal_rcc_ex.o
 .debug_info    0x00009951     0x1530 ./Drivers/STM32F4xx_HAL_Driver/stm32f4xx_hal_spi.o
 .debug_info    0x0000ae81     0x39bc ./Middlewares/FreeRTOS/cmsis_os2.o
 .debug_info    0x0000e83d      0x4d5 ./Middlewares/FreeRTOS/heap_4.o
 .debug_info    0x0000ed12      0x2af ./Middlewares/FreeRTOS/list.o
 .debug_info    0x0000efc1      0x4de ./Middlewares/FreeRTOS/port.o
 .debug_info    0x0000f49f     0x1b79 ./Middlewares/FreeRTOS/queue.o
 .debug_info    0x00011018     0x21ec ./Middlewares/FreeRTOS/tasks.o
 .debug_info    0x00013204     0x1488 ./Middlewares/FreeRTOS/timers.o
 .debug_info    0x0001468c      0xae8 F:\STM32CubeIDE\workspace_2.0.0\FFT-ST7735s\CMSIS\Lib\libarm_cortexM4lf_math.a(arm_mean_f32.o)
 .debug_info    0x00015174     0x192a F:\STM32CubeIDE\workspace_2.0.0\FFT-ST7735s\CMSIS\Lib\libarm_cortexM4lf_math.a(arm_rfft_fast_init_f32.o)
 .debug_info    0x00016a9e      0xf91 F:\STM32CubeIDE\workspace_2.0.0\FFT-ST7735s\CMSIS\Lib\libarm_cortexM4lf_math.a(arm_rfft_fast_f32.o)
 .debug_info    0x00017a2f     0x1c5b F:\STM32CubeIDE\workspace_2.0.0\FFT-ST7735s\CMSIS\Lib\libarm_cortexM4lf_math.a(arm_cfft_f32.o)
 .debug_info    0x0001968a     0x16a6 F:\STM32CubeIDE\workspace_2.0.0\FFT-ST7735s\CMSIS\Lib\libarm_cortexM4lf_math.a(arm_bitreversal2.o)
 .debug_info    0x0001ad30      0xcba F:\STM32CubeIDE\workspace_2.0.0\FFT-ST7735s\CMSIS\Lib\libarm_cortexM4lf_math.a(arm_cmplx_mag_f32.o)
 .debug_info    0x0001b9ea      0xaf4 F:\STM32CubeIDE\workspace_2.0.0\FFT-ST7735s\CMSIS\Lib\libarm_cortexM4lf_math.a(arm_offset_f32.o)
 .debug_info    0x0001c4de      0xaf4 F:\STM32CubeIDE\workspace_2.0.0\FFT-ST7735s\CMSIS\Lib\libarm_cortexM4lf_math.a(arm_mult_f32.o)
 .debug_info    0x0001cfd2     0x1a84 F:\STM32CubeIDE\workspace_2.0.0\FFT-ST7735s\CMSIS\Lib\libarm_cortexM4lf_math.a(arm_common_tables.o)
 .debug_info    0x0001ea56      0xeda F:\STM32CubeIDE\workspace_2.0.0\FFT-ST7735s\CMSIS\Lib\libarm_cortexM4lf_math.a(arm_cfft_radix8_f32.o)

.debug_abbrev   0x00000000     0x5220
 .debug_abbrev  0x00000000      0x10e ./Core/Src/dma.o
 .debug_abbrev  0x0000010e      0x21b ./Core/Src/freertos.o
 .debug_abbrev  0x00000329      0x151 ./Core/Src/gpio.o
 .debug_abbrev  0x0000047a      0x201 ./Core/Src/i2s.o
 .debug_abbrev  0x0000067b      0x29e ./Core/Src/main.o
 .debug_abbrev  0x00000919      0x1f8 ./Core/Src/spi.o
 .debug_abbrev  0x00000b11      0x2aa ./Core/Src/st7735.o
 .debug_abbrev  0x00000dbb      0x119 ./Core/Src/stm32f4xx_hal_msp.o
 .debug_abbrev  0x00000ed4      0x14d ./Core/Src/stm32f4xx_it.o
 .debug_abbrev  0x00001021      0x11a ./Core/Src/system_stm32f4xx.o
 .debug_abbrev  0x0000113b       0x24 ./Core/Startup/startup_stm32f401ccux.o
 .debug_abbrev  0x0000115f      0x24b ./Drivers/STM32F4xx_HAL_Driver/stm32f4xx_hal.o
 .debug_abbrev  0x000013aa      0x31d ./Drivers/STM32F4xx_HAL_Driver/stm32f4xx_hal_cortex.o
 .debug_abbrev  0x000016c7      0x221 ./Drivers/STM32F4xx_HAL_Driver/stm32f4xx_hal_dma.o
 .debug_abbrev  0x000018e8      0x1d3 ./Drivers/STM32F4xx_HAL_Driver/stm32f4xx_hal_gpio.o
 .debug_abbrev  0x00001abb      0x26c ./Drivers/STM32F4xx_HAL_Driver/stm32f4xx_hal_i2s.o
 .debug_abbrev  0x00001d27      0x285 ./Drivers/STM32F4xx_HAL_Driver/stm32f4xx_hal_i2s_ex.o
 .debug_abbrev  0x00001fac      0x2b6 ./Drivers/STM32F4xx_HAL_Driver/stm32f4xx_hal_rcc.o
 .debug_abbrev  0x00002262      0x1b0 ./Drivers/STM32F4xx_HAL_Driver/stm32f4xx_hal_rcc_ex.o
 .debug_abbrev  0x00002412      0x276 ./Drivers/STM32F4xx_HAL_Driver/stm32f4xx_hal_spi.o
 .debug_abbrev  0x00002688      0x508 ./Middlewares/FreeRTOS/cmsis_os2.o
 .debug_abbrev  0x00002b90      0x21d ./Middlewares/FreeRTOS/heap_4.o
 .debug_abbrev  0x00002dad       0xf5 ./Middlewares/FreeRTOS/list.o
 .debug_abbrev  0x00002ea2      0x25c ./Middlewares/FreeRTOS/port.o
 .debug_abbrev  0x000030fe      0x3b6 ./Middlewares/FreeRTOS/queue.o
 .debug_abbrev  0x000034b4      0x386 ./Middlewares/FreeRTOS/tasks.o
 .debug_abbrev  0x0000383a      0x352 ./Middlewares/FreeRTOS/timers.o
 .debug_abbrev  0x00003b8c      0x210 F:\STM32CubeIDE\workspace_2.0.0\FFT-ST7735s\CMSIS\Lib\libarm_cortexM4lf_math.a(arm_mean_f32.o)
 .debug_abbrev  0x00003d9c      0x2a0 F:\STM32CubeIDE\workspace_2.0.0\FFT-ST7735s\CMSIS\Lib\libarm_cortexM4lf_math.a(arm_rfft_fast_init_f32.o)
 .debug_abbrev  0x0000403c      0x2b8 F:\STM32CubeIDE\workspace_2.0.0\FFT-ST7735s\CMSIS\Lib\libarm_cortexM4lf_math.a(arm_rfft_fast_f32.o)
 .debug_abbrev  0x000042f4      0x2e0 F:\STM32CubeIDE\workspace_2.0.0\FFT-ST7735s\CMSIS\Lib\libarm_cortexM4lf_math.a(arm_cfft_f32.o)
 .debug_abbrev  0x000045d4      0x206 F:\STM32CubeIDE\workspace_2.0.0\FFT-ST7735s\CMSIS\Lib\libarm_cortexM4lf_math.a(arm_bitreversal2.o)
 .debug_abbrev  0x000047da      0x288 F:\STM32CubeIDE\workspace_2.0.0\FFT-ST7735s\CMSIS\Lib\libarm_cortexM4lf_math.a(arm_cmplx_mag_f32.o)
 .debug_abbrev  0x00004a62      0x1eb F:\STM32CubeIDE\workspace_2.0.0\FFT-ST7735s\CMSIS\Lib\libarm_cortexM4lf_math.a(arm_offset_f32.o)
 .debug_abbrev  0x00004c4d      0x1eb F:\STM32CubeIDE\workspace_2.0.0\FFT-ST7735s\CMSIS\Lib\libarm_cortexM4lf_math.a(arm_mult_f32.o)
 .debug_abbrev  0x00004e38      0x1dd F:\STM32CubeIDE\workspace_2.0.0\FFT-ST7735s\CMSIS\Lib\libarm_cortexM4lf_math.a(arm_common_tables.o)
 .debug_abbrev  0x00005015      0x20b F:\STM32CubeIDE\workspace_2.0.0\FFT-ST7735s\CMSIS\Lib\libarm_cortexM4lf_math.a(arm_cfft_radix8_f32.o)

.debug_aranges  0x00000000     0x1378
 .debug_aranges
                0x00000000       0x20 ./Core/Src/dma.o
 .debug_aranges
                0x00000020       0x38 ./Core/Src/freertos.o
 .debug_aranges
                0x00000058       0x20 ./Core/Src/gpio.o
 .debug_aranges
                0x00000078       0x30 ./Core/Src/i2s.o
 .debug_aranges
                0x000000a8       0x48 ./Core/Src/main.o
 .debug_aranges
                0x000000f0       0x30 ./Core/Src/spi.o
 .debug_aranges
                0x00000120       0xa8 ./Core/Src/st7735.o
 .debug_aranges
                0x000001c8       0x20 ./Core/Src/stm32f4xx_hal_msp.o
 .debug_aranges
                0x000001e8       0x58 ./Core/Src/stm32f4xx_it.o
 .debug_aranges
                0x00000240       0x28 ./Core/Src/system_stm32f4xx.o
 .debug_aranges
                0x00000268       0x28 ./Core/Startup/startup_stm32f401ccux.o
 .debug_aranges
                0x00000290       0xf0 ./Drivers/STM32F4xx_HAL_Driver/stm32f4xx_hal.o
 .debug_aranges
                0x00000380      0x130 ./Drivers/STM32F4xx_HAL_Driver/stm32f4xx_hal_cortex.o
 .debug_aranges
                0x000004b0       0x90 ./Drivers/STM32F4xx_HAL_Driver/stm32f4xx_hal_dma.o
 .debug_aranges
                0x00000540       0x58 ./Drivers/STM32F4xx_HAL_Driver/stm32f4xx_hal_gpio.o
 .debug_aranges
                0x00000598      0x108 ./Drivers/STM32F4xx_HAL_Driver/stm32f4xx_hal_i2s.o
 .debug_aranges
                0x000006a0       0x88 ./Drivers/STM32F4xx_HAL_Driver/stm32f4xx_hal_i2s_ex.o
 .debug_aranges
                0x00000728       0x88 ./Drivers/STM32F4xx_HAL_Driver/stm32f4xx_hal_rcc.o
 .debug_aranges
                0x000007b0       0x48 ./Drivers/STM32F4xx_HAL_Driver/stm32f4xx_hal_rcc_ex.o
 .debug_aranges
                0x000007f8      0x1d0 ./Drivers/STM32F4xx_HAL_Driver/stm32f4xx_hal_spi.o
 .debug_aranges
                0x000009c8      0x2a8 ./Middlewares/FreeRTOS/cmsis_os2.o
 .debug_aranges
                0x00000c70       0x58 ./Middlewares/FreeRTOS/heap_4.o
 .debug_aranges
                0x00000cc8       0x40 ./Middlewares/FreeRTOS/list.o
 .debug_aranges
                0x00000d08       0x80 ./Middlewares/FreeRTOS/port.o
 .debug_aranges
                0x00000d88      0x158 ./Middlewares/FreeRTOS/queue.o
 .debug_aranges
                0x00000ee0      0x208 ./Middlewares/FreeRTOS/tasks.o
 .debug_aranges
                0x000010e8       0xf0 ./Middlewares/FreeRTOS/timers.o
 .debug_aranges
                0x000011d8       0x20 F:\STM32CubeIDE\workspace_2.0.0\FFT-ST7735s\CMSIS\Lib\libarm_cortexM4lf_math.a(arm_mean_f32.o)
 .debug_aranges
                0x000011f8       0x60 F:\STM32CubeIDE\workspace_2.0.0\FFT-ST7735s\CMSIS\Lib\libarm_cortexM4lf_math.a(arm_rfft_fast_init_f32.o)
 .debug_aranges
                0x00001258       0x30 F:\STM32CubeIDE\workspace_2.0.0\FFT-ST7735s\CMSIS\Lib\libarm_cortexM4lf_math.a(arm_rfft_fast_f32.o)
 .debug_aranges
                0x00001288       0x30 F:\STM32CubeIDE\workspace_2.0.0\FFT-ST7735s\CMSIS\Lib\libarm_cortexM4lf_math.a(arm_cfft_f32.o)
 .debug_aranges
                0x000012b8       0x28 F:\STM32CubeIDE\workspace_2.0.0\FFT-ST7735s\CMSIS\Lib\libarm_cortexM4lf_math.a(arm_bitreversal2.o)
 .debug_aranges
                0x000012e0       0x20 F:\STM32CubeIDE\workspace_2.0.0\FFT-ST7735s\CMSIS\Lib\libarm_cortexM4lf_math.a(arm_cmplx_mag_f32.o)
 .debug_aranges
                0x00001300       0x20 F:\STM32CubeIDE\workspace_2.0.0\FFT-ST7735s\CMSIS\Lib\libarm_cortexM4lf_math.a(arm_offset_f32.o)
 .debug_aranges
                0x00001320       0x20 F:\STM32CubeIDE\workspace_2.0.0\FFT-ST7735s\CMSIS\Lib\libarm_cortexM4lf_math.a(arm_mult_f32.o)
 .debug_aranges
                0x00001340       0x18 F:\STM32CubeIDE\workspace_2.0.0\FFT-ST7735s\CMSIS\Lib\libarm_cortexM4lf_math.a(arm_common_tables.o)
 .debug_aranges
                0x00001358       0x20 F:\STM32CubeIDE\workspace_2.0.0\FFT-ST7735s\CMSIS\Lib\libarm_cortexM4lf_math.a(arm_cfft_radix8_f32.o)

.debug_rnglists
                0x00000000      0xd78
 .debug_rnglists
                0x00000000       0x13 ./Core/Src/dma.o
 .debug_rnglists
                0x00000013       0x27 ./Core/Src/freertos.o
 .debug_rnglists
                0x0000003a       0x14 ./Core/Src/gpio.o
 .debug_rnglists
                0x0000004e       0x20 ./Core/Src/i2s.o
 .debug_rnglists
                0x0000006e       0x33 ./Core/Src/main.o
 .debug_rnglists
                0x000000a1       0x20 ./Core/Src/spi.o
 .debug_rnglists
                0x000000c1       0x7f ./Core/Src/st7735.o
 .debug_rnglists
                0x00000140       0x13 ./Core/Src/stm32f4xx_hal_msp.o
 .debug_rnglists
                0x00000153       0x3d ./Core/Src/stm32f4xx_it.o
 .debug_rnglists
                0x00000190       0x1a ./Core/Src/system_stm32f4xx.o
 .debug_rnglists
                0x000001aa       0x19 ./Core/Startup/startup_stm32f401ccux.o
 .debug_rnglists
                0x000001c3       0xaf ./Drivers/STM32F4xx_HAL_Driver/stm32f4xx_hal.o
 .debug_rnglists
                0x00000272       0xe0 ./Drivers/STM32F4xx_HAL_Driver/stm32f4xx_hal_cortex.o
 .debug_rnglists
                0x00000352       0x70 ./Drivers/STM32F4xx_HAL_Driver/stm32f4xx_hal_dma.o
 .debug_rnglists
                0x000003c2       0x3f ./Drivers/STM32F4xx_HAL_Driver/stm32f4xx_hal_gpio.o
 .debug_rnglists
                0x00000401       0xcc ./Drivers/STM32F4xx_HAL_Driver/stm32f4xx_hal_i2s.o
 .debug_rnglists
                0x000004cd       0x6a ./Drivers/STM32F4xx_HAL_Driver/stm32f4xx_hal_i2s_ex.o
 .debug_rnglists