../Core/Src/ssd1306.c:27:6:ssd1306_Reset	0	static
../Core/Src/ssd1306.c:32:6:ssd1306_WriteCommand	32	static
../Core/Src/ssd1306.c:37:6:ssd1306_WriteData	24	static
../Core/Src/ssd1306.c:163:6:ssd1306_Fill	0	static
../Core/Src/ssd1306.c:173:17:ssd1306_FillBuffer	8	static
../Core/Src/ssd1306.c:184:6:ssd1306_UpdateScreen	48	static
../Core/Src/ssd1306.c:52:6:ssd1306_Init	56	static
../Core/Src/ssd1306.c:216:6:ssd1306_DrawPixel	4	static
../Core/Src/ssd1306.c:233:6:ssd1306_SetCursor	0	static
../Core/Src/ssd1306.c:239:6:ssd1306_Line	56	static
../Core/Src/ssd1306.c:267:6:ssd1306_DrawRectangle	32	static
../Core/Src/ssd1306.c:278:6:ssd1306_FillRectangle	32	static
../Core/Src/ssd1306.c:294:6:ssd1306_DrawBitmap	56	static
../Core/Src/ssd1306.c:329:6:ssd1306_SetContrast	48	static
../Core/Src/ssd1306.c:336:6:ssd1306_SetDisplayOn	32	static
../Core/Src/ssd1306.c:349:9:ssd1306_GetDisplayOn	0	static
../Core/Src/ssd1306.c:366:6:ssd1306_Polyline	32	static
../Core/Src/ssd1306.c:401:6:ssd1306_DrawArc	88	static
../Core/Src/ssd1306.c:441:6:ssd1306_DrawArcWithRadiusLine	96	static
../Core/Src/ssd1306.c:484:6:ssd1306_DrawCircle	48	static
../Core/Src/ssd1306.c:519:6:ssd1306_FillCircle	56	static
